MPLINK 4.13, Linker
Linker Map File - Created Sat Apr 28 14:55:43 2018

                                 Section Info
                  Section       Type    Address   Location Size(Bytes)
                ---------  ---------  ---------  ---------  ---------
               _entry_scn       code   0x000000    program   0x000006
              high_vector       code   0x000008    program   0x00000c
               low_vector       code   0x000018    program   0x00000c
                   .cinit    romdata   0x000030    program   0x00001a
     .code_SysBluetooth.o       code   0x00004a    program   0x001f7a
     .code_AppBluetooth.o       code   0x001fc4    program   0x000890
         .code_BootLoad.o       code   0x002854    program   0x00069e
.code_DrvUsart_18F67J10.o       code   0x002ef2    program   0x000516
.code_DrvLCD_OPTO1140GG.o       code   0x003408    program   0x00036a
  .romdata_SysBluetooth.o    romdata   0x003772    program   0x00035d
        .romdata___init.o    romdata   0x003acf    program   0x000000
    .romdata_DrvMdxP600.o    romdata   0x003acf    program   0x000000
    .idata_DrvPan1026.o_i    romdata   0x003acf    program   0x000000
    .romdata_DrvPan1026.o    romdata   0x003acf    program   0x000000
.idata_DrvInt_18F67J10.o_i    romdata   0x003acf    program   0x000000
.romdata_DrvInt_18F67J10.o    romdata   0x003acf    program   0x000000
        .idata___init.o_i    romdata   0x003acf    program   0x000000
    .romdata_SysDisplay.o    romdata   0x003acf    program   0x000000
        .idata_DrvKey.o_i    romdata   0x003acf    program   0x000000
        .romdata_DrvKey.o    romdata   0x003acf    program   0x000000
.idata_DrvLCD_OPTO1140GG.o_i    romdata   0x003acf    program   0x000000
.romdata_DrvLCD_OPTO1140GG.o    romdata   0x003acf    program   0x000000
    .idata_SysDisplay.o_i    romdata   0x003acf    program   0x000000
       .idata_DrvLoad.o_i    romdata   0x003acf    program   0x000000
       .romdata_DrvLoad.o    romdata   0x003acf    program   0x000000
.idata_DrvSsp_18F67J10.o_i    romdata   0x003acf    program   0x000000
.romdata_DrvSsp_18F67J10.o    romdata   0x003acf    program   0x000000
.idata_DrvTimer_18F67J10.o_i    romdata   0x003acf    program   0x000000
.romdata_DrvTimer_18F67J10.o    romdata   0x003acf    program   0x000000
.idata_DrvConfigBoard.o_i    romdata   0x003acf    program   0x000000
.romdata_DrvConfigBoard.o    romdata   0x003acf    program   0x000000
       .idata_c018i_e.o_i    romdata   0x003acf    program   0x000000
       .romdata_c018i_e.o    romdata   0x003acf    program   0x000000
       .idata_Font6x8.o_i    romdata   0x003acf    program   0x000000
          .idata_Main.o_i    romdata   0x003acf    program   0x000000
          .romdata_Main.o    romdata   0x003acf    program   0x000000
       .idata_ChkSCod.o_i    romdata   0x003acf    program   0x000000
       .romdata_ChkSCod.o    romdata   0x003acf    program   0x000000
      .idata_BootLoad.o_i    romdata   0x003acf    program   0x000001
       .romdata_AppData.o    romdata   0x003acf    program   0x000000
.idata_DrvEeprom_25AA320.o_i    romdata   0x003acf    program   0x000000
.romdata_DrvEeprom_25AA320.o    romdata   0x003acf    program   0x000000
    .idata_DrvMdxP600.o_i    romdata   0x003acf    program   0x000000
.romdata_DrvUsart_18F67J10.o    romdata   0x003acf    program   0x000000
.idata_DrvUsart_18F67J10.o_i    romdata   0x003acf    program   0x000000
.code_DrvEeprom_25AA320.o       code   0x003ad0    program   0x0002ba
                   STRING       code   0x003d8a    program   0x000270
                     PROG       code   0x003ffa    program   0x000244
.code_DrvTimer_18F67J10.o       code   0x00423e    program   0x000222
  .code_DrvInt_18F67J10.o       code   0x004460    program   0x00020c
       .code_SysDisplay.o       code   0x00466c    program   0x0001ee
       .romdata_Font6x8.o    romdata   0x00485a    program   0x0001e0
             .code_Main.o       code   0x004a3a    program   0x000162
               _cinit_scn       code   0x004b9c    program   0x00009e
          .code_ChkSCod.o       code   0x004c3a    program   0x000090
  .romdata_AppBluetooth.o    romdata   0x004cca    program   0x00008c
           .code_DrvKey.o       code   0x004d56    program   0x000058
  .code_DrvSsp_18F67J10.o       code   0x004dae    program   0x000040
      .romdata_BootLoad.o    romdata   0x004dee    program   0x00002e
   .code_DrvConfigBoard.o       code   0x004e1c    program   0x00002e
       .code_DrvPan1026.o       code   0x004e4a    program   0x000020
             _startup_scn       code   0x004e6a    program   0x00001a
          .code_DrvLoad.o       code   0x004e84    program   0x00000e
                    .code       code   0x004e92    program   0x00000e
             .stringtable    romdata   0x004ea0    program   0x00000c
       .code_DrvMdxP600.o       code   0x004eac    program   0x000004
           .code___init.o       code   0x004eb0    program   0x000002
  .idata_SysBluetooth.o_i    romdata   0x004eb2    program   0x000031
       .idata_AppData.o_i    romdata   0x004ee3    program   0x000000
  .idata_AppBluetooth.o_i    romdata   0x004ee3    program   0x000000
          .code_Font6x8.o       code   0x004ee4    program   0x000000
          .code_c018i_e.o       code   0x004ee4    program   0x000000
          .code_AppData.o       code   0x004ee4    program   0x000000
.config_1fff8_DrvMdxP600.o    romdata   0x01fff8    program   0x000001
.config_1fff9_DrvMdxP600.o    romdata   0x01fff9    program   0x000001
.config_1fffa_DrvMdxP600.o    romdata   0x01fffa    program   0x000001
.config_1fffb_DrvMdxP600.o    romdata   0x01fffb    program   0x000001
.config_1fffd_DrvMdxP600.o    romdata   0x01fffd    program   0x000001
        .udata_BootLoad.o      udata   0x000000       data   0x000057
                 .tmpdata      udata   0x000057       data   0x000009
    .udata_AppBluetooth.o      udata   0x000060       data   0x0000a0
       GlobalBTDataBuffer      udata   0x000100       data   0x000100
         .udata_AppData.o      udata   0x000a00       data   0x0001ce
    .idata_SysBluetooth.o      idata   0x000bce       data   0x000031
        .idata_BootLoad.o      idata   0x000bff       data   0x000001
                   .stack      udata   0x000d00       data   0x000100
         .udata_c018i_e.o      udata   0x000e00       data   0x00000a
          .udata_DrvKey.o      udata   0x000e0a       data   0x000007
          .udata___init.o      udata   0x000e11       data   0x000000
         .idata_c018i_e.o      idata   0x000e11       data   0x000000
      .idata_SysDisplay.o      idata   0x000e11       data   0x000000
      .udata_SysDisplay.o      udata   0x000e11       data   0x000000
  .idata_DrvConfigBoard.o      idata   0x000e11       data   0x000000
  .udata_DrvConfigBoard.o      udata   0x000e11       data   0x000000
.idata_DrvTimer_18F67J10.o      idata   0x000e11       data   0x000000
 .idata_DrvSsp_18F67J10.o      idata   0x000e11       data   0x000000
 .udata_DrvSsp_18F67J10.o      udata   0x000e11       data   0x000000
         .idata_DrvLoad.o      idata   0x000e11       data   0x000000
         .udata_DrvLoad.o      udata   0x000e11       data   0x000000
.idata_DrvLCD_OPTO1140GG.o      idata   0x000e11       data   0x000000
.udata_DrvLCD_OPTO1140GG.o      udata   0x000e11       data   0x000000
          .idata_DrvKey.o      idata   0x000e11       data   0x000000
          .idata___init.o      idata   0x000e11       data   0x000000
         .idata_ChkSCod.o      idata   0x000e11       data   0x000000
         .udata_ChkSCod.o      udata   0x000e11       data   0x000000
            .idata_Main.o      idata   0x000e11       data   0x000000
            .udata_Main.o      udata   0x000e11       data   0x000000
         .idata_AppData.o      idata   0x000e11       data   0x000000
         .idata_Font6x8.o      idata   0x000e11       data   0x000000
         .udata_Font6x8.o      udata   0x000e11       data   0x000000
    .idata_AppBluetooth.o      idata   0x000e11       data   0x000000
.udata_DrvEeprom_25AA320.o      udata   0x000e11       data   0x000000
.idata_DrvEeprom_25AA320.o      idata   0x000e11       data   0x000000
.idata_DrvUsart_18F67J10.o      idata   0x000e11       data   0x000000
      .udata_DrvMdxP600.o      udata   0x000e11       data   0x000000
      .idata_DrvMdxP600.o      idata   0x000e11       data   0x000000
      .udata_DrvPan1026.o      udata   0x000e11       data   0x000000
      .idata_DrvPan1026.o      idata   0x000e11       data   0x000000
 .udata_DrvInt_18F67J10.o      udata   0x000e11       data   0x000000
 .idata_DrvInt_18F67J10.o      idata   0x000e11       data   0x000000
    .udata_SysBluetooth.o      udata   0x000f00       data   0x00003f
.udata_DrvUsart_18F67J10.o      udata   0x000f3f       data   0x000010
.udata_DrvTimer_18F67J10.o      udata   0x000f4f       data   0x00000d
                MATH_DATA      udata   0x000f5c       data   0x000004
            SFR_UNBANKED0      udata   0x000f62       data   0x00009e



                              Program Memory Usage 
                               Start         End      
                           ---------   ---------      
                            0x000000    0x000005      
                            0x000008    0x000013      
                            0x000018    0x000023      
                            0x000030    0x004ee2      
                            0x01fff8    0x01fffb      
                            0x01fffd    0x01fffd      
            20182 out of 131066 program addresses used, program memory utilization is 15%



                              Symbols - Sorted by Name
                     Name    Address   Location    Storage File                     
                ---------  ---------  ---------  --------- ---------                
       AppCheckSerialPort   0x00202a    program     extern C:\CBT\CBT-300 bootloader\Application\AppBluetooth.c
                  AppInit   0x004a3a    program     extern C:\CBT\CBT-300 bootloader\Application\Main.c
            AsciiToBinary   0x002e52    program     extern C:\CBT\CBT-300 bootloader\Application\BootLoad.c
          BTAdjustAddress   0x003ac9    program     extern C:\CBT\CBT-300 bootloader\System\SysBluetooth.c
        BTConnectComplete   0x004d1c    program     extern C:\CBT\CBT-300 bootloader\Application\AppBluetooth.c
         BTInitializeChar   0x004cca    program     extern C:\CBT\CBT-300 bootloader\Application\AppBluetooth.c
               BTPairChar   0x004cfc    program     extern C:\CBT\CBT-300 bootloader\Application\AppBluetooth.c
          BTPleaseConnect   0x004ced    program     extern C:\CBT\CBT-300 bootloader\Application\AppBluetooth.c
             BTPleaseWait   0x004ce1    program     extern C:\CBT\CBT-300 bootloader\Application\AppBluetooth.c
              BTReadyChar   0x004cd8    program     extern C:\CBT\CBT-300 bootloader\Application\AppBluetooth.c
       BTReadyForUpdating   0x004d09    program     extern C:\CBT\CBT-300 bootloader\Application\AppBluetooth.c
     BTWaitingForUpdating   0x004d29    program     extern C:\CBT\CBT-300 bootloader\Application\AppBluetooth.c
           BlueToothState   0x0020c8    program     extern C:\CBT\CBT-300 bootloader\Application\AppBluetooth.c
    BlueToothStatemachine   0x00004a    program     extern C:\CBT\CBT-300 bootloader\System\SysBluetooth.c
        BluetoothSendData   0x002718    program     extern C:\CBT\CBT-300 bootloader\Application\AppBluetooth.c
                 BootLoad   0x002896    program     extern C:\CBT\CBT-300 bootloader\Application\BootLoad.c
           BootLoaderText   0x004dee    program     extern C:\CBT\CBT-300 bootloader\Application\BootLoad.c
               ChkSumCode   0x004c3a    program     extern C:\CBT\CBT-300 bootloader\Application\ChkSCod.c
             Clear_Screen   0x0034d8    program     extern C:\CBT\CBT-300 bootloader\Drivers\DrvLCD_OPTO1140GG.c
             Command_Boot   0x004d42    program     extern C:\CBT\CBT-300 bootloader\Application\AppBluetooth.c
               Command_VS   0x004d3e    program     extern C:\CBT\CBT-300 bootloader\Application\AppBluetooth.c
                 DelayXms   0x003446    program     extern C:\CBT\CBT-300 bootloader\Drivers\DrvLCD_OPTO1140GG.c
                 DelayXus   0x003416    program     extern C:\CBT\CBT-300 bootloader\Drivers\DrvLCD_OPTO1140GG.c
         DisplayRomString   0x002854    program     extern C:\CBT\CBT-300 bootloader\Application\BootLoad.c
          DisplayString_S   0x004724    program     extern C:\CBT\CBT-300 bootloader\System\SysDisplay.c
    Display_Graphic_12X16   0x00368c    program     extern C:\CBT\CBT-300 bootloader\Drivers\DrvLCD_OPTO1140GG.c
     Display_Graphic_6X16   0x003626    program     extern C:\CBT\CBT-300 bootloader\Drivers\DrvLCD_OPTO1140GG.c
      Display_Graphic_6X8   0x0036dc    program     extern C:\CBT\CBT-300 bootloader\Drivers\DrvLCD_OPTO1140GG.c
      Display_Graphic_8X8   0x0035e4    program     extern C:\CBT\CBT-300 bootloader\Drivers\DrvLCD_OPTO1140GG.c
            DrvCBT300Init   0x004eac    program     extern C:\CBT\CBT-300 bootloader\Drivers\DrvMdxP600.c
        DrvConfigBoardGet   0x004e24    program     extern C:\CBT\CBT-300 bootloader\Drivers\DrvConfigBoard.c
       DrvConfigBoardInit   0x004e1c    program     extern C:\CBT\CBT-300 bootloader\Drivers\DrvConfigBoard.c
            DrvEepromInit   0x003b8c    program     extern C:\CBT\CBT-300 bootloader\Drivers\DrvEeprom_25AA320.c
            DrvEepromRead   0x003ba2    program     extern C:\CBT\CBT-300 bootloader\Drivers\DrvEeprom_25AA320.c
          DrvEepromVerify   0x003c28    program     extern C:\CBT\CBT-300 bootloader\Drivers\DrvEeprom_25AA320.c
           DrvEepromWrite   0x003cb0    program     extern C:\CBT\CBT-300 bootloader\Drivers\DrvEeprom_25AA320.c
  DrvEepromWriteAndVerify   0x003d42    program     extern C:\CBT\CBT-300 bootloader\Drivers\DrvEeprom_25AA320.c
          DrvEnableTimer1   0x004430    program     extern C:\CBT\CBT-300 bootloader\Drivers\DrvTimer_18F67J10.c
             DrvIntEnable   0x0045c4    program     extern C:\CBT\CBT-300 bootloader\Drivers\DrvInt_18F67J10.c
               DrvIntInit   0x00457c    program     extern C:\CBT\CBT-300 bootloader\Drivers\DrvInt_18F67J10.c
               DrvKeyInit   0x004d56    program     extern C:\CBT\CBT-300 bootloader\Drivers\DrvKey.c
              DrvLoadInit   0x004e84    program     extern C:\CBT\CBT-300 bootloader\Drivers\DrvLoad.c
               DrvLoadOff   0x004e8e    program     extern C:\CBT\CBT-300 bootloader\Drivers\DrvLoad.c
                DrvLoadOn   0x004e8a    program     extern C:\CBT\CBT-300 bootloader\Drivers\DrvLoad.c
           DrvPan1026Init   0x004e4a    program     extern C:\CBT\CBT-300 bootloader\Drivers\DrvPan1026.c
            DrvPan1026Off   0x004e64    program     extern C:\CBT\CBT-300 bootloader\Drivers\DrvPan1026.c
   DrvSsp1InitAsSpiMaster   0x004dae    program     extern C:\CBT\CBT-300 bootloader\Drivers\DrvSsp_18F67J10.c
           DrvSsp1SpiRead   0x004de4    program     extern C:\CBT\CBT-300 bootloader\Drivers\DrvSsp_18F67J10.c
          DrvSsp1SpiWrite   0x004dc2    program     extern C:\CBT\CBT-300 bootloader\Drivers\DrvSsp_18F67J10.c
     DrvTimer0CounterDone   0x0043ac    program     extern C:\CBT\CBT-300 bootloader\Drivers\DrvTimer_18F67J10.c
            DrvTimer0Init   0x00423e    program     extern C:\CBT\CBT-300 bootloader\Drivers\DrvTimer_18F67J10.c
             DrvTimer0Isr   0x00427c    program     extern C:\CBT\CBT-300 bootloader\Drivers\DrvTimer_18F67J10.c
           DrvTimer0Reset   0x0043a2    program     extern C:\CBT\CBT-300 bootloader\Drivers\DrvTimer_18F67J10.c
      DrvTimer0SetCounter   0x0042e8    program     extern C:\CBT\CBT-300 bootloader\Drivers\DrvTimer_18F67J10.c
            DrvTimer1Init   0x00441c    program     extern C:\CBT\CBT-300 bootloader\Drivers\DrvTimer_18F67J10.c
            DrvTimer2Init   0x004442    program     extern C:\CBT\CBT-300 bootloader\Drivers\DrvTimer_18F67J10.c
             DrvTimer2Isr   0x00445e    program     extern C:\CBT\CBT-300 bootloader\Drivers\DrvTimer_18F67J10.c
             DrvUsart1Isr   0x00332c    program     extern C:\CBT\CBT-300 bootloader\Drivers\DrvUsart_18F67J10.c
DrvUsart2GetMessageLength   0x0031d0    program     extern C:\CBT\CBT-300 bootloader\Drivers\DrvUsart_18F67J10.c
DrvUsart2GetNumberOfBytesAvailable   0x00317a    program     extern C:\CBT\CBT-300 bootloader\Drivers\DrvUsart_18F67J10.c
       DrvUsart2GetStatus   0x0030fc    program     extern C:\CBT\CBT-300 bootloader\Drivers\DrvUsart_18F67J10.c
             DrvUsart2Isr   0x003398    program     extern C:\CBT\CBT-300 bootloader\Drivers\DrvUsart_18F67J10.c
            DrvUsart2Read   0x003130    program     extern C:\CBT\CBT-300 bootloader\Drivers\DrvUsart_18F67J10.c
        DrvUsartByteReady   0x0031e8    program     extern C:\CBT\CBT-300 bootloader\Drivers\DrvUsart_18F67J10.c
          DrvUsartDisable   0x00301a    program     extern C:\CBT\CBT-300 bootloader\Drivers\DrvUsart_18F67J10.c
             DrvUsartInit   0x002fce    program     extern C:\CBT\CBT-300 bootloader\Drivers\DrvUsart_18F67J10.c
        DrvUsartLastError   0x003304    program     extern C:\CBT\CBT-300 bootloader\Drivers\DrvUsart_18F67J10.c
         DrvUsartReadByte   0x003238    program     extern C:\CBT\CBT-300 bootloader\Drivers\DrvUsart_18F67J10.c
            DrvUsartReset   0x00305c    program     extern C:\CBT\CBT-300 bootloader\Drivers\DrvUsart_18F67J10.c
         DrvUsartSendByte   0x003090    program     extern C:\CBT\CBT-300 bootloader\Drivers\DrvUsart_18F67J10.c
         DrvUsartSendData   0x0030c4    program     extern C:\CBT\CBT-300 bootloader\Drivers\DrvUsart_18F67J10.c
         EepromReadStatus   0x003ad0    program     extern C:\CBT\CBT-300 bootloader\Drivers\DrvEeprom_25AA320.c
EepromWaitForWriteCompletion   0x003b08    program     extern C:\CBT\CBT-300 bootloader\Drivers\DrvEeprom_25AA320.c
       EepromWriteDisable   0x003b66    program     extern C:\CBT\CBT-300 bootloader\Drivers\DrvEeprom_25AA320.c
        EepromWriteEnable   0x003b3e    program     extern C:\CBT\CBT-300 bootloader\Drivers\DrvEeprom_25AA320.c
               EraseFlash   0x002b4e    program     extern C:\CBT\CBT-300 bootloader\Application\BootLoad.c
               ErrorCheck   0x003772    program     extern C:\CBT\CBT-300 bootloader\System\SysBluetooth.c
                  Font6x8   0x00485a    program     extern C:\CBT\CBT-300 bootloader\Application\Font6x8.c
              Full_Screen   0x003734    program     extern C:\CBT\CBT-300 bootloader\Drivers\DrvLCD_OPTO1140GG.c
HCI_Encryption_Key_Refresh_Complete_Event   0x003a94    program     extern C:\CBT\CBT-300 bootloader\System\SysBluetooth.c
HCI_FIRST_STRING_LUMP_SET   0x0038b3    program     extern C:\CBT\CBT-300 bootloader\System\SysBluetooth.c
HCI_IO_Capability_Request_Event   0x003999    program     extern C:\CBT\CBT-300 bootloader\System\SysBluetooth.c
HCI_IO_Capability_Response_Event   0x003987    program     extern C:\CBT\CBT-300 bootloader\System\SysBluetooth.c
HCI_IO_User_Confirmation_Request_Event   0x0039e2    program     extern C:\CBT\CBT-300 bootloader\System\SysBluetooth.c
HCI_Simple_Pairing_Complete_Cancel_Event   0x003a16    program     extern C:\CBT\CBT-300 bootloader\System\SysBluetooth.c
HCI_Simple_Pairing_Complete_Event   0x003a06    program     extern C:\CBT\CBT-300 bootloader\System\SysBluetooth.c
            INCOMING_DATA   0x003a8b    program     extern C:\CBT\CBT-300 bootloader\System\SysBluetooth.c
              Initial_LCD   0x003516    program     extern C:\CBT\CBT-300 bootloader\Drivers\DrvLCD_OPTO1140GG.c
               IntIsrHigh   0x004460    program     extern C:\CBT\CBT-300 bootloader\Drivers\DrvInt_18F67J10.c
                IntIsrLow   0x004472    program     extern C:\CBT\CBT-300 bootloader\Drivers\DrvInt_18F67J10.c
            IntVectorHigh   0x000008    program     extern C:\CBT\CBT-300 bootloader\Drivers\DrvInt_18F67J10.c
             IntVectorLow   0x000018    program     extern C:\CBT\CBT-300 bootloader\Drivers\DrvInt_18F67J10.c
             LCD_Delay1ms   0x003408    program     extern C:\CBT\CBT-300 bootloader\Drivers\DrvLCD_OPTO1140GG.c
          LoadingDataText   0x004e0f    program     extern C:\CBT\CBT-300 bootloader\Application\BootLoad.c
         LoadingDataText2   0x004d48    program     extern C:\CBT\CBT-300 bootloader\Application\AppBluetooth.c
     ProcessSerialBuffer1   0x001fc4    program     extern C:\CBT\CBT-300 bootloader\Application\AppBluetooth.c
                  RESTORE   0x004108    program     static C:\MCC18\SRC\EXTENDED\MATH\div32u.asm
                  RESTORE   0x004064    program     static C:\MCC18\SRC\EXTENDED\MATH\div16u.asm
              RETQUOTIENT   0x0040f8    program     static C:\MCC18\SRC\EXTENDED\MATH\div32u.asm
              RETQUOTIENT   0x00405c    program     static C:\MCC18\SRC\EXTENDED\MATH\div16u.asm
            ReadCharacter   0x002e24    program     extern C:\CBT\CBT-300 bootloader\Application\BootLoad.c
                 ReadKeys   0x004d5e    program     extern C:\CBT\CBT-300 bootloader\Drivers\DrvKey.c
                 SETUPSTK   0x004072    program     static C:\MCC18\SRC\EXTENDED\MATH\div32u.asm
                 SETUPSTK   0x003ffa    program     static C:\MCC18\SRC\EXTENDED\MATH\div16u.asm
            SysBTGetState   0x001b22    program     extern C:\CBT\CBT-300 bootloader\System\SysBluetooth.c
               SysBTReset   0x001b2a    program     extern C:\CBT\CBT-300 bootloader\System\SysBluetooth.c
            SysBTSendData   0x001c50    program     extern C:\CBT\CBT-300 bootloader\System\SysBluetooth.c
            SysBTSetState   0x001b0c    program     extern C:\CBT\CBT-300 bootloader\System\SysBluetooth.c
            SysBTWrapData   0x001b36    program     extern C:\CBT\CBT-300 bootloader\System\SysBluetooth.c
            SysClear_Line   0x00466c    program     extern C:\CBT\CBT-300 bootloader\System\SysDisplay.c
          SysClear_Line_S   0x0046ce    program     extern C:\CBT\CBT-300 bootloader\System\SysDisplay.c
    SysInitBlueToothRadio   0x0007e2    program     extern C:\CBT\CBT-300 bootloader\System\SysBluetooth.c
SysProcessBluetoothCommand   0x00082e    program     extern C:\CBT\CBT-300 bootloader\System\SysBluetooth.c
    SysWrapperWrapMessage   0x001efe    program     extern C:\CBT\CBT-300 bootloader\System\SysBluetooth.c
               TCU_ACCEPT   0x003aa0    program     extern C:\CBT\CBT-300 bootloader\System\SysBluetooth.c
    TCU_ACCEPT_SEND_EVENT   0x003a7a    program     extern C:\CBT\CBT-300 bootloader\System\SysBluetooth.c
TCU_HCI_GET_FIRMWARE_VERSION_REQ   0x003782    program     extern C:\CBT\CBT-300 bootloader\System\SysBluetooth.c
TCU_HCI_GET_FIRMWARE_VERSION_RESP   0x00378f    program     extern C:\CBT\CBT-300 bootloader\System\SysBluetooth.c
TCU_HCI_M2_BTL_EEPROM_WRITE_ENABLE_REQ   0x0037cc    program     extern C:\CBT\CBT-300 bootloader\System\SysBluetooth.c
TCU_HCI_M2_BTL_EEPROM_WRITE_ENABLE_RESP   0x0037d9    program     extern C:\CBT\CBT-300 bootloader\System\SysBluetooth.c
TCU_HCI_M2_BTL_SET_BAUDRATE_REQ   0x00380e    program     extern C:\CBT\CBT-300 bootloader\System\SysBluetooth.c
TCU_HCI_M2_BTL_SET_BAUDRATE_RESP   0x003822    program     extern C:\CBT\CBT-300 bootloader\System\SysBluetooth.c
TCU_HCI_M2_BTL_SET_I2C_ENABLE_REQ   0x0037b0    program     extern C:\CBT\CBT-300 bootloader\System\SysBluetooth.c
TCU_HCI_M2_BTL_SET_I2C_ENABLE_RESP   0x0037bf    program     extern C:\CBT\CBT-300 bootloader\System\SysBluetooth.c
TCU_HCI_M2_GENERAL_READ_EEPROM_REQ   0x0037e6    program     extern C:\CBT\CBT-300 bootloader\System\SysBluetooth.c
TCU_HCI_M2_GENERAL_READ_EEPROM_RESP   0x0037fa    program     extern C:\CBT\CBT-300 bootloader\System\SysBluetooth.c
TCU_HCI_M2_GENERAL_WRITE_EEPROM_REQ   0x003aa2    program     extern C:\CBT\CBT-300 bootloader\System\SysBluetooth.c
TCU_HCI_M2_GENERAL_WRITE_EEPROM_RESP   0x003abc    program     extern C:\CBT\CBT-300 bootloader\System\SysBluetooth.c
        TCU_HCI_RESET_REQ   0x003777    program     extern C:\CBT\CBT-300 bootloader\System\SysBluetooth.c
       TCU_HCI_RESET_RESP   0x00377b    program     extern C:\CBT\CBT-300 bootloader\System\SysBluetooth.c
     TCU_HCI_SET_MODE_REQ   0x00383f    program     extern C:\CBT\CBT-300 bootloader\System\SysBluetooth.c
    TCU_HCI_SET_MODE_RESP   0x003846    program     extern C:\CBT\CBT-300 bootloader\System\SysBluetooth.c
TCU_HCI_WRITE_BD_ADDR_REQ   0x00382e    program     extern C:\CBT\CBT-300 bootloader\System\SysBluetooth.c
TCU_HCI_WRITE_BD_ADDR_RESP   0x003838    program     extern C:\CBT\CBT-300 bootloader\System\SysBluetooth.c
TCU_MNG_CONNECTION_ACCEPT_REQ   0x003944    program     extern C:\CBT\CBT-300 bootloader\System\SysBluetooth.c
TCU_MNG_CONNECTION_ACCEPT_REQUEST_EVENT   0x00393d    program     extern C:\CBT\CBT-300 bootloader\System\SysBluetooth.c
TCU_MNG_CONNECTION_ACCEPT_REQ_LINK_KEY   0x003953    program     extern C:\CBT\CBT-300 bootloader\System\SysBluetooth.c
TCU_MNG_CONNECTION_ACCEPT_RESP   0x003962    program     extern C:\CBT\CBT-300 bootloader\System\SysBluetooth.c
TCU_MNG_CONNECTION_STATUS_EVENT   0x003911    program     extern C:\CBT\CBT-300 bootloader\System\SysBluetooth.c
TCU_MNG_CONNECTION_STATUS_EVENT2   0x003920    program     extern C:\CBT\CBT-300 bootloader\System\SysBluetooth.c
TCU_MNG_CONNECTION_STATUS_EVENT3   0x003a26    program     extern C:\CBT\CBT-300 bootloader\System\SysBluetooth.c
TCU_MNG_DISCOVER_REMOTE_SERVICE_ACCEPT   0x003907    program     extern C:\CBT\CBT-300 bootloader\System\SysBluetooth.c
TCU_MNG_DISCOVER_REMOTE_SERVICE_EVENT   0x00392f    program     extern C:\CBT\CBT-300 bootloader\System\SysBluetooth.c
         TCU_MNG_INIT_REQ   0x00384e    program     extern C:\CBT\CBT-300 bootloader\System\SysBluetooth.c
        TCU_MNG_INIT_RESP   0x00386a    program     extern C:\CBT\CBT-300 bootloader\System\SysBluetooth.c
TCU_MNG_REMOTE_DEVICE_NAME_AUTO_NOTIFY_EVENT   0x0039a8    program     extern C:\CBT\CBT-300 bootloader\System\SysBluetooth.c
TCU_MNG_SET_SCANREADY_RESP   0x0038ff    program     extern C:\CBT\CBT-300 bootloader\System\SysBluetooth.c
     TCU_MNG_SET_SCAN_REQ   0x0038a3    program     extern C:\CBT\CBT-300 bootloader\System\SysBluetooth.c
    TCU_MNG_SET_SCAN_RESP   0x0038ab    program     extern C:\CBT\CBT-300 bootloader\System\SysBluetooth.c
TCU_MNG_SSP_SET_REQ_HCI_IO_Capability_Request_Reply   0x003974    program     extern C:\CBT\CBT-300 bootloader\System\SysBluetooth.c
TCU_MNG_SSP_SET_REQ_HCI_User_Confirmation_Request_Reply   0x0039bc    program     extern C:\CBT\CBT-300 bootloader\System\SysBluetooth.c
TCU_MNG_SSP_SET_RESP_HCI_IO_Capability_Request_Reply   0x0039cd    program     extern C:\CBT\CBT-300 bootloader\System\SysBluetooth.c
TCU_MNG_SSP_SET_RESP_HCI_User_Confirmation_Request_Reply   0x0039f1    program     extern C:\CBT\CBT-300 bootloader\System\SysBluetooth.c
TCU_MNG_STANDARD_HCI_SET_REQ_Write_Class_of_Device   0x003878    program     extern C:\CBT\CBT-300 bootloader\System\SysBluetooth.c
TCU_MNG_STANDARD_HCI_SET_RESP_Write_Class_of_Device   0x003885    program     extern C:\CBT\CBT-300 bootloader\System\SysBluetooth.c
    TCU_SPP_CONNECT_EVENT   0x003a35    program     extern C:\CBT\CBT-300 bootloader\System\SysBluetooth.c
   TCU_SPP_CONNECT_EVENT2   0x003a43    program     extern C:\CBT\CBT-300 bootloader\System\SysBluetooth.c
     TCU_SPP_CONNECT_RESP   0x00396a    program     extern C:\CBT\CBT-300 bootloader\System\SysBluetooth.c
  TCU_SPP_DATA_SEND_EVENT   0x003a84    program     extern C:\CBT\CBT-300 bootloader\System\SysBluetooth.c
TCU_SPP_DATA_TRANSFER_REQ   0x003a45    program     extern C:\CBT\CBT-300 bootloader\System\SysBluetooth.c
TCU_SPP_DISCONNECT_EVENT1   0x003a5c    program     extern C:\CBT\CBT-300 bootloader\System\SysBluetooth.c
TCU_SPP_DISCONNECT_EVENT2   0x003a6b    program     extern C:\CBT\CBT-300 bootloader\System\SysBluetooth.c
   TCU_SPP_DISCONNECT_REQ   0x003a8d    program     extern C:\CBT\CBT-300 bootloader\System\SysBluetooth.c
        TCU_SPP_SETUP_REQ   0x003894    program     extern C:\CBT\CBT-300 bootloader\System\SysBluetooth.c
       TCU_SPP_SETUP_RESP   0x00389b    program     extern C:\CBT\CBT-300 bootloader\System\SysBluetooth.c
        TransmitCharacter   0x002e32    program     extern C:\CBT\CBT-300 bootloader\Application\BootLoad.c
               Usart1Init   0x002ef2    program     extern C:\CBT\CBT-300 bootloader\Drivers\DrvUsart_18F67J10.c
               Usart2Init   0x002f5e    program     extern C:\CBT\CBT-300 bootloader\Drivers\DrvUsart_18F67J10.c
       VariableInitialize   0x004a3c    program     extern C:\CBT\CBT-300 bootloader\Application\Main.c
        VersionNumberText   0x004e02    program     extern C:\CBT\CBT-300 bootloader\Application\BootLoad.c
              VersionText   0x004dfa    program     extern C:\CBT\CBT-300 bootloader\Application\BootLoad.c
               WriteFlash   0x002c96    program     extern C:\CBT\CBT-300 bootloader\Application\BootLoad.c
         WriteFrameHeader   0x001c8e    program     extern C:\CBT\CBT-300 bootloader\System\SysBluetooth.c
             WritePayload   0x001e7e    program     extern C:\CBT\CBT-300 bootloader\System\SysBluetooth.c
             XLCD_Address   0x0035a4    program     extern C:\CBT\CBT-300 bootloader\Drivers\DrvLCD_OPTO1140GG.c
             XLCD_Command   0x003468    program     extern C:\CBT\CBT-300 bootloader\Drivers\DrvLCD_OPTO1140GG.c
                XLCD_Data   0x0034a0    program     extern C:\CBT\CBT-300 bootloader\Drivers\DrvLCD_OPTO1140GG.c
              _2jContinue   0x003ed6    program     static C:\MCC18\SRC\EXTENDED\STDCLIB\memset.asm
              _3jContinue   0x003e06    program     static C:\MCC18\SRC\EXTENDED\STDCLIB\mcmpp2r.asm
              _3jContinue   0x003ea2    program     static C:\MCC18\SRC\EXTENDED\STDCLIB\mcpyp2r.asm
                   _3jEnd   0x003ee0    program     static C:\MCC18\SRC\EXTENDED\STDCLIB\memset.asm
              _4jContinue   0x003f74    program     static C:\MCC18\SRC\EXTENDED\STDCLIB\strncmp.asm
              _4jContinue   0x003db6    program     static C:\MCC18\SRC\EXTENDED\STDCLIB\memcmp.asm
              _4jContinue   0x003fd2    program     static C:\MCC18\SRC\EXTENDED\STDCLIB\strncpy.asm
              _4jContinue   0x003e4e    program     static C:\MCC18\SRC\EXTENDED\STDCLIB\memcpy.asm
                   _4jEnd   0x003eac    program     static C:\MCC18\SRC\EXTENDED\STDCLIB\mcpyp2r.asm
                   _4jEnd   0x003e10    program     static C:\MCC18\SRC\EXTENDED\STDCLIB\mcmpp2r.asm
                   _5jEnd   0x003dc0    program     static C:\MCC18\SRC\EXTENDED\STDCLIB\memcmp.asm
                   _5jEnd   0x003fdc    program     static C:\MCC18\SRC\EXTENDED\STDCLIB\strncpy.asm
                   _5jEnd   0x003f7e    program     static C:\MCC18\SRC\EXTENDED\STDCLIB\strncmp.asm
                   _5jEnd   0x003e58    program     static C:\MCC18\SRC\EXTENDED\STDCLIB\memcpy.asm
           ___?:_lbl00014   0x0020f0    program     static                          
           ___?:_lbl00015   0x0020ee    program     static                          
       ___case_0_lbl00005   0x0028b0    program     static                          
       ___case_0_lbl00020   0x002160    program     static                          
       ___case_1_lbl00009   0x00292c    program     static                          
       ___case_1_lbl00022   0x0021d2    program     static                          
       ___case_1_lbl00038   0x002498    program     static                          
       ___case_2_lbl00010   0x00292e    program     static                          
       ___case_2_lbl00023   0x0021e6    program     static                          
       ___case_2_lbl00039   0x00249a    program     static                          
       ___case_3_lbl00021   0x0029ea    program     static                          
       ___case_3_lbl00028   0x002242    program     static                          
       ___case_3_lbl00040   0x0024a0    program     static                          
       ___case_4_lbl00025   0x002aac    program     static                          
       ___case_4_lbl00029   0x0022ae    program     static                          
       ___case_4_lbl00041   0x0024c8    program     static                          
       ___case_5_lbl00026   0x002ab0    program     static                          
       ___case_5_lbl00030   0x00230e    program     static                          
       ___case_5_lbl00042   0x0024cc    program     static                          
       ___case_6_lbl00031   0x002310    program     static                          
       ___case_7_lbl00036   0x002374    program     static                          
       ___case_8_lbl00063   0x002444    program     static                          
      ___default_lbl00007   0x002900    program     static                          
           ___do_lbl00001   0x004c62    program     static                          
           ___do_lbl00002   0x003b28    program     static                          
           ___do_lbl00002   0x004c6c    program     static                          
           ___do_lbl00003   0x003b36    program     static                          
           ___do_lbl00005   0x003b1c    program     static                          
           ___do_lbl00006   0x004c4e    program     static                          
           ___do_lbl00008   0x004c82    program     static                          
           ___do_lbl00009   0x004c94    program     static                          
           ___do_lbl00012   0x004c78    program     static                          
           ___do_lbl00027   0x002afa    program     static                          
           ___do_lbl00028   0x002b42    program     static                          
           ___do_lbl00029   0x002ab2    program     static                          
         ___else_lbl00008   0x004b40    program     static                          
         ___else_lbl00014   0x004cbe    program     static                          
         ___else_lbl00019   0x0029c6    program     static                          
         ___else_lbl00034   0x0023e8    program     static                          
         ___else_lbl00044   0x0025e2    program     static                          
         ___else_lbl00054   0x0026d4    program     static                          
         ___else_lbl00056   0x0026f0    program     static                          
         ___else_lbl00059   0x0025f6    program     static                          
         ___else_lbl00061   0x002502    program     static                          
          ___for_lbl00011   0x002950    program     static                          
          ___for_lbl00012   0x002954    program     static                          
          ___for_lbl00013   0x002932    program     static                          
          ___for_lbl00022   0x002a4e    program     static                          
          ___for_lbl00023   0x002a52    program     static                          
          ___for_lbl00024   0x0029f4    program     static                          
          ___for_lbl00035   0x002c80    program     static                          
          ___for_lbl00036   0x002c88    program     static                          
          ___for_lbl00038   0x002c6a    program     static                          
          ___for_lbl00041   0x002d70    program     static                          
          ___for_lbl00042   0x002d74    program     static                          
          ___for_lbl00043   0x002d58    program     static                          
          ___for_lbl00044   0x002e14    program     static                          
          ___for_lbl00045   0x00263a    program     static                          
          ___for_lbl00045   0x002e18    program     static                          
          ___for_lbl00046   0x00263e    program     static                          
          ___for_lbl00047   0x002602    program     static                          
          ___for_lbl00049   0x002dd8    program     static                          
           ___if_lbl00004   0x004a8a    program     static                          
           ___if_lbl00005   0x004aac    program     static                          
           ___if_lbl00005   0x004c62    program     static                          
           ___if_lbl00006   0x004b94    program     static                          
           ___if_lbl00006   0x002904    program     static                          
           ___if_lbl00007   0x004b94    program     static                          
           ___if_lbl00007   0x004c74    program     static                          
           ___if_lbl00013   0x004cc2    program     static                          
           ___if_lbl00015   0x002990    program     static                          
           ___if_lbl00017   0x00212a    program     static                          
           ___if_lbl00018   0x0029e0    program     static                          
           ___if_lbl00018   0x00212a    program     static                          
           ___if_lbl00020   0x0029e0    program     static                          
           ___if_lbl00021   0x0021e4    program     static                          
           ___if_lbl00024   0x00229a    program     static                          
           ___if_lbl00025   0x0022ac    program     static                          
           ___if_lbl00026   0x0022ac    program     static                          
           ___if_lbl00027   0x0022ac    program     static                          
           ___if_lbl00031   0x002b70    program     static                          
           ___if_lbl00032   0x002442    program     static                          
           ___if_lbl00033   0x002442    program     static                          
           ___if_lbl00035   0x002442    program     static                          
           ___if_lbl00037   0x002c80    program     static                          
           ___if_lbl00040   0x002cf2    program     static                          
           ___if_lbl00043   0x0025f4    program     static                          
           ___if_lbl00047   0x002e10    program     static                          
           ___if_lbl00048   0x002e14    program     static                          
           ___if_lbl00049   0x002694    program     static                          
           ___if_lbl00053   0x0026ee    program     static                          
           ___if_lbl00055   0x0026f4    program     static                          
           ___if_lbl00057   0x00270c    program     static                          
           ___if_lbl00058   0x00270c    program     static                          
           ___if_lbl00060   0x00270c    program     static                          
           ___if_lbl00062   0x00270c    program     static                          
       ___return_lbl00000   0x004cc2    program     static                          
       ___return_lbl00000   0x003b00    program     static                          
       ___return_lbl00000   0x000004    program     static                          
       ___return_lbl00001   0x00343e    program     static                          
       ___return_lbl00001   0x002b46    program     static                          
       ___return_lbl00001   0x003b36    program     static                          
       ___return_lbl00001   0x004e82    program     static                          
       ___return_lbl00001   0x000012    program     static                          
       ___return_lbl00002   0x004c38    program     static                          
       ___return_lbl00002   0x004b94    program     static                          
       ___return_lbl00006   0x003b64    program     static                          
       ___return_lbl00007   0x003b8a    program     static                          
       ___return_lbl00008   0x003ba0    program     static                          
       ___return_lbl00009   0x003c20    program     static                          
       ___return_lbl00011   0x002710    program     static                          
       ___return_lbl00011   0x000022    program     static                          
       ___return_lbl00012   0x003ca8    program     static                          
       ___return_lbl00016   0x003d3a    program     static                          
       ___return_lbl00029   0x0030f4    program     static                          
       ___return_lbl00030   0x002c8e    program     static                          
       ___return_lbl00039   0x002e1c    program     static                          
       ___return_lbl00050   0x002e30    program     static                          
       ___return_lbl00053   0x002e4a    program     static                          
       ___return_lbl00064   0x00284c    program     static                          
   ___switchexit_lbl00004   0x002b44    program     static                          
   ___switchexit_lbl00008   0x002b44    program     static                          
   ___switchexit_lbl00019   0x00270e    program     static                          
   ___switchexit_lbl00037   0x002500    program     static                          
        ___while_lbl00002   0x0028a6    program     static                          
        ___while_lbl00002   0x003420    program     static                          
        ___while_lbl00003   0x002b46    program     static                          
        ___while_lbl00003   0x00343e    program     static                          
        ___while_lbl00010   0x003be0    program     static                          
        ___while_lbl00011   0x003c16    program     static                          
        ___while_lbl00012   0x0020d4    program     static                          
        ___while_lbl00013   0x002710    program     static                          
        ___while_lbl00013   0x003c68    program     static                          
        ___while_lbl00014   0x003c9a    program     static                          
        ___while_lbl00016   0x002990    program     static                          
        ___while_lbl00017   0x003cba    program     static                          
        ___while_lbl00017   0x002998    program     static                          
        ___while_lbl00018   0x003d38    program     static                          
        ___while_lbl00030   0x0030ce    program     static                          
        ___while_lbl00031   0x0030f4    program     static                          
        ___while_lbl00032   0x002b76    program     static                          
        ___while_lbl00033   0x002c8a    program     static                          
        ___while_lbl00050   0x002694    program     static                          
        ___while_lbl00051   0x0026a4    program     static                          
        ___while_lbl00051   0x002e24    program     static                          
        ___while_lbl00052   0x002e2c    program     static                          
        ___while_lbl00054   0x002e3c    program     static                          
        ___while_lbl00055   0x002e44    program     static                          
        ___while_lbl00065   0x002844    program     static                          
        ___while_lbl00066   0x00284c    program     static                          
               __config_0   0x01fff8    program     static C:\CBT\CBT-300 bootloader\Drivers\DrvMdxP600.c
               __config_1   0x01fff9    program     static C:\CBT\CBT-300 bootloader\Drivers\DrvMdxP600.c
               __config_2   0x01fffa    program     static C:\CBT\CBT-300 bootloader\Drivers\DrvMdxP600.c
               __config_3   0x01fffb    program     static C:\CBT\CBT-300 bootloader\Drivers\DrvMdxP600.c
               __config_4   0x01fffd    program     static C:\CBT\CBT-300 bootloader\Drivers\DrvMdxP600.c
                 __div16u   0x004012    program     extern C:\MCC18\SRC\EXTENDED\MATH\div16u.asm
                 __div32u   0x00408a    program     extern C:\MCC18\SRC\EXTENDED\MATH\div32u.asm
                   __init   0x004eb0    program     extern C:\MCC18\src\extended\stdclib\__init.c
                 __mod16u   0x004018    program     extern C:\MCC18\SRC\EXTENDED\MATH\div16u.asm
                 __mod32u   0x004090    program     extern C:\MCC18\SRC\EXTENDED\MATH\div32u.asm
                  __mul16   0x004116    program     extern C:\MCC18\SRC\EXTENDED\MATH\mul16.asm
                  __mul24   0x00417e    program     extern C:\MCC18\SRC\EXTENDED\MATH\mul24.asm
              __string_10   0x004ea0    program     static C:\CBT\CBT-300 bootloader\Application\AppBluetooth.c
               __string_9   0x004ea5    program     static C:\CBT\CBT-300 bootloader\Application\AppBluetooth.c
               __tmplbl_0   0x003b36    program     static                          
               __tmplbl_0   0x004a88    program     static                          
               __tmplbl_0   0x004c60    program     static                          
               __tmplbl_0   0x002984    program     static                          
               __tmplbl_1   0x003b30    program     static                          
               __tmplbl_1   0x004a82    program     static                          
               __tmplbl_1   0x004c58    program     static                          
               __tmplbl_1   0x002972    program     static                          
               __tmplbl_2   0x002102    program     static                          
               __tmplbl_2   0x004c6c    program     static                          
               __tmplbl_2   0x002b82    program     static                          
               __tmplbl_2   0x003c74    program     static                          
               __tmplbl_3   0x002b7c    program     static                          
               __tmplbl_3   0x0020e2    program     static                          
               __tmplbl_3   0x003c70    program     static                          
               __tmplbl_3   0x004c66    program     static                          
              __tmplbl_38   0x001aca    program     static                          
              __tmplbl_39   0x0018f2    program     static                          
               __tmplbl_4   0x00267c    program     static                          
               __tmplbl_4   0x003c8c    program     static                          
               __tmplbl_4   0x004c94    program     static                          
               __tmplbl_4   0x002e0e    program     static                          
              __tmplbl_40   0x00189a    program     static                          
              __tmplbl_41   0x00180c    program     static                          
              __tmplbl_42   0x001784    program     static                          
              __tmplbl_43   0x0014f8    program     static                          
              __tmplbl_44   0x0013e4    program     static                          
              __tmplbl_45   0x00135a    program     static                          
              __tmplbl_46   0x0012d0    program     static                          
              __tmplbl_47   0x001242    program     static                          
              __tmplbl_48   0x0011bc    program     static                          
              __tmplbl_49   0x0010fa    program     static                          
               __tmplbl_5   0x00266a    program     static                          
               __tmplbl_5   0x003c88    program     static                          
               __tmplbl_5   0x002df8    program     static                          
               __tmplbl_5   0x004c8e    program     static                          
               __tmplbl_6   0x0026a0    program     static                          
               __tmplbl_6   0x004c88    program     static                          
               __tmplbl_6   0x002e0c    program     static                          
              __tmplbl_62   0x001b00    program     static                          
              __tmplbl_63   0x001b00    program     static                          
              __tmplbl_64   0x001b00    program     static                          
              __tmplbl_65   0x001b00    program     static                          
              __tmplbl_66   0x001b00    program     static                          
              __tmplbl_67   0x001b00    program     static                          
              __tmplbl_68   0x001b00    program     static                          
              __tmplbl_69   0x001b00    program     static                          
               __tmplbl_7   0x00269a    program     static                          
              __tmplbl_70   0x001b00    program     static                          
              __tmplbl_71   0x001b00    program     static                          
              __tmplbl_72   0x001b00    program     static                          
              __tmplbl_73   0x001b00    program     static                          
              __tmplbl_75   0x001b00    program     static                          
              __tmplbl_76   0x001b00    program     static                          
              __tmplbl_77   0x001b00    program     static                          
              __tmplbl_78   0x001b00    program     static                          
              __tmplbl_79   0x001b00    program     static                          
              __tmplbl_80   0x001b00    program     static                          
              __tmplbl_81   0x001b00    program     static                          
              __tmplbl_82   0x001b00    program     static                          
            __zero_memory   0x004e92    program     extern C:\MCC18\src\extended\proc\p18f67j10.asm
                _do_cinit   0x004b9c    program     extern C:\MCC18\src\extended\startup\c018i_e.c
            _early16uexit   0x00401c    program     extern C:\MCC18\SRC\EXTENDED\MATH\div16u.asm
            _early32uexit   0x004094    program     extern C:\MCC18\SRC\EXTENDED\MATH\div32u.asm
                   _entry   0x000000    program     extern C:\MCC18\src\extended\startup\c018i_e.c
                   _false   0x0040d8    program     static C:\MCC18\SRC\EXTENDED\MATH\div32u.asm
                 _startup   0x004e6a    program     extern C:\MCC18\src\extended\startup\c018i_e.c
               clear_loop   0x004e98    program     static C:\MCC18\src\extended\proc\p18f67j10.asm
                copy_loop   0x004c0e    program     static                          
            copy_one_byte   0x004c14    program     static                          
                divmod16u   0x00401e    program     static C:\MCC18\SRC\EXTENDED\MATH\div16u.asm
                divmod32u   0x004096    program     static C:\MCC18\SRC\EXTENDED\MATH\div32u.asm
                     done   0x004c38    program     static                          
             done_copying   0x004c22    program     static                          
                  endloop   0x004044    program     static C:\MCC18\SRC\EXTENDED\MATH\div16u.asm
                     jEnd   0x003ee8    program     static C:\MCC18\SRC\EXTENDED\STDCLIB\memset.asm
                     jEnd   0x003f14    program     static C:\MCC18\SRC\EXTENDED\STDCLIB\scmpp2r.asm
                     jEnd   0x003f46    program     static C:\MCC18\SRC\EXTENDED\STDCLIB\scpyp2r.asm
                     jEnd   0x003f88    program     static C:\MCC18\SRC\EXTENDED\STDCLIB\strncmp.asm
                     jEnd   0x003eb4    program     static C:\MCC18\SRC\EXTENDED\STDCLIB\mcpyp2r.asm
                     jEnd   0x003fe8    program     static C:\MCC18\SRC\EXTENDED\STDCLIB\strncpy.asm
                     jEnd   0x003e5e    program     static C:\MCC18\SRC\EXTENDED\STDCLIB\memcpy.asm
                     jEnd   0x003dc6    program     static C:\MCC18\SRC\EXTENDED\STDCLIB\memcmp.asm
                     jEnd   0x003e18    program     static C:\MCC18\SRC\EXTENDED\STDCLIB\mcmpp2r.asm
                    jLoop   0x003e96    program     static C:\MCC18\SRC\EXTENDED\STDCLIB\mcpyp2r.asm
                    jLoop   0x003f68    program     static C:\MCC18\SRC\EXTENDED\STDCLIB\strncmp.asm
                    jLoop   0x003e42    program     static C:\MCC18\SRC\EXTENDED\STDCLIB\memcpy.asm
                    jLoop   0x003eca    program     static C:\MCC18\SRC\EXTENDED\STDCLIB\memset.asm
                    jLoop   0x003f3c    program     static C:\MCC18\SRC\EXTENDED\STDCLIB\scpyp2r.asm
                    jLoop   0x003fc6    program     static C:\MCC18\SRC\EXTENDED\STDCLIB\strncpy.asm
                    jLoop   0x003daa    program     static C:\MCC18\SRC\EXTENDED\STDCLIB\memcmp.asm
                    jLoop   0x003f08    program     static C:\MCC18\SRC\EXTENDED\STDCLIB\scmpp2r.asm
                    jLoop   0x003dfa    program     static C:\MCC18\SRC\EXTENDED\STDCLIB\mcmpp2r.asm
                     loop   0x004e78    program     static                          
                     loop   0x004028    program     static C:\MCC18\SRC\EXTENDED\MATH\div16u.asm
                     loop   0x0040a4    program     static C:\MCC18\SRC\EXTENDED\MATH\div32u.asm
                     main   0x004a66    program     extern C:\CBT\CBT-300 bootloader\Application\Main.c
                   memcmp   0x003d8a    program     extern C:\MCC18\SRC\EXTENDED\STDCLIB\memcmp.asm
            memcmppgm2ram   0x003ddc    program     extern C:\MCC18\SRC\EXTENDED\STDCLIB\mcmpp2r.asm
                   memcpy   0x003e1a    program     extern C:\MCC18\SRC\EXTENDED\STDCLIB\memcpy.asm
            memcpypgm2ram   0x003e70    program     extern C:\MCC18\SRC\EXTENDED\STDCLIB\mcpyp2r.asm
                   memset   0x003eb6    program     extern C:\MCC18\SRC\EXTENDED\STDCLIB\memset.asm
            strcmppgm2ram   0x003eea    program     extern C:\MCC18\SRC\EXTENDED\STDCLIB\scmpp2r.asm
            strcpypgm2ram   0x003f16    program     extern C:\MCC18\SRC\EXTENDED\STDCLIB\scpyp2r.asm
                  strncmp   0x003f48    program     extern C:\MCC18\SRC\EXTENDED\STDCLIB\strncmp.asm
                  strncpy   0x003f9e    program     extern C:\MCC18\SRC\EXTENDED\STDCLIB\strncpy.asm
                     test   0x004bb6    program     static                          
                   ADCON0   0x000fc2       data     extern C:\MCC18\src\extended\proc\p18f67j10.asm
               ADCON0bits   0x000fc2       data     extern C:\MCC18\src\extended\proc\p18f67j10.asm
                   ADCON1   0x000fc1       data     extern C:\MCC18\src\extended\proc\p18f67j10.asm
               ADCON1bits   0x000fc1       data     extern C:\MCC18\src\extended\proc\p18f67j10.asm
                   ADCON2   0x000fc0       data     extern C:\MCC18\src\extended\proc\p18f67j10.asm
               ADCON2bits   0x000fc0       data     extern C:\MCC18\src\extended\proc\p18f67j10.asm
                    ADRES   0x000fc3       data     extern C:\MCC18\src\extended\proc\p18f67j10.asm
                   ADRESH   0x000fc4       data     extern C:\MCC18\src\extended\proc\p18f67j10.asm
                   ADRESL   0x000fc3       data     extern C:\MCC18\src\extended\proc\p18f67j10.asm
                  BAUDCON   0x000f7e       data     extern C:\MCC18\src\extended\proc\p18f67j10.asm
                 BAUDCON1   0x000f7e       data     extern C:\MCC18\src\extended\proc\p18f67j10.asm
             BAUDCON1bits   0x000f7e       data     extern C:\MCC18\src\extended\proc\p18f67j10.asm
                 BAUDCON2   0x000f7c       data     extern C:\MCC18\src\extended\proc\p18f67j10.asm
             BAUDCON2bits   0x000f7c       data     extern C:\MCC18\src\extended\proc\p18f67j10.asm
              BAUDCONbits   0x000f7e       data     extern C:\MCC18\src\extended\proc\p18f67j10.asm
             BLDataStatus   0x000bcd       data     extern C:\CBT\CBT-300 bootloader\Application\AppData.c
         BLOperatingState   0x000bcc       data     extern C:\CBT\CBT-300 bootloader\Application\AppData.c
                      BSR   0x000fe0       data     extern C:\MCC18\src\extended\proc\p18f67j10.asm
            BTClassDevice   0x000f12       data     extern C:\CBT\CBT-300 bootloader\System\SysBluetooth.c
                   BTData   0x000100       data     extern C:\CBT\CBT-300 bootloader\Application\AppData.c
      BTDeviceRecordedNum   0x000f3e       data     extern C:\CBT\CBT-300 bootloader\System\SysBluetooth.c
             BTRemoteData   0x000f27       data     extern C:\CBT\CBT-300 bootloader\System\SysBluetooth.c
                  BTState   0x000f26       data     extern C:\CBT\CBT-300 bootloader\System\SysBluetooth.c
                  CCP1CON   0x000fbd       data     extern C:\MCC18\src\extended\proc\p18f67j10.asm
              CCP1CONbits   0x000fbd       data     extern C:\MCC18\src\extended\proc\p18f67j10.asm
                  CCP2CON   0x000fba       data     extern C:\MCC18\src\extended\proc\p18f67j10.asm
              CCP2CONbits   0x000fba       data     extern C:\MCC18\src\extended\proc\p18f67j10.asm
                  CCP3CON   0x000fb7       data     extern C:\MCC18\src\extended\proc\p18f67j10.asm
              CCP3CONbits   0x000fb7       data     extern C:\MCC18\src\extended\proc\p18f67j10.asm
                  CCP4CON   0x000f73       data     extern C:\MCC18\src\extended\proc\p18f67j10.asm
              CCP4CONbits   0x000f73       data     extern C:\MCC18\src\extended\proc\p18f67j10.asm
                  CCP5CON   0x000f70       data     extern C:\MCC18\src\extended\proc\p18f67j10.asm
              CCP5CONbits   0x000f70       data     extern C:\MCC18\src\extended\proc\p18f67j10.asm
                    CCPR1   0x000fbe       data     extern C:\MCC18\src\extended\proc\p18f67j10.asm
                   CCPR1H   0x000fbf       data     extern C:\MCC18\src\extended\proc\p18f67j10.asm
                   CCPR1L   0x000fbe       data     extern C:\MCC18\src\extended\proc\p18f67j10.asm
                    CCPR2   0x000fbb       data     extern C:\MCC18\src\extended\proc\p18f67j10.asm
                   CCPR2H   0x000fbc       data     extern C:\MCC18\src\extended\proc\p18f67j10.asm
                   CCPR2L   0x000fbb       data     extern C:\MCC18\src\extended\proc\p18f67j10.asm
                    CCPR3   0x000fb8       data     extern C:\MCC18\src\extended\proc\p18f67j10.asm
                   CCPR3H   0x000fb9       data     extern C:\MCC18\src\extended\proc\p18f67j10.asm
                   CCPR3L   0x000fb8       data     extern C:\MCC18\src\extended\proc\p18f67j10.asm
                    CCPR4   0x000f74       data     extern C:\MCC18\src\extended\proc\p18f67j10.asm
                   CCPR4H   0x000f75       data     extern C:\MCC18\src\extended\proc\p18f67j10.asm
                   CCPR4L   0x000f74       data     extern C:\MCC18\src\extended\proc\p18f67j10.asm
                    CCPR5   0x000f71       data     extern C:\MCC18\src\extended\proc\p18f67j10.asm
                   CCPR5H   0x000f72       data     extern C:\MCC18\src\extended\proc\p18f67j10.asm
                   CCPR5L   0x000f71       data     extern C:\MCC18\src\extended\proc\p18f67j10.asm
                    CMCON   0x000fb4       data     extern C:\MCC18\src\extended\proc\p18f67j10.asm
                CMCONbits   0x000fb4       data     extern C:\MCC18\src\extended\proc\p18f67j10.asm
                   CVRCON   0x000fb5       data     extern C:\MCC18\src\extended\proc\p18f67j10.asm
               CVRCONbits   0x000fb5       data     extern C:\MCC18\src\extended\proc\p18f67j10.asm
                  CodeBuf   0x000000       data     extern C:\CBT\CBT-300 bootloader\Application\BootLoad.c
               ConfigData   0x000a00       data     extern C:\CBT\CBT-300 bootloader\Application\AppData.c
        ConnectionCounter   0x000a03       data     extern C:\CBT\CBT-300 bootloader\Application\AppData.c
           ConnectionFlag   0x000a02       data     extern C:\CBT\CBT-300 bootloader\Application\AppData.c
                     DDRA   0x000f92       data     extern C:\MCC18\src\extended\proc\p18f67j10.asm
                 DDRAbits   0x000f92       data     extern C:\MCC18\src\extended\proc\p18f67j10.asm
                     DDRB   0x000f93       data     extern C:\MCC18\src\extended\proc\p18f67j10.asm
                 DDRBbits   0x000f93       data     extern C:\MCC18\src\extended\proc\p18f67j10.asm
                     DDRC   0x000f94       data     extern C:\MCC18\src\extended\proc\p18f67j10.asm
                 DDRCbits   0x000f94       data     extern C:\MCC18\src\extended\proc\p18f67j10.asm
                     DDRD   0x000f95       data     extern C:\MCC18\src\extended\proc\p18f67j10.asm
                 DDRDbits   0x000f95       data     extern C:\MCC18\src\extended\proc\p18f67j10.asm
                     DDRE   0x000f96       data     extern C:\MCC18\src\extended\proc\p18f67j10.asm
                 DDREbits   0x000f96       data     extern C:\MCC18\src\extended\proc\p18f67j10.asm
                     DDRF   0x000f97       data     extern C:\MCC18\src\extended\proc\p18f67j10.asm
                 DDRFbits   0x000f97       data     extern C:\MCC18\src\extended\proc\p18f67j10.asm
                     DDRG   0x000f98       data     extern C:\MCC18\src\extended\proc\p18f67j10.asm
                 DDRGbits   0x000f98       data     extern C:\MCC18\src\extended\proc\p18f67j10.asm
            DisplayBuffer   0x000042       data     extern C:\CBT\CBT-300 bootloader\Application\BootLoad.c
                  ECCP1AS   0x000fb6       data     extern C:\MCC18\src\extended\proc\p18f67j10.asm
              ECCP1ASbits   0x000fb6       data     extern C:\MCC18\src\extended\proc\p18f67j10.asm
                 ECCP1CON   0x000fbd       data     extern C:\MCC18\src\extended\proc\p18f67j10.asm
             ECCP1CONbits   0x000fbd       data     extern C:\MCC18\src\extended\proc\p18f67j10.asm
                 ECCP1DEL   0x000f79       data     extern C:\MCC18\src\extended\proc\p18f67j10.asm
             ECCP1DELbits   0x000f79       data     extern C:\MCC18\src\extended\proc\p18f67j10.asm
                  ECCP2AS   0x000f68       data     extern C:\MCC18\src\extended\proc\p18f67j10.asm
              ECCP2ASbits   0x000f68       data     extern C:\MCC18\src\extended\proc\p18f67j10.asm
                 ECCP2CON   0x000fba       data     extern C:\MCC18\src\extended\proc\p18f67j10.asm
             ECCP2CONbits   0x000fba       data     extern C:\MCC18\src\extended\proc\p18f67j10.asm
                 ECCP2DEL   0x000f67       data     extern C:\MCC18\src\extended\proc\p18f67j10.asm
             ECCP2DELbits   0x000f67       data     extern C:\MCC18\src\extended\proc\p18f67j10.asm
                  ECCP3AS   0x000f6a       data     extern C:\MCC18\src\extended\proc\p18f67j10.asm
              ECCP3ASbits   0x000f6a       data     extern C:\MCC18\src\extended\proc\p18f67j10.asm
                 ECCP3CON   0x000fb7       data     extern C:\MCC18\src\extended\proc\p18f67j10.asm
             ECCP3CONbits   0x000fb7       data     extern C:\MCC18\src\extended\proc\p18f67j10.asm
                 ECCP3DEL   0x000f69       data     extern C:\MCC18\src\extended\proc\p18f67j10.asm
             ECCP3DELbits   0x000f69       data     extern C:\MCC18\src\extended\proc\p18f67j10.asm
                   EECON1   0x000fa6       data     extern C:\MCC18\src\extended\proc\p18f67j10.asm
               EECON1bits   0x000fa6       data     extern C:\MCC18\src\extended\proc\p18f67j10.asm
                   EECON2   0x000fa7       data     extern C:\MCC18\src\extended\proc\p18f67j10.asm
                     FSR0   0x000fe9       data     extern C:\MCC18\src\extended\proc\p18f67j10.asm
                    FSR0H   0x000fea       data     extern C:\MCC18\src\extended\proc\p18f67j10.asm
                    FSR0L   0x000fe9       data     extern C:\MCC18\src\extended\proc\p18f67j10.asm
                     FSR1   0x000fe1       data     extern C:\MCC18\src\extended\proc\p18f67j10.asm
                    FSR1H   0x000fe2       data     extern C:\MCC18\src\extended\proc\p18f67j10.asm
                    FSR1L   0x000fe1       data     extern C:\MCC18\src\extended\proc\p18f67j10.asm
                     FSR2   0x000fd9       data     extern C:\MCC18\src\extended\proc\p18f67j10.asm
                    FSR2H   0x000fda       data     extern C:\MCC18\src\extended\proc\p18f67j10.asm
                    FSR2L   0x000fd9       data     extern C:\MCC18\src\extended\proc\p18f67j10.asm
                    INDF0   0x000fef       data     extern C:\MCC18\src\extended\proc\p18f67j10.asm
                    INDF1   0x000fe7       data     extern C:\MCC18\src\extended\proc\p18f67j10.asm
                    INDF2   0x000fdf       data     extern C:\MCC18\src\extended\proc\p18f67j10.asm
                   INTCON   0x000ff2       data     extern C:\MCC18\src\extended\proc\p18f67j10.asm
                  INTCON2   0x000ff1       data     extern C:\MCC18\src\extended\proc\p18f67j10.asm
              INTCON2bits   0x000ff1       data     extern C:\MCC18\src\extended\proc\p18f67j10.asm
                  INTCON3   0x000ff0       data     extern C:\MCC18\src\extended\proc\p18f67j10.asm
              INTCON3bits   0x000ff0       data     extern C:\MCC18\src\extended\proc\p18f67j10.asm
               INTCONbits   0x000ff2       data     extern C:\MCC18\src\extended\proc\p18f67j10.asm
                     IPR1   0x000f9f       data     extern C:\MCC18\src\extended\proc\p18f67j10.asm
                 IPR1bits   0x000f9f       data     extern C:\MCC18\src\extended\proc\p18f67j10.asm
                     IPR2   0x000fa2       data     extern C:\MCC18\src\extended\proc\p18f67j10.asm
                 IPR2bits   0x000fa2       data     extern C:\MCC18\src\extended\proc\p18f67j10.asm
                     IPR3   0x000fa5       data     extern C:\MCC18\src\extended\proc\p18f67j10.asm
                 IPR3bits   0x000fa5       data     extern C:\MCC18\src\extended\proc\p18f67j10.asm
              IsrFunction   0x000f59       data     extern C:\CBT\CBT-300 bootloader\Drivers\DrvTimer_18F67J10.c
               KeyBounced   0x000e0b       data     extern C:\CBT\CBT-300 bootloader\Drivers\DrvKey.c
               KeyCounter   0x000e0c       data     extern C:\CBT\CBT-300 bootloader\Drivers\DrvKey.c
       KeyDebounceCounter   0x000e0f       data     extern C:\CBT\CBT-300 bootloader\Drivers\DrvKey.c
             KeyDebounced   0x000e0a       data     extern C:\CBT\CBT-300 bootloader\Drivers\DrvKey.c
                   KeyPad   0x000e10       data     extern C:\CBT\CBT-300 bootloader\Drivers\DrvKey.c
                     LATA   0x000f89       data     extern C:\MCC18\src\extended\proc\p18f67j10.asm
                 LATAbits   0x000f89       data     extern C:\MCC18\src\extended\proc\p18f67j10.asm
                     LATB   0x000f8a       data     extern C:\MCC18\src\extended\proc\p18f67j10.asm
                 LATBbits   0x000f8a       data     extern C:\MCC18\src\extended\proc\p18f67j10.asm
                     LATC   0x000f8b       data     extern C:\MCC18\src\extended\proc\p18f67j10.asm
                 LATCbits   0x000f8b       data     extern C:\MCC18\src\extended\proc\p18f67j10.asm
                     LATD   0x000f8c       data     extern C:\MCC18\src\extended\proc\p18f67j10.asm
                 LATDbits   0x000f8c       data     extern C:\MCC18\src\extended\proc\p18f67j10.asm
                     LATE   0x000f8d       data     extern C:\MCC18\src\extended\proc\p18f67j10.asm
                 LATEbits   0x000f8d       data     extern C:\MCC18\src\extended\proc\p18f67j10.asm
                     LATF   0x000f8e       data     extern C:\MCC18\src\extended\proc\p18f67j10.asm
                 LATFbits   0x000f8e       data     extern C:\MCC18\src\extended\proc\p18f67j10.asm
                     LATG   0x000f8f       data     extern C:\MCC18\src\extended\proc\p18f67j10.asm
                 LATGbits   0x000f8f       data     extern C:\MCC18\src\extended\proc\p18f67j10.asm
          LastKeysPressed   0x000e0e       data     extern C:\CBT\CBT-300 bootloader\Drivers\DrvKey.c
       MXTUpdateTestState   0x000bff       data     extern C:\CBT\CBT-300 bootloader\Application\BootLoad.c
                   OSCCON   0x000fd3       data     extern C:\MCC18\src\extended\proc\p18f67j10.asm
               OSCCONbits   0x000fd3       data     extern C:\MCC18\src\extended\proc\p18f67j10.asm
                  OSCTUNE   0x000f9b       data     extern C:\MCC18\src\extended\proc\p18f67j10.asm
              OSCTUNEbits   0x000f9b       data     extern C:\MCC18\src\extended\proc\p18f67j10.asm
                       PC   0x000ff9       data     extern C:\MCC18\src\extended\proc\p18f67j10.asm
                      PCL   0x000ff9       data     extern C:\MCC18\src\extended\proc\p18f67j10.asm
                   PCLATH   0x000ffa       data     extern C:\MCC18\src\extended\proc\p18f67j10.asm
                   PCLATU   0x000ffb       data     extern C:\MCC18\src\extended\proc\p18f67j10.asm
                     PIE1   0x000f9d       data     extern C:\MCC18\src\extended\proc\p18f67j10.asm
                 PIE1bits   0x000f9d       data     extern C:\MCC18\src\extended\proc\p18f67j10.asm
                     PIE2   0x000fa0       data     extern C:\MCC18\src\extended\proc\p18f67j10.asm
                 PIE2bits   0x000fa0       data     extern C:\MCC18\src\extended\proc\p18f67j10.asm
                     PIE3   0x000fa3       data     extern C:\MCC18\src\extended\proc\p18f67j10.asm
                 PIE3bits   0x000fa3       data     extern C:\MCC18\src\extended\proc\p18f67j10.asm
                     PIR1   0x000f9e       data     extern C:\MCC18\src\extended\proc\p18f67j10.asm
                 PIR1bits   0x000f9e       data     extern C:\MCC18\src\extended\proc\p18f67j10.asm
                     PIR2   0x000fa1       data     extern C:\MCC18\src\extended\proc\p18f67j10.asm
                 PIR2bits   0x000fa1       data     extern C:\MCC18\src\extended\proc\p18f67j10.asm
                     PIR3   0x000fa4       data     extern C:\MCC18\src\extended\proc\p18f67j10.asm
                 PIR3bits   0x000fa4       data     extern C:\MCC18\src\extended\proc\p18f67j10.asm
                   PLUSW0   0x000feb       data     extern C:\MCC18\src\extended\proc\p18f67j10.asm
                   PLUSW1   0x000fe3       data     extern C:\MCC18\src\extended\proc\p18f67j10.asm
                   PLUSW2   0x000fdb       data     extern C:\MCC18\src\extended\proc\p18f67j10.asm
                    PORTA   0x000f80       data     extern C:\MCC18\src\extended\proc\p18f67j10.asm
                PORTAbits   0x000f80       data     extern C:\MCC18\src\extended\proc\p18f67j10.asm
                    PORTB   0x000f81       data     extern C:\MCC18\src\extended\proc\p18f67j10.asm
                PORTBbits   0x000f81       data     extern C:\MCC18\src\extended\proc\p18f67j10.asm
                    PORTC   0x000f82       data     extern C:\MCC18\src\extended\proc\p18f67j10.asm
                PORTCbits   0x000f82       data     extern C:\MCC18\src\extended\proc\p18f67j10.asm
                    PORTD   0x000f83       data     extern C:\MCC18\src\extended\proc\p18f67j10.asm
                PORTDbits   0x000f83       data     extern C:\MCC18\src\extended\proc\p18f67j10.asm
                    PORTE   0x000f84       data     extern C:\MCC18\src\extended\proc\p18f67j10.asm
                PORTEbits   0x000f84       data     extern C:\MCC18\src\extended\proc\p18f67j10.asm
                    PORTF   0x000f85       data     extern C:\MCC18\src\extended\proc\p18f67j10.asm
                PORTFbits   0x000f85       data     extern C:\MCC18\src\extended\proc\p18f67j10.asm
                    PORTG   0x000f86       data     extern C:\MCC18\src\extended\proc\p18f67j10.asm
                PORTGbits   0x000f86       data     extern C:\MCC18\src\extended\proc\p18f67j10.asm
                 POSTDEC0   0x000fed       data     extern C:\MCC18\src\extended\proc\p18f67j10.asm
                 POSTDEC1   0x000fe5       data     extern C:\MCC18\src\extended\proc\p18f67j10.asm
                 POSTDEC2   0x000fdd       data     extern C:\MCC18\src\extended\proc\p18f67j10.asm
                 POSTINC0   0x000fee       data     extern C:\MCC18\src\extended\proc\p18f67j10.asm
                 POSTINC1   0x000fe6       data     extern C:\MCC18\src\extended\proc\p18f67j10.asm
                 POSTINC2   0x000fde       data     extern C:\MCC18\src\extended\proc\p18f67j10.asm
                      PR2   0x000fcb       data     extern C:\MCC18\src\extended\proc\p18f67j10.asm
                      PR4   0x000f77       data     extern C:\MCC18\src\extended\proc\p18f67j10.asm
                  PREINC0   0x000fec       data     extern C:\MCC18\src\extended\proc\p18f67j10.asm
                  PREINC1   0x000fe4       data     extern C:\MCC18\src\extended\proc\p18f67j10.asm
                  PREINC2   0x000fdc       data     extern C:\MCC18\src\extended\proc\p18f67j10.asm
                     PROD   0x000ff3       data     extern C:\MCC18\src\extended\proc\p18f67j10.asm
                    PRODH   0x000ff4       data     extern C:\MCC18\src\extended\proc\p18f67j10.asm
                    PRODL   0x000ff3       data     extern C:\MCC18\src\extended\proc\p18f67j10.asm
                   PSPCON   0x000fb0       data     extern C:\MCC18\src\extended\proc\p18f67j10.asm
               PSPCONbits   0x000fb0       data     extern C:\MCC18\src\extended\proc\p18f67j10.asm
                     RCON   0x000fd0       data     extern C:\MCC18\src\extended\proc\p18f67j10.asm
                 RCONbits   0x000fd0       data     extern C:\MCC18\src\extended\proc\p18f67j10.asm
                    RCREG   0x000fae       data     extern C:\MCC18\src\extended\proc\p18f67j10.asm
                   RCREG1   0x000fae       data     extern C:\MCC18\src\extended\proc\p18f67j10.asm
                   RCREG2   0x000f6e       data     extern C:\MCC18\src\extended\proc\p18f67j10.asm
                    RCSTA   0x000fab       data     extern C:\MCC18\src\extended\proc\p18f67j10.asm
                   RCSTA1   0x000fab       data     extern C:\MCC18\src\extended\proc\p18f67j10.asm
               RCSTA1bits   0x000fab       data     extern C:\MCC18\src\extended\proc\p18f67j10.asm
                   RCSTA2   0x000f6b       data     extern C:\MCC18\src\extended\proc\p18f67j10.asm
               RCSTA2bits   0x000f6b       data     extern C:\MCC18\src\extended\proc\p18f67j10.asm
                RCSTAbits   0x000fab       data     extern C:\MCC18\src\extended\proc\p18f67j10.asm
         REMOTE_BDADDRESS   0x000f06       data     extern C:\CBT\CBT-300 bootloader\System\SysBluetooth.c
  REMOTE_BDADDRESS_Paried   0x000f0c       data     extern C:\CBT\CBT-300 bootloader\System\SysBluetooth.c
          REMOTE_LINK_KEY   0x000f15       data     extern C:\CBT\CBT-300 bootloader\System\SysBluetooth.c
                    SPBRG   0x000faf       data     extern C:\MCC18\src\extended\proc\p18f67j10.asm
                   SPBRG1   0x000faf       data     extern C:\MCC18\src\extended\proc\p18f67j10.asm
                   SPBRG2   0x000f6f       data     extern C:\MCC18\src\extended\proc\p18f67j10.asm
                  SPBRGH1   0x000f7f       data     extern C:\MCC18\src\extended\proc\p18f67j10.asm
                  SPBRGH2   0x000f7d       data     extern C:\MCC18\src\extended\proc\p18f67j10.asm
                  SSP1ADD   0x000fc8       data     extern C:\MCC18\src\extended\proc\p18f67j10.asm
                  SSP1BUF   0x000fc9       data     extern C:\MCC18\src\extended\proc\p18f67j10.asm
                 SSP1CON1   0x000fc6       data     extern C:\MCC18\src\extended\proc\p18f67j10.asm
             SSP1CON1bits   0x000fc6       data     extern C:\MCC18\src\extended\proc\p18f67j10.asm
                 SSP1CON2   0x000fc5       data     extern C:\MCC18\src\extended\proc\p18f67j10.asm
             SSP1CON2bits   0x000fc5       data     extern C:\MCC18\src\extended\proc\p18f67j10.asm
                 SSP1STAT   0x000fc7       data     extern C:\MCC18\src\extended\proc\p18f67j10.asm
             SSP1STATbits   0x000fc7       data     extern C:\MCC18\src\extended\proc\p18f67j10.asm
                  SSP2ADD   0x000f65       data     extern C:\MCC18\src\extended\proc\p18f67j10.asm
                  SSP2BUF   0x000f66       data     extern C:\MCC18\src\extended\proc\p18f67j10.asm
                 SSP2CON1   0x000f63       data     extern C:\MCC18\src\extended\proc\p18f67j10.asm
             SSP2CON1bits   0x000f63       data     extern C:\MCC18\src\extended\proc\p18f67j10.asm
                 SSP2CON2   0x000f62       data     extern C:\MCC18\src\extended\proc\p18f67j10.asm
             SSP2CON2bits   0x000f62       data     extern C:\MCC18\src\extended\proc\p18f67j10.asm
                 SSP2STAT   0x000f64       data     extern C:\MCC18\src\extended\proc\p18f67j10.asm
             SSP2STATbits   0x000f64       data     extern C:\MCC18\src\extended\proc\p18f67j10.asm
                   SSPADD   0x000fc8       data     extern C:\MCC18\src\extended\proc\p18f67j10.asm
                   SSPBUF   0x000fc9       data     extern C:\MCC18\src\extended\proc\p18f67j10.asm
                  SSPCON1   0x000fc6       data     extern C:\MCC18\src\extended\proc\p18f67j10.asm
              SSPCON1bits   0x000fc6       data     extern C:\MCC18\src\extended\proc\p18f67j10.asm
                  SSPCON2   0x000fc5       data     extern C:\MCC18\src\extended\proc\p18f67j10.asm
              SSPCON2bits   0x000fc5       data     extern C:\MCC18\src\extended\proc\p18f67j10.asm
                  SSPSTAT   0x000fc7       data     extern C:\MCC18\src\extended\proc\p18f67j10.asm
              SSPSTATbits   0x000fc7       data     extern C:\MCC18\src\extended\proc\p18f67j10.asm
                   STATUS   0x000fd8       data     extern C:\MCC18\src\extended\proc\p18f67j10.asm
               STATUSbits   0x000fd8       data     extern C:\MCC18\src\extended\proc\p18f67j10.asm
                   STKPTR   0x000ffc       data     extern C:\MCC18\src\extended\proc\p18f67j10.asm
               STKPTRbits   0x000ffc       data     extern C:\MCC18\src\extended\proc\p18f67j10.asm
         SerialNumberData   0x000bce       data     extern C:\CBT\CBT-300 bootloader\System\SysBluetooth.c
     SerialPort2DrvBuffer   0x000a2c       data     extern C:\CBT\CBT-300 bootloader\Application\AppData.c
          SerialRxBuffer1   0x000a04       data     extern C:\CBT\CBT-300 bootloader\Application\AppData.c
          SerialRxBuffer2   0x000060       data     extern C:\CBT\CBT-300 bootloader\Application\AppBluetooth.c
                    T0CON   0x000fd5       data     extern C:\MCC18\src\extended\proc\p18f67j10.asm
                T0CONbits   0x000fd5       data     extern C:\MCC18\src\extended\proc\p18f67j10.asm
                    T1CON   0x000fcd       data     extern C:\MCC18\src\extended\proc\p18f67j10.asm
                T1CONbits   0x000fcd       data     extern C:\MCC18\src\extended\proc\p18f67j10.asm
                    T2CON   0x000fca       data     extern C:\MCC18\src\extended\proc\p18f67j10.asm
                T2CONbits   0x000fca       data     extern C:\MCC18\src\extended\proc\p18f67j10.asm
                    T3CON   0x000fb1       data     extern C:\MCC18\src\extended\proc\p18f67j10.asm
[...]
                 LATEbits   0x000f8d       data     extern C:\MCC18\src\extended\proc\p18f67j10.asm
                     LATE   0x000f8d       data     extern C:\MCC18\src\extended\proc\p18f67j10.asm
                 LATFbits   0x000f8e       data     extern C:\MCC18\src\extended\proc\p18f67j10.asm
                     LATF   0x000f8e       data     extern C:\MCC18\src\extended\proc\p18f67j10.asm
                     LATG   0x000f8f       data     extern C:\MCC18\src\extended\proc\p18f67j10.asm
                 LATGbits   0x000f8f       data     extern C:\MCC18\src\extended\proc\p18f67j10.asm
                 DDRAbits   0x000f92       data     extern C:\MCC18\src\extended\proc\p18f67j10.asm
                     DDRA   0x000f92       data     extern C:\MCC18\src\extended\proc\p18f67j10.asm
                    TRISA   0x000f92       data     extern C:\MCC18\src\extended\proc\p18f67j10.asm
                TRISAbits   0x000f92       data     extern C:\MCC18\src\extended\proc\p18f67j10.asm
                    TRISB   0x000f93       data     extern C:\MCC18\src\extended\proc\p18f67j10.asm
                TRISBbits   0x000f93       data     extern C:\MCC18\src\extended\proc\p18f67j10.asm
                     DDRB   0x000f93       data     extern C:\MCC18\src\extended\proc\p18f67j10.asm
                 DDRBbits   0x000f93       data     extern C:\MCC18\src\extended\proc\p18f67j10.asm
                     DDRC   0x000f94       data     extern C:\MCC18\src\extended\proc\p18f67j10.asm
                 DDRCbits   0x000f94       data     extern C:\MCC18\src\extended\proc\p18f67j10.asm
                TRISCbits   0x000f94       data     extern C:\MCC18\src\extended\proc\p18f67j10.asm
                    TRISC   0x000f94       data     extern C:\MCC18\src\extended\proc\p18f67j10.asm
                TRISDbits   0x000f95       data     extern C:\MCC18\src\extended\proc\p18f67j10.asm
                    TRISD   0x000f95       data     extern C:\MCC18\src\extended\proc\p18f67j10.asm
                     DDRD   0x000f95       data     extern C:\MCC18\src\extended\proc\p18f67j10.asm
                 DDRDbits   0x000f95       data     extern C:\MCC18\src\extended\proc\p18f67j10.asm
                     DDRE   0x000f96       data     extern C:\MCC18\src\extended\proc\p18f67j10.asm
                TRISEbits   0x000f96       data     extern C:\MCC18\src\extended\proc\p18f67j10.asm
                    TRISE   0x000f96       data     extern C:\MCC18\src\extended\proc\p18f67j10.asm
                 DDREbits   0x000f96       data     extern C:\MCC18\src\extended\proc\p18f67j10.asm
                 DDRFbits   0x000f97       data     extern C:\MCC18\src\extended\proc\p18f67j10.asm
                     DDRF   0x000f97       data     extern C:\MCC18\src\extended\proc\p18f67j10.asm
                TRISFbits   0x000f97       data     extern C:\MCC18\src\extended\proc\p18f67j10.asm
                    TRISF   0x000f97       data     extern C:\MCC18\src\extended\proc\p18f67j10.asm
                     DDRG   0x000f98       data     extern C:\MCC18\src\extended\proc\p18f67j10.asm
                TRISGbits   0x000f98       data     extern C:\MCC18\src\extended\proc\p18f67j10.asm
                    TRISG   0x000f98       data     extern C:\MCC18\src\extended\proc\p18f67j10.asm
                 DDRGbits   0x000f98       data     extern C:\MCC18\src\extended\proc\p18f67j10.asm
                  OSCTUNE   0x000f9b       data     extern C:\MCC18\src\extended\proc\p18f67j10.asm
              OSCTUNEbits   0x000f9b       data     extern C:\MCC18\src\extended\proc\p18f67j10.asm
                     PIE1   0x000f9d       data     extern C:\MCC18\src\extended\proc\p18f67j10.asm
                 PIE1bits   0x000f9d       data     extern C:\MCC18\src\extended\proc\p18f67j10.asm
                     PIR1   0x000f9e       data     extern C:\MCC18\src\extended\proc\p18f67j10.asm
                 PIR1bits   0x000f9e       data     extern C:\MCC18\src\extended\proc\p18f67j10.asm
                     IPR1   0x000f9f       data     extern C:\MCC18\src\extended\proc\p18f67j10.asm
                 IPR1bits   0x000f9f       data     extern C:\MCC18\src\extended\proc\p18f67j10.asm
                     PIE2   0x000fa0       data     extern C:\MCC18\src\extended\proc\p18f67j10.asm
                 PIE2bits   0x000fa0       data     extern C:\MCC18\src\extended\proc\p18f67j10.asm
                     PIR2   0x000fa1       data     extern C:\MCC18\src\extended\proc\p18f67j10.asm
                 PIR2bits   0x000fa1       data     extern C:\MCC18\src\extended\proc\p18f67j10.asm
                     IPR2   0x000fa2       data     extern C:\MCC18\src\extended\proc\p18f67j10.asm
                 IPR2bits   0x000fa2       data     extern C:\MCC18\src\extended\proc\p18f67j10.asm
                     PIE3   0x000fa3       data     extern C:\MCC18\src\extended\proc\p18f67j10.asm
                 PIE3bits   0x000fa3       data     extern C:\MCC18\src\extended\proc\p18f67j10.asm
                     PIR3   0x000fa4       data     extern C:\MCC18\src\extended\proc\p18f67j10.asm
                 PIR3bits   0x000fa4       data     extern C:\MCC18\src\extended\proc\p18f67j10.asm
                 IPR3bits   0x000fa5       data     extern C:\MCC18\src\extended\proc\p18f67j10.asm
                     IPR3   0x000fa5       data     extern C:\MCC18\src\extended\proc\p18f67j10.asm
               EECON1bits   0x000fa6       data     extern C:\MCC18\src\extended\proc\p18f67j10.asm
                   EECON1   0x000fa6       data     extern C:\MCC18\src\extended\proc\p18f67j10.asm
                   EECON2   0x000fa7       data     extern C:\MCC18\src\extended\proc\p18f67j10.asm
                RCSTAbits   0x000fab       data     extern C:\MCC18\src\extended\proc\p18f67j10.asm
                    RCSTA   0x000fab       data     extern C:\MCC18\src\extended\proc\p18f67j10.asm
                   RCSTA1   0x000fab       data     extern C:\MCC18\src\extended\proc\p18f67j10.asm
               RCSTA1bits   0x000fab       data     extern C:\MCC18\src\extended\proc\p18f67j10.asm
               TXSTA1bits   0x000fac       data     extern C:\MCC18\src\extended\proc\p18f67j10.asm
                   TXSTA1   0x000fac       data     extern C:\MCC18\src\extended\proc\p18f67j10.asm
                TXSTAbits   0x000fac       data     extern C:\MCC18\src\extended\proc\p18f67j10.asm
                    TXSTA   0x000fac       data     extern C:\MCC18\src\extended\proc\p18f67j10.asm
                   TXREG1   0x000fad       data     extern C:\MCC18\src\extended\proc\p18f67j10.asm
                    TXREG   0x000fad       data     extern C:\MCC18\src\extended\proc\p18f67j10.asm
                   RCREG1   0x000fae       data     extern C:\MCC18\src\extended\proc\p18f67j10.asm
                    RCREG   0x000fae       data     extern C:\MCC18\src\extended\proc\p18f67j10.asm
                    SPBRG   0x000faf       data     extern C:\MCC18\src\extended\proc\p18f67j10.asm
                   SPBRG1   0x000faf       data     extern C:\MCC18\src\extended\proc\p18f67j10.asm
               PSPCONbits   0x000fb0       data     extern C:\MCC18\src\extended\proc\p18f67j10.asm
                   PSPCON   0x000fb0       data     extern C:\MCC18\src\extended\proc\p18f67j10.asm
                    T3CON   0x000fb1       data     extern C:\MCC18\src\extended\proc\p18f67j10.asm
                T3CONbits   0x000fb1       data     extern C:\MCC18\src\extended\proc\p18f67j10.asm
                    TMR3L   0x000fb2       data     extern C:\MCC18\src\extended\proc\p18f67j10.asm
                    TMR3H   0x000fb3       data     extern C:\MCC18\src\extended\proc\p18f67j10.asm
                CMCONbits   0x000fb4       data     extern C:\MCC18\src\extended\proc\p18f67j10.asm
                    CMCON   0x000fb4       data     extern C:\MCC18\src\extended\proc\p18f67j10.asm
                   CVRCON   0x000fb5       data     extern C:\MCC18\src\extended\proc\p18f67j10.asm
               CVRCONbits   0x000fb5       data     extern C:\MCC18\src\extended\proc\p18f67j10.asm
              ECCP1ASbits   0x000fb6       data     extern C:\MCC18\src\extended\proc\p18f67j10.asm
                  ECCP1AS   0x000fb6       data     extern C:\MCC18\src\extended\proc\p18f67j10.asm
                 ECCP3CON   0x000fb7       data     extern C:\MCC18\src\extended\proc\p18f67j10.asm
              CCP3CONbits   0x000fb7       data     extern C:\MCC18\src\extended\proc\p18f67j10.asm
             ECCP3CONbits   0x000fb7       data     extern C:\MCC18\src\extended\proc\p18f67j10.asm
                  CCP3CON   0x000fb7       data     extern C:\MCC18\src\extended\proc\p18f67j10.asm
                   CCPR3L   0x000fb8       data     extern C:\MCC18\src\extended\proc\p18f67j10.asm
                    CCPR3   0x000fb8       data     extern C:\MCC18\src\extended\proc\p18f67j10.asm
                   CCPR3H   0x000fb9       data     extern C:\MCC18\src\extended\proc\p18f67j10.asm
                 ECCP2CON   0x000fba       data     extern C:\MCC18\src\extended\proc\p18f67j10.asm
             ECCP2CONbits   0x000fba       data     extern C:\MCC18\src\extended\proc\p18f67j10.asm
                  CCP2CON   0x000fba       data     extern C:\MCC18\src\extended\proc\p18f67j10.asm
              CCP2CONbits   0x000fba       data     extern C:\MCC18\src\extended\proc\p18f67j10.asm
                   CCPR2L   0x000fbb       data     extern C:\MCC18\src\extended\proc\p18f67j10.asm
                    CCPR2   0x000fbb       data     extern C:\MCC18\src\extended\proc\p18f67j10.asm
                   CCPR2H   0x000fbc       data     extern C:\MCC18\src\extended\proc\p18f67j10.asm
              CCP1CONbits   0x000fbd       data     extern C:\MCC18\src\extended\proc\p18f67j10.asm
                  CCP1CON   0x000fbd       data     extern C:\MCC18\src\extended\proc\p18f67j10.asm
                 ECCP1CON   0x000fbd       data     extern C:\MCC18\src\extended\proc\p18f67j10.asm
             ECCP1CONbits   0x000fbd       data     extern C:\MCC18\src\extended\proc\p18f67j10.asm
                    CCPR1   0x000fbe       data     extern C:\MCC18\src\extended\proc\p18f67j10.asm
                   CCPR1L   0x000fbe       data     extern C:\MCC18\src\extended\proc\p18f67j10.asm
                   CCPR1H   0x000fbf       data     extern C:\MCC18\src\extended\proc\p18f67j10.asm
                   ADCON2   0x000fc0       data     extern C:\MCC18\src\extended\proc\p18f67j10.asm
               ADCON2bits   0x000fc0       data     extern C:\MCC18\src\extended\proc\p18f67j10.asm
                   ADCON1   0x000fc1       data     extern C:\MCC18\src\extended\proc\p18f67j10.asm
               ADCON1bits   0x000fc1       data     extern C:\MCC18\src\extended\proc\p18f67j10.asm
               ADCON0bits   0x000fc2       data     extern C:\MCC18\src\extended\proc\p18f67j10.asm
                   ADCON0   0x000fc2       data     extern C:\MCC18\src\extended\proc\p18f67j10.asm
                    ADRES   0x000fc3       data     extern C:\MCC18\src\extended\proc\p18f67j10.asm
                   ADRESL   0x000fc3       data     extern C:\MCC18\src\extended\proc\p18f67j10.asm
                   ADRESH   0x000fc4       data     extern C:\MCC18\src\extended\proc\p18f67j10.asm
                  SSPCON2   0x000fc5       data     extern C:\MCC18\src\extended\proc\p18f67j10.asm
              SSPCON2bits   0x000fc5       data     extern C:\MCC18\src\extended\proc\p18f67j10.asm
                 SSP1CON2   0x000fc5       data     extern C:\MCC18\src\extended\proc\p18f67j10.asm
             SSP1CON2bits   0x000fc5       data     extern C:\MCC18\src\extended\proc\p18f67j10.asm
                 SSP1CON1   0x000fc6       data     extern C:\MCC18\src\extended\proc\p18f67j10.asm
             SSP1CON1bits   0x000fc6       data     extern C:\MCC18\src\extended\proc\p18f67j10.asm
                  SSPCON1   0x000fc6       data     extern C:\MCC18\src\extended\proc\p18f67j10.asm
              SSPCON1bits   0x000fc6       data     extern C:\MCC18\src\extended\proc\p18f67j10.asm
              SSPSTATbits   0x000fc7       data     extern C:\MCC18\src\extended\proc\p18f67j10.asm
                 SSP1STAT   0x000fc7       data     extern C:\MCC18\src\extended\proc\p18f67j10.asm
                  SSPSTAT   0x000fc7       data     extern C:\MCC18\src\extended\proc\p18f67j10.asm
             SSP1STATbits   0x000fc7       data     extern C:\MCC18\src\extended\proc\p18f67j10.asm
                  SSP1ADD   0x000fc8       data     extern C:\MCC18\src\extended\proc\p18f67j10.asm
                   SSPADD   0x000fc8       data     extern C:\MCC18\src\extended\proc\p18f67j10.asm
                   SSPBUF   0x000fc9       data     extern C:\MCC18\src\extended\proc\p18f67j10.asm
                  SSP1BUF   0x000fc9       data     extern C:\MCC18\src\extended\proc\p18f67j10.asm
                T2CONbits   0x000fca       data     extern C:\MCC18\src\extended\proc\p18f67j10.asm
                    T2CON   0x000fca       data     extern C:\MCC18\src\extended\proc\p18f67j10.asm
                      PR2   0x000fcb       data     extern C:\MCC18\src\extended\proc\p18f67j10.asm
                     TMR2   0x000fcc       data     extern C:\MCC18\src\extended\proc\p18f67j10.asm
                    T1CON   0x000fcd       data     extern C:\MCC18\src\extended\proc\p18f67j10.asm
                T1CONbits   0x000fcd       data     extern C:\MCC18\src\extended\proc\p18f67j10.asm
                    TMR1L   0x000fce       data     extern C:\MCC18\src\extended\proc\p18f67j10.asm
                    TMR1H   0x000fcf       data     extern C:\MCC18\src\extended\proc\p18f67j10.asm
                 RCONbits   0x000fd0       data     extern C:\MCC18\src\extended\proc\p18f67j10.asm
                     RCON   0x000fd0       data     extern C:\MCC18\src\extended\proc\p18f67j10.asm
                   WDTCON   0x000fd1       data     extern C:\MCC18\src\extended\proc\p18f67j10.asm
               WDTCONbits   0x000fd1       data     extern C:\MCC18\src\extended\proc\p18f67j10.asm
               OSCCONbits   0x000fd3       data     extern C:\MCC18\src\extended\proc\p18f67j10.asm
                   OSCCON   0x000fd3       data     extern C:\MCC18\src\extended\proc\p18f67j10.asm
                T0CONbits   0x000fd5       data     extern C:\MCC18\src\extended\proc\p18f67j10.asm
                    T0CON   0x000fd5       data     extern C:\MCC18\src\extended\proc\p18f67j10.asm
                    TMR0L   0x000fd6       data     extern C:\MCC18\src\extended\proc\p18f67j10.asm
                    TMR0H   0x000fd7       data     extern C:\MCC18\src\extended\proc\p18f67j10.asm
               STATUSbits   0x000fd8       data     extern C:\MCC18\src\extended\proc\p18f67j10.asm
                   STATUS   0x000fd8       data     extern C:\MCC18\src\extended\proc\p18f67j10.asm
                    FSR2L   0x000fd9       data     extern C:\MCC18\src\extended\proc\p18f67j10.asm
                     FSR2   0x000fd9       data     extern C:\MCC18\src\extended\proc\p18f67j10.asm
                    FSR2H   0x000fda       data     extern C:\MCC18\src\extended\proc\p18f67j10.asm
                   PLUSW2   0x000fdb       data     extern C:\MCC18\src\extended\proc\p18f67j10.asm
                  PREINC2   0x000fdc       data     extern C:\MCC18\src\extended\proc\p18f67j10.asm
                 POSTDEC2   0x000fdd       data     extern C:\MCC18\src\extended\proc\p18f67j10.asm
                 POSTINC2   0x000fde       data     extern C:\MCC18\src\extended\proc\p18f67j10.asm
                    INDF2   0x000fdf       data     extern C:\MCC18\src\extended\proc\p18f67j10.asm
                      BSR   0x000fe0       data     extern C:\MCC18\src\extended\proc\p18f67j10.asm
                    FSR1L   0x000fe1       data     extern C:\MCC18\src\extended\proc\p18f67j10.asm
                     FSR1   0x000fe1       data     extern C:\MCC18\src\extended\proc\p18f67j10.asm
                    FSR1H   0x000fe2       data     extern C:\MCC18\src\extended\proc\p18f67j10.asm
                   PLUSW1   0x000fe3       data     extern C:\MCC18\src\extended\proc\p18f67j10.asm
                  PREINC1   0x000fe4       data     extern C:\MCC18\src\extended\proc\p18f67j10.asm
                 POSTDEC1   0x000fe5       data     extern C:\MCC18\src\extended\proc\p18f67j10.asm
                 POSTINC1   0x000fe6       data     extern C:\MCC18\src\extended\proc\p18f67j10.asm
                    INDF1   0x000fe7       data     extern C:\MCC18\src\extended\proc\p18f67j10.asm
                     WREG   0x000fe8       data     extern C:\MCC18\src\extended\proc\p18f67j10.asm
                     FSR0   0x000fe9       data     extern C:\MCC18\src\extended\proc\p18f67j10.asm
                    FSR0L   0x000fe9       data     extern C:\MCC18\src\extended\proc\p18f67j10.asm
                    FSR0H   0x000fea       data     extern C:\MCC18\src\extended\proc\p18f67j10.asm
                   PLUSW0   0x000feb       data     extern C:\MCC18\src\extended\proc\p18f67j10.asm
                  PREINC0   0x000fec       data     extern C:\MCC18\src\extended\proc\p18f67j10.asm
                 POSTDEC0   0x000fed       data     extern C:\MCC18\src\extended\proc\p18f67j10.asm
                 POSTINC0   0x000fee       data     extern C:\MCC18\src\extended\proc\p18f67j10.asm
                    INDF0   0x000fef       data     extern C:\MCC18\src\extended\proc\p18f67j10.asm
              INTCON3bits   0x000ff0       data     extern C:\MCC18\src\extended\proc\p18f67j10.asm
                  INTCON3   0x000ff0       data     extern C:\MCC18\src\extended\proc\p18f67j10.asm
                  INTCON2   0x000ff1       data     extern C:\MCC18\src\extended\proc\p18f67j10.asm
              INTCON2bits   0x000ff1       data     extern C:\MCC18\src\extended\proc\p18f67j10.asm
                   INTCON   0x000ff2       data     extern C:\MCC18\src\extended\proc\p18f67j10.asm
               INTCONbits   0x000ff2       data     extern C:\MCC18\src\extended\proc\p18f67j10.asm
                     PROD   0x000ff3       data     extern C:\MCC18\src\extended\proc\p18f67j10.asm
                    PRODL   0x000ff3       data     extern C:\MCC18\src\extended\proc\p18f67j10.asm
                    PRODH   0x000ff4       data     extern C:\MCC18\src\extended\proc\p18f67j10.asm
                   TABLAT   0x000ff5       data     extern C:\MCC18\src\extended\proc\p18f67j10.asm
                   TBLPTR   0x000ff6       data     extern C:\MCC18\src\extended\proc\p18f67j10.asm
                  TBLPTRL   0x000ff6       data     extern C:\MCC18\src\extended\proc\p18f67j10.asm
                  TBLPTRH   0x000ff7       data     extern C:\MCC18\src\extended\proc\p18f67j10.asm
                  TBLPTRU   0x000ff8       data     extern C:\MCC18\src\extended\proc\p18f67j10.asm
                      PCL   0x000ff9       data     extern C:\MCC18\src\extended\proc\p18f67j10.asm
                       PC   0x000ff9       data     extern C:\MCC18\src\extended\proc\p18f67j10.asm
                   PCLATH   0x000ffa       data     extern C:\MCC18\src\extended\proc\p18f67j10.asm
                   PCLATU   0x000ffb       data     extern C:\MCC18\src\extended\proc\p18f67j10.asm
                   STKPTR   0x000ffc       data     extern C:\MCC18\src\extended\proc\p18f67j10.asm
               STKPTRbits   0x000ffc       data     extern C:\MCC18\src\extended\proc\p18f67j10.asm
                     TOSL   0x000ffd       data     extern C:\MCC18\src\extended\proc\p18f67j10.asm
                      TOS   0x000ffd       data     extern C:\MCC18\src\extended\proc\p18f67j10.asm
                     TOSH   0x000ffe       data     extern C:\MCC18\src\extended\proc\p18f67j10.asm
                     TOSU   0x000fff       data     extern C:\MCC18\src\extended\proc\p18f67j10.asm


