MPLINK 4.13, Linker
Linker Map File - Created Wed Apr 25 16:11:02 2018

                                 Section Info
                  Section       Type    Address   Location Size(Bytes)
                ---------  ---------  ---------  ---------  ---------
               _entry_scn       code   0x000000    program   0x000006
              high_vector       code   0x000008    program   0x00000c
               low_vector       code   0x000018    program   0x00000c
                   .cinit    romdata   0x000030    program   0x000026
     .code_SysBluetooth.o       code   0x000056    program   0x001f7a
     .code_AppBluetooth.o       code   0x001fd0    program   0x000890
         .code_BootLoad.o       code   0x002860    program   0x00069e
.code_DrvUsart_18F67J10.o       code   0x002efe    program   0x000516
.code_DrvLCD_OPTO1140GG.o       code   0x003414    program   0x00036a
  .romdata_SysBluetooth.o    romdata   0x00377e    program   0x00035d
        .romdata___init.o    romdata   0x003adb    program   0x000000
    .romdata_DrvMdxP600.o    romdata   0x003adb    program   0x000000
    .idata_DrvPan1026.o_i    romdata   0x003adb    program   0x000000
    .romdata_DrvPan1026.o    romdata   0x003adb    program   0x000000
.idata_DrvInt_18F67J10.o_i    romdata   0x003adb    program   0x000000
.romdata_DrvInt_18F67J10.o    romdata   0x003adb    program   0x000000
        .idata___init.o_i    romdata   0x003adb    program   0x000000
    .romdata_SysDisplay.o    romdata   0x003adb    program   0x000000
        .idata_DrvKey.o_i    romdata   0x003adb    program   0x000000
        .romdata_DrvKey.o    romdata   0x003adb    program   0x000000
.idata_DrvLCD_OPTO1140GG.o_i    romdata   0x003adb    program   0x000000
.romdata_DrvLCD_OPTO1140GG.o    romdata   0x003adb    program   0x000000
    .idata_SysDisplay.o_i    romdata   0x003adb    program   0x000000
       .idata_DrvLoad.o_i    romdata   0x003adb    program   0x000000
       .romdata_DrvLoad.o    romdata   0x003adb    program   0x000000
.idata_DrvSsp_18F67J10.o_i    romdata   0x003adb    program   0x000000
.romdata_DrvSsp_18F67J10.o    romdata   0x003adb    program   0x000000
.idata_DrvTimer_18F67J10.o_i    romdata   0x003adb    program   0x000000
.romdata_DrvTimer_18F67J10.o    romdata   0x003adb    program   0x000000
.idata_DrvConfigBoard.o_i    romdata   0x003adb    program   0x000000
.romdata_DrvConfigBoard.o    romdata   0x003adb    program   0x000000
       .idata_c018i_e.o_i    romdata   0x003adb    program   0x000000
       .romdata_c018i_e.o    romdata   0x003adb    program   0x000000
       .idata_Font6x8.o_i    romdata   0x003adb    program   0x000000
          .idata_Main.o_i    romdata   0x003adb    program   0x000000
          .romdata_Main.o    romdata   0x003adb    program   0x000000
       .idata_ChkSCod.o_i    romdata   0x003adb    program   0x000000
       .romdata_ChkSCod.o    romdata   0x003adb    program   0x000000
      .idata_BootLoad.o_i    romdata   0x003adb    program   0x000001
       .romdata_AppData.o    romdata   0x003adb    program   0x000000
.idata_DrvEeprom_25AA320.o_i    romdata   0x003adb    program   0x000000
.romdata_DrvEeprom_25AA320.o    romdata   0x003adb    program   0x000000
    .idata_DrvMdxP600.o_i    romdata   0x003adb    program   0x000000
.romdata_DrvUsart_18F67J10.o    romdata   0x003adb    program   0x000000
.idata_DrvUsart_18F67J10.o_i    romdata   0x003adb    program   0x000000
.code_DrvEeprom_25AA320.o       code   0x003adc    program   0x0002ba
                   STRING       code   0x003d96    program   0x000270
                     PROG       code   0x004006    program   0x000244
.code_DrvTimer_18F67J10.o       code   0x00424a    program   0x000222
  .code_DrvInt_18F67J10.o       code   0x00446c    program   0x00020c
       .code_SysDisplay.o       code   0x004678    program   0x0001ee
       .romdata_Font6x8.o    romdata   0x004866    program   0x0001e0
             .code_Main.o       code   0x004a46    program   0x000166
          .code_ChkSCod.o       code   0x004bac    program   0x0000e4
               _cinit_scn       code   0x004c90    program   0x00009e
  .romdata_AppBluetooth.o    romdata   0x004d2e    program   0x00008c
           .code_DrvKey.o       code   0x004dba    program   0x000058
  .code_DrvSsp_18F67J10.o       code   0x004e12    program   0x000040
      .romdata_BootLoad.o    romdata   0x004e52    program   0x00002e
   .code_DrvConfigBoard.o       code   0x004e80    program   0x00002e
       .code_DrvPan1026.o       code   0x004eae    program   0x000020
             _startup_scn       code   0x004ece    program   0x00001a
          .code_DrvLoad.o       code   0x004ee8    program   0x00000e
                    .code       code   0x004ef6    program   0x00000e
             .stringtable    romdata   0x004f04    program   0x00000c
       .code_DrvMdxP600.o       code   0x004f10    program   0x000004
           .code___init.o       code   0x004f14    program   0x000002
  .idata_SysBluetooth.o_i    romdata   0x004f16    program   0x000031
       .idata_AppData.o_i    romdata   0x004f47    program   0x000001
          .code_Font6x8.o       code   0x004f48    program   0x000000
          .code_c018i_e.o       code   0x004f48    program   0x000000
          .code_AppData.o       code   0x004f48    program   0x000000
  .idata_AppBluetooth.o_i    romdata   0x004f48    program   0x000000
.config_1fff8_DrvMdxP600.o    romdata   0x01fff8    program   0x000001
.config_1fff9_DrvMdxP600.o    romdata   0x01fff9    program   0x000001
.config_1fffa_DrvMdxP600.o    romdata   0x01fffa    program   0x000001
.config_1fffb_DrvMdxP600.o    romdata   0x01fffb    program   0x000001
.config_1fffd_DrvMdxP600.o    romdata   0x01fffd    program   0x000001
        .udata_BootLoad.o      udata   0x000000       data   0x000057
                 .tmpdata      udata   0x000057       data   0x000009
    .udata_AppBluetooth.o      udata   0x000060       data   0x0000a0
       GlobalBTDataBuffer      udata   0x000100       data   0x000100
         .udata_AppData.o      udata   0x000a00       data   0x0001ce
    .idata_SysBluetooth.o      idata   0x000bce       data   0x000031
        .idata_BootLoad.o      idata   0x000bff       data   0x000001
                   .stack      udata   0x000d00       data   0x000100
         .udata_c018i_e.o      udata   0x000e00       data   0x00000a
          .udata_DrvKey.o      udata   0x000e0a       data   0x000007
         .idata_AppData.o      idata   0x000e11       data   0x000001
          .udata___init.o      udata   0x000e12       data   0x000000
         .idata_c018i_e.o      idata   0x000e12       data   0x000000
      .idata_SysDisplay.o      idata   0x000e12       data   0x000000
      .udata_SysDisplay.o      udata   0x000e12       data   0x000000
  .idata_DrvConfigBoard.o      idata   0x000e12       data   0x000000
  .udata_DrvConfigBoard.o      udata   0x000e12       data   0x000000
.idata_DrvTimer_18F67J10.o      idata   0x000e12       data   0x000000
 .idata_DrvSsp_18F67J10.o      idata   0x000e12       data   0x000000
 .udata_DrvSsp_18F67J10.o      udata   0x000e12       data   0x000000
         .idata_DrvLoad.o      idata   0x000e12       data   0x000000
         .udata_DrvLoad.o      udata   0x000e12       data   0x000000
.idata_DrvLCD_OPTO1140GG.o      idata   0x000e12       data   0x000000
.udata_DrvLCD_OPTO1140GG.o      udata   0x000e12       data   0x000000
          .idata_DrvKey.o      idata   0x000e12       data   0x000000
          .idata___init.o      idata   0x000e12       data   0x000000
         .idata_ChkSCod.o      idata   0x000e12       data   0x000000
         .udata_ChkSCod.o      udata   0x000e12       data   0x000000
            .idata_Main.o      idata   0x000e12       data   0x000000
            .udata_Main.o      udata   0x000e12       data   0x000000
         .idata_Font6x8.o      idata   0x000e12       data   0x000000
         .udata_Font6x8.o      udata   0x000e12       data   0x000000
    .idata_AppBluetooth.o      idata   0x000e12       data   0x000000
.udata_DrvEeprom_25AA320.o      udata   0x000e12       data   0x000000
.idata_DrvEeprom_25AA320.o      idata   0x000e12       data   0x000000
.idata_DrvUsart_18F67J10.o      idata   0x000e12       data   0x000000
      .udata_DrvMdxP600.o      udata   0x000e12       data   0x000000
      .idata_DrvMdxP600.o      idata   0x000e12       data   0x000000
      .udata_DrvPan1026.o      udata   0x000e12       data   0x000000
      .idata_DrvPan1026.o      idata   0x000e12       data   0x000000
 .udata_DrvInt_18F67J10.o      udata   0x000e12       data   0x000000
 .idata_DrvInt_18F67J10.o      idata   0x000e12       data   0x000000
    .udata_SysBluetooth.o      udata   0x000f00       data   0x00003f
.udata_DrvUsart_18F67J10.o      udata   0x000f3f       data   0x000010
.udata_DrvTimer_18F67J10.o      udata   0x000f4f       data   0x00000d
                MATH_DATA      udata   0x000f5c       data   0x000004
            SFR_UNBANKED0      udata   0x000f62       data   0x00009e



                              Program Memory Usage 
                               Start         End      
                           ---------   ---------      
                            0x000000    0x000005      
                            0x000008    0x000013      
                            0x000018    0x000023      
                            0x000030    0x004f47      
                            0x01fff8    0x01fffb      
                            0x01fffd    0x01fffd      
            20283 out of 131066 program addresses used, program memory utilization is 15%



                              Symbols - Sorted by Name
                     Name    Address   Location    Storage File                     
                ---------  ---------  ---------  --------- ---------                
       AppCheckSerialPort   0x002036    program     extern C:\CBT\CBT-300 bootloader\Application\AppBluetooth.c
                  AppInit   0x004a46    program     extern C:\CBT\CBT-300 bootloader\Application\Main.c
            AsciiToBinary   0x002e5e    program     extern C:\CBT\CBT-300 bootloader\Application\BootLoad.c
          BTAdjustAddress   0x003ad5    program     extern C:\CBT\CBT-300 bootloader\System\SysBluetooth.c
        BTConnectComplete   0x004d80    program     extern C:\CBT\CBT-300 bootloader\Application\AppBluetooth.c
         BTInitializeChar   0x004d2e    program     extern C:\CBT\CBT-300 bootloader\Application\AppBluetooth.c
               BTPairChar   0x004d60    program     extern C:\CBT\CBT-300 bootloader\Application\AppBluetooth.c
          BTPleaseConnect   0x004d51    program     extern C:\CBT\CBT-300 bootloader\Application\AppBluetooth.c
             BTPleaseWait   0x004d45    program     extern C:\CBT\CBT-300 bootloader\Application\AppBluetooth.c
              BTReadyChar   0x004d3c    program     extern C:\CBT\CBT-300 bootloader\Application\AppBluetooth.c
       BTReadyForUpdating   0x004d6d    program     extern C:\CBT\CBT-300 bootloader\Application\AppBluetooth.c
     BTWaitingForUpdating   0x004d8d    program     extern C:\CBT\CBT-300 bootloader\Application\AppBluetooth.c
           BlueToothState   0x0020d4    program     extern C:\CBT\CBT-300 bootloader\Application\AppBluetooth.c
    BlueToothStatemachine   0x000056    program     extern C:\CBT\CBT-300 bootloader\System\SysBluetooth.c
        BluetoothSendData   0x002724    program     extern C:\CBT\CBT-300 bootloader\Application\AppBluetooth.c
                 BootLoad   0x0028a2    program     extern C:\CBT\CBT-300 bootloader\Application\BootLoad.c
           BootLoaderText   0x004e52    program     extern C:\CBT\CBT-300 bootloader\Application\BootLoad.c
               ChkSumCode   0x004bac    program     extern C:\CBT\CBT-300 bootloader\Application\ChkSCod.c
             Clear_Screen   0x0034e4    program     extern C:\CBT\CBT-300 bootloader\Drivers\DrvLCD_OPTO1140GG.c
             Command_Boot   0x004da6    program     extern C:\CBT\CBT-300 bootloader\Application\AppBluetooth.c
               Command_VS   0x004da2    program     extern C:\CBT\CBT-300 bootloader\Application\AppBluetooth.c
                 DelayXms   0x003452    program     extern C:\CBT\CBT-300 bootloader\Drivers\DrvLCD_OPTO1140GG.c
                 DelayXus   0x003422    program     extern C:\CBT\CBT-300 bootloader\Drivers\DrvLCD_OPTO1140GG.c
         DisplayRomString   0x002860    program     extern C:\CBT\CBT-300 bootloader\Application\BootLoad.c
          DisplayString_S   0x004730    program     extern C:\CBT\CBT-300 bootloader\System\SysDisplay.c
    Display_Graphic_12X16   0x003698    program     extern C:\CBT\CBT-300 bootloader\Drivers\DrvLCD_OPTO1140GG.c
     Display_Graphic_6X16   0x003632    program     extern C:\CBT\CBT-300 bootloader\Drivers\DrvLCD_OPTO1140GG.c
      Display_Graphic_6X8   0x0036e8    program     extern C:\CBT\CBT-300 bootloader\Drivers\DrvLCD_OPTO1140GG.c
      Display_Graphic_8X8   0x0035f0    program     extern C:\CBT\CBT-300 bootloader\Drivers\DrvLCD_OPTO1140GG.c
            DrvCBT300Init   0x004f10    program     extern C:\CBT\CBT-300 bootloader\Drivers\DrvMdxP600.c
        DrvConfigBoardGet   0x004e88    program     extern C:\CBT\CBT-300 bootloader\Drivers\DrvConfigBoard.c
       DrvConfigBoardInit   0x004e80    program     extern C:\CBT\CBT-300 bootloader\Drivers\DrvConfigBoard.c
            DrvEepromInit   0x003b98    program     extern C:\CBT\CBT-300 bootloader\Drivers\DrvEeprom_25AA320.c
            DrvEepromRead   0x003bae    program     extern C:\CBT\CBT-300 bootloader\Drivers\DrvEeprom_25AA320.c
          DrvEepromVerify   0x003c34    program     extern C:\CBT\CBT-300 bootloader\Drivers\DrvEeprom_25AA320.c
           DrvEepromWrite   0x003cbc    program     extern C:\CBT\CBT-300 bootloader\Drivers\DrvEeprom_25AA320.c
  DrvEepromWriteAndVerify   0x003d4e    program     extern C:\CBT\CBT-300 bootloader\Drivers\DrvEeprom_25AA320.c
          DrvEnableTimer1   0x00443c    program     extern C:\CBT\CBT-300 bootloader\Drivers\DrvTimer_18F67J10.c
             DrvIntEnable   0x0045d0    program     extern C:\CBT\CBT-300 bootloader\Drivers\DrvInt_18F67J10.c
               DrvIntInit   0x004588    program     extern C:\CBT\CBT-300 bootloader\Drivers\DrvInt_18F67J10.c
               DrvKeyInit   0x004dba    program     extern C:\CBT\CBT-300 bootloader\Drivers\DrvKey.c
              DrvLoadInit   0x004ee8    program     extern C:\CBT\CBT-300 bootloader\Drivers\DrvLoad.c
               DrvLoadOff   0x004ef2    program     extern C:\CBT\CBT-300 bootloader\Drivers\DrvLoad.c
                DrvLoadOn   0x004eee    program     extern C:\CBT\CBT-300 bootloader\Drivers\DrvLoad.c
           DrvPan1026Init   0x004eae    program     extern C:\CBT\CBT-300 bootloader\Drivers\DrvPan1026.c
            DrvPan1026Off   0x004ec8    program     extern C:\CBT\CBT-300 bootloader\Drivers\DrvPan1026.c
   DrvSsp1InitAsSpiMaster   0x004e12    program     extern C:\CBT\CBT-300 bootloader\Drivers\DrvSsp_18F67J10.c
           DrvSsp1SpiRead   0x004e48    program     extern C:\CBT\CBT-300 bootloader\Drivers\DrvSsp_18F67J10.c
          DrvSsp1SpiWrite   0x004e26    program     extern C:\CBT\CBT-300 bootloader\Drivers\DrvSsp_18F67J10.c
     DrvTimer0CounterDone   0x0043b8    program     extern C:\CBT\CBT-300 bootloader\Drivers\DrvTimer_18F67J10.c
            DrvTimer0Init   0x00424a    program     extern C:\CBT\CBT-300 bootloader\Drivers\DrvTimer_18F67J10.c
             DrvTimer0Isr   0x004288    program     extern C:\CBT\CBT-300 bootloader\Drivers\DrvTimer_18F67J10.c
           DrvTimer0Reset   0x0043ae    program     extern C:\CBT\CBT-300 bootloader\Drivers\DrvTimer_18F67J10.c
      DrvTimer0SetCounter   0x0042f4    program     extern C:\CBT\CBT-300 bootloader\Drivers\DrvTimer_18F67J10.c
            DrvTimer1Init   0x004428    program     extern C:\CBT\CBT-300 bootloader\Drivers\DrvTimer_18F67J10.c
            DrvTimer2Init   0x00444e    program     extern C:\CBT\CBT-300 bootloader\Drivers\DrvTimer_18F67J10.c
             DrvTimer2Isr   0x00446a    program     extern C:\CBT\CBT-300 bootloader\Drivers\DrvTimer_18F67J10.c
             DrvUsart1Isr   0x003338    program     extern C:\CBT\CBT-300 bootloader\Drivers\DrvUsart_18F67J10.c
DrvUsart2GetMessageLength   0x0031dc    program     extern C:\CBT\CBT-300 bootloader\Drivers\DrvUsart_18F67J10.c
DrvUsart2GetNumberOfBytesAvailable   0x003186    program     extern C:\CBT\CBT-300 bootloader\Drivers\DrvUsart_18F67J10.c
       DrvUsart2GetStatus   0x003108    program     extern C:\CBT\CBT-300 bootloader\Drivers\DrvUsart_18F67J10.c
             DrvUsart2Isr   0x0033a4    program     extern C:\CBT\CBT-300 bootloader\Drivers\DrvUsart_18F67J10.c
            DrvUsart2Read   0x00313c    program     extern C:\CBT\CBT-300 bootloader\Drivers\DrvUsart_18F67J10.c
        DrvUsartByteReady   0x0031f4    program     extern C:\CBT\CBT-300 bootloader\Drivers\DrvUsart_18F67J10.c
          DrvUsartDisable   0x003026    program     extern C:\CBT\CBT-300 bootloader\Drivers\DrvUsart_18F67J10.c
             DrvUsartInit   0x002fda    program     extern C:\CBT\CBT-300 bootloader\Drivers\DrvUsart_18F67J10.c
        DrvUsartLastError   0x003310    program     extern C:\CBT\CBT-300 bootloader\Drivers\DrvUsart_18F67J10.c
         DrvUsartReadByte   0x003244    program     extern C:\CBT\CBT-300 bootloader\Drivers\DrvUsart_18F67J10.c
            DrvUsartReset   0x003068    program     extern C:\CBT\CBT-300 bootloader\Drivers\DrvUsart_18F67J10.c
         DrvUsartSendByte   0x00309c    program     extern C:\CBT\CBT-300 bootloader\Drivers\DrvUsart_18F67J10.c
         DrvUsartSendData   0x0030d0    program     extern C:\CBT\CBT-300 bootloader\Drivers\DrvUsart_18F67J10.c
         EepromReadStatus   0x003adc    program     extern C:\CBT\CBT-300 bootloader\Drivers\DrvEeprom_25AA320.c
EepromWaitForWriteCompletion   0x003b14    program     extern C:\CBT\CBT-300 bootloader\Drivers\DrvEeprom_25AA320.c
       EepromWriteDisable   0x003b72    program     extern C:\CBT\CBT-300 bootloader\Drivers\DrvEeprom_25AA320.c
        EepromWriteEnable   0x003b4a    program     extern C:\CBT\CBT-300 bootloader\Drivers\DrvEeprom_25AA320.c
               EraseFlash   0x002b5a    program     extern C:\CBT\CBT-300 bootloader\Application\BootLoad.c
               ErrorCheck   0x00377e    program     extern C:\CBT\CBT-300 bootloader\System\SysBluetooth.c
                  Font6x8   0x004866    program     extern C:\CBT\CBT-300 bootloader\Application\Font6x8.c
              Full_Screen   0x003740    program     extern C:\CBT\CBT-300 bootloader\Drivers\DrvLCD_OPTO1140GG.c
HCI_Encryption_Key_Refresh_Complete_Event   0x003aa0    program     extern C:\CBT\CBT-300 bootloader\System\SysBluetooth.c
HCI_FIRST_STRING_LUMP_SET   0x0038bf    program     extern C:\CBT\CBT-300 bootloader\System\SysBluetooth.c
HCI_IO_Capability_Request_Event   0x0039a5    program     extern C:\CBT\CBT-300 bootloader\System\SysBluetooth.c
HCI_IO_Capability_Response_Event   0x003993    program     extern C:\CBT\CBT-300 bootloader\System\SysBluetooth.c
HCI_IO_User_Confirmation_Request_Event   0x0039ee    program     extern C:\CBT\CBT-300 bootloader\System\SysBluetooth.c
HCI_Simple_Pairing_Complete_Cancel_Event   0x003a22    program     extern C:\CBT\CBT-300 bootloader\System\SysBluetooth.c
HCI_Simple_Pairing_Complete_Event   0x003a12    program     extern C:\CBT\CBT-300 bootloader\System\SysBluetooth.c
            INCOMING_DATA   0x003a97    program     extern C:\CBT\CBT-300 bootloader\System\SysBluetooth.c
              Initial_LCD   0x003522    program     extern C:\CBT\CBT-300 bootloader\Drivers\DrvLCD_OPTO1140GG.c
               IntIsrHigh   0x00446c    program     extern C:\CBT\CBT-300 bootloader\Drivers\DrvInt_18F67J10.c
                IntIsrLow   0x00447e    program     extern C:\CBT\CBT-300 bootloader\Drivers\DrvInt_18F67J10.c
            IntVectorHigh   0x000008    program     extern C:\CBT\CBT-300 bootloader\Drivers\DrvInt_18F67J10.c
             IntVectorLow   0x000018    program     extern C:\CBT\CBT-300 bootloader\Drivers\DrvInt_18F67J10.c
             LCD_Delay1ms   0x003414    program     extern C:\CBT\CBT-300 bootloader\Drivers\DrvLCD_OPTO1140GG.c
          LoadingDataText   0x004e73    program     extern C:\CBT\CBT-300 bootloader\Application\BootLoad.c
         LoadingDataText2   0x004dac    program     extern C:\CBT\CBT-300 bootloader\Application\AppBluetooth.c
     ProcessSerialBuffer1   0x001fd0    program     extern C:\CBT\CBT-300 bootloader\Application\AppBluetooth.c
                  RESTORE   0x004114    program     static C:\MCC18\SRC\EXTENDED\MATH\div32u.asm
                  RESTORE   0x004070    program     static C:\MCC18\SRC\EXTENDED\MATH\div16u.asm
              RETQUOTIENT   0x004104    program     static C:\MCC18\SRC\EXTENDED\MATH\div32u.asm
              RETQUOTIENT   0x004068    program     static C:\MCC18\SRC\EXTENDED\MATH\div16u.asm
            ReadCharacter   0x002e30    program     extern C:\CBT\CBT-300 bootloader\Application\BootLoad.c
                 ReadKeys   0x004dc2    program     extern C:\CBT\CBT-300 bootloader\Drivers\DrvKey.c
                 SETUPSTK   0x00407e    program     static C:\MCC18\SRC\EXTENDED\MATH\div32u.asm
                 SETUPSTK   0x004006    program     static C:\MCC18\SRC\EXTENDED\MATH\div16u.asm
            SysBTGetState   0x001b2e    program     extern C:\CBT\CBT-300 bootloader\System\SysBluetooth.c
               SysBTReset   0x001b36    program     extern C:\CBT\CBT-300 bootloader\System\SysBluetooth.c
            SysBTSendData   0x001c5c    program     extern C:\CBT\CBT-300 bootloader\System\SysBluetooth.c
            SysBTSetState   0x001b18    program     extern C:\CBT\CBT-300 bootloader\System\SysBluetooth.c
            SysBTWrapData   0x001b42    program     extern C:\CBT\CBT-300 bootloader\System\SysBluetooth.c
            SysClear_Line   0x004678    program     extern C:\CBT\CBT-300 bootloader\System\SysDisplay.c
          SysClear_Line_S   0x0046da    program     extern C:\CBT\CBT-300 bootloader\System\SysDisplay.c
    SysInitBlueToothRadio   0x0007ee    program     extern C:\CBT\CBT-300 bootloader\System\SysBluetooth.c
SysProcessBluetoothCommand   0x00083a    program     extern C:\CBT\CBT-300 bootloader\System\SysBluetooth.c
    SysWrapperWrapMessage   0x001f0a    program     extern C:\CBT\CBT-300 bootloader\System\SysBluetooth.c
               TCU_ACCEPT   0x003aac    program     extern C:\CBT\CBT-300 bootloader\System\SysBluetooth.c
    TCU_ACCEPT_SEND_EVENT   0x003a86    program     extern C:\CBT\CBT-300 bootloader\System\SysBluetooth.c
TCU_HCI_GET_FIRMWARE_VERSION_REQ   0x00378e    program     extern C:\CBT\CBT-300 bootloader\System\SysBluetooth.c
TCU_HCI_GET_FIRMWARE_VERSION_RESP   0x00379b    program     extern C:\CBT\CBT-300 bootloader\System\SysBluetooth.c
TCU_HCI_M2_BTL_EEPROM_WRITE_ENABLE_REQ   0x0037d8    program     extern C:\CBT\CBT-300 bootloader\System\SysBluetooth.c
TCU_HCI_M2_BTL_EEPROM_WRITE_ENABLE_RESP   0x0037e5    program     extern C:\CBT\CBT-300 bootloader\System\SysBluetooth.c
TCU_HCI_M2_BTL_SET_BAUDRATE_REQ   0x00381a    program     extern C:\CBT\CBT-300 bootloader\System\SysBluetooth.c
TCU_HCI_M2_BTL_SET_BAUDRATE_RESP   0x00382e    program     extern C:\CBT\CBT-300 bootloader\System\SysBluetooth.c
TCU_HCI_M2_BTL_SET_I2C_ENABLE_REQ   0x0037bc    program     extern C:\CBT\CBT-300 bootloader\System\SysBluetooth.c
TCU_HCI_M2_BTL_SET_I2C_ENABLE_RESP   0x0037cb    program     extern C:\CBT\CBT-300 bootloader\System\SysBluetooth.c
TCU_HCI_M2_GENERAL_READ_EEPROM_REQ   0x0037f2    program     extern C:\CBT\CBT-300 bootloader\System\SysBluetooth.c
TCU_HCI_M2_GENERAL_READ_EEPROM_RESP   0x003806    program     extern C:\CBT\CBT-300 bootloader\System\SysBluetooth.c
TCU_HCI_M2_GENERAL_WRITE_EEPROM_REQ   0x003aae    program     extern C:\CBT\CBT-300 bootloader\System\SysBluetooth.c
TCU_HCI_M2_GENERAL_WRITE_EEPROM_RESP   0x003ac8    program     extern C:\CBT\CBT-300 bootloader\System\SysBluetooth.c
        TCU_HCI_RESET_REQ   0x003783    program     extern C:\CBT\CBT-300 bootloader\System\SysBluetooth.c
       TCU_HCI_RESET_RESP   0x003787    program     extern C:\CBT\CBT-300 bootloader\System\SysBluetooth.c
     TCU_HCI_SET_MODE_REQ   0x00384b    program     extern C:\CBT\CBT-300 bootloader\System\SysBluetooth.c
    TCU_HCI_SET_MODE_RESP   0x003852    program     extern C:\CBT\CBT-300 bootloader\System\SysBluetooth.c
TCU_HCI_WRITE_BD_ADDR_REQ   0x00383a    program     extern C:\CBT\CBT-300 bootloader\System\SysBluetooth.c
TCU_HCI_WRITE_BD_ADDR_RESP   0x003844    program     extern C:\CBT\CBT-300 bootloader\System\SysBluetooth.c
TCU_MNG_CONNECTION_ACCEPT_REQ   0x003950    program     extern C:\CBT\CBT-300 bootloader\System\SysBluetooth.c
TCU_MNG_CONNECTION_ACCEPT_REQUEST_EVENT   0x003949    program     extern C:\CBT\CBT-300 bootloader\System\SysBluetooth.c
TCU_MNG_CONNECTION_ACCEPT_REQ_LINK_KEY   0x00395f    program     extern C:\CBT\CBT-300 bootloader\System\SysBluetooth.c
TCU_MNG_CONNECTION_ACCEPT_RESP   0x00396e    program     extern C:\CBT\CBT-300 bootloader\System\SysBluetooth.c
TCU_MNG_CONNECTION_STATUS_EVENT   0x00391d    program     extern C:\CBT\CBT-300 bootloader\System\SysBluetooth.c
TCU_MNG_CONNECTION_STATUS_EVENT2   0x00392c    program     extern C:\CBT\CBT-300 bootloader\System\SysBluetooth.c
TCU_MNG_CONNECTION_STATUS_EVENT3   0x003a32    program     extern C:\CBT\CBT-300 bootloader\System\SysBluetooth.c
TCU_MNG_DISCOVER_REMOTE_SERVICE_ACCEPT   0x003913    program     extern C:\CBT\CBT-300 bootloader\System\SysBluetooth.c
TCU_MNG_DISCOVER_REMOTE_SERVICE_EVENT   0x00393b    program     extern C:\CBT\CBT-300 bootloader\System\SysBluetooth.c
         TCU_MNG_INIT_REQ   0x00385a    program     extern C:\CBT\CBT-300 bootloader\System\SysBluetooth.c
        TCU_MNG_INIT_RESP   0x003876    program     extern C:\CBT\CBT-300 bootloader\System\SysBluetooth.c
TCU_MNG_REMOTE_DEVICE_NAME_AUTO_NOTIFY_EVENT   0x0039b4    program     extern C:\CBT\CBT-300 bootloader\System\SysBluetooth.c
TCU_MNG_SET_SCANREADY_RESP   0x00390b    program     extern C:\CBT\CBT-300 bootloader\System\SysBluetooth.c
     TCU_MNG_SET_SCAN_REQ   0x0038af    program     extern C:\CBT\CBT-300 bootloader\System\SysBluetooth.c
    TCU_MNG_SET_SCAN_RESP   0x0038b7    program     extern C:\CBT\CBT-300 bootloader\System\SysBluetooth.c
TCU_MNG_SSP_SET_REQ_HCI_IO_Capability_Request_Reply   0x003980    program     extern C:\CBT\CBT-300 bootloader\System\SysBluetooth.c
TCU_MNG_SSP_SET_REQ_HCI_User_Confirmation_Request_Reply   0x0039c8    program     extern C:\CBT\CBT-300 bootloader\System\SysBluetooth.c
TCU_MNG_SSP_SET_RESP_HCI_IO_Capability_Request_Reply   0x0039d9    program     extern C:\CBT\CBT-300 bootloader\System\SysBluetooth.c
TCU_MNG_SSP_SET_RESP_HCI_User_Confirmation_Request_Reply   0x0039fd    program     extern C:\CBT\CBT-300 bootloader\System\SysBluetooth.c
TCU_MNG_STANDARD_HCI_SET_REQ_Write_Class_of_Device   0x003884    program     extern C:\CBT\CBT-300 bootloader\System\SysBluetooth.c
TCU_MNG_STANDARD_HCI_SET_RESP_Write_Class_of_Device   0x003891    program     extern C:\CBT\CBT-300 bootloader\System\SysBluetooth.c
    TCU_SPP_CONNECT_EVENT   0x003a41    program     extern C:\CBT\CBT-300 bootloader\System\SysBluetooth.c
   TCU_SPP_CONNECT_EVENT2   0x003a4f    program     extern C:\CBT\CBT-300 bootloader\System\SysBluetooth.c
     TCU_SPP_CONNECT_RESP   0x003976    program     extern C:\CBT\CBT-300 bootloader\System\SysBluetooth.c
  TCU_SPP_DATA_SEND_EVENT   0x003a90    program     extern C:\CBT\CBT-300 bootloader\System\SysBluetooth.c
TCU_SPP_DATA_TRANSFER_REQ   0x003a51    program     extern C:\CBT\CBT-300 bootloader\System\SysBluetooth.c
TCU_SPP_DISCONNECT_EVENT1   0x003a68    program     extern C:\CBT\CBT-300 bootloader\System\SysBluetooth.c
TCU_SPP_DISCONNECT_EVENT2   0x003a77    program     extern C:\CBT\CBT-300 bootloader\System\SysBluetooth.c
   TCU_SPP_DISCONNECT_REQ   0x003a99    program     extern C:\CBT\CBT-300 bootloader\System\SysBluetooth.c
        TCU_SPP_SETUP_REQ   0x0038a0    program     extern C:\CBT\CBT-300 bootloader\System\SysBluetooth.c
       TCU_SPP_SETUP_RESP   0x0038a7    program     extern C:\CBT\CBT-300 bootloader\System\SysBluetooth.c
        TransmitCharacter   0x002e3e    program     extern C:\CBT\CBT-300 bootloader\Application\BootLoad.c
               Usart1Init   0x002efe    program     extern C:\CBT\CBT-300 bootloader\Drivers\DrvUsart_18F67J10.c
               Usart2Init   0x002f6a    program     extern C:\CBT\CBT-300 bootloader\Drivers\DrvUsart_18F67J10.c
       VariableInitialize   0x004a88    program     extern C:\CBT\CBT-300 bootloader\Application\Main.c
        VersionNumberText   0x004e66    program     extern C:\CBT\CBT-300 bootloader\Application\BootLoad.c
              VersionText   0x004e5e    program     extern C:\CBT\CBT-300 bootloader\Application\BootLoad.c
               WriteFlash   0x002ca2    program     extern C:\CBT\CBT-300 bootloader\Application\BootLoad.c
         WriteFrameHeader   0x001c9a    program     extern C:\CBT\CBT-300 bootloader\System\SysBluetooth.c
             WritePayload   0x001e8a    program     extern C:\CBT\CBT-300 bootloader\System\SysBluetooth.c
             XLCD_Address   0x0035b0    program     extern C:\CBT\CBT-300 bootloader\Drivers\DrvLCD_OPTO1140GG.c
             XLCD_Command   0x003474    program     extern C:\CBT\CBT-300 bootloader\Drivers\DrvLCD_OPTO1140GG.c
                XLCD_Data   0x0034ac    program     extern C:\CBT\CBT-300 bootloader\Drivers\DrvLCD_OPTO1140GG.c
              _2jContinue   0x003ee2    program     static C:\MCC18\SRC\EXTENDED\STDCLIB\memset.asm
              _3jContinue   0x003e12    program     static C:\MCC18\SRC\EXTENDED\STDCLIB\mcmpp2r.asm
              _3jContinue   0x003eae    program     static C:\MCC18\SRC\EXTENDED\STDCLIB\mcpyp2r.asm
                   _3jEnd   0x003eec    program     static C:\MCC18\SRC\EXTENDED\STDCLIB\memset.asm
              _4jContinue   0x003f80    program     static C:\MCC18\SRC\EXTENDED\STDCLIB\strncmp.asm
              _4jContinue   0x003dc2    program     static C:\MCC18\SRC\EXTENDED\STDCLIB\memcmp.asm
              _4jContinue   0x003fde    program     static C:\MCC18\SRC\EXTENDED\STDCLIB\strncpy.asm
              _4jContinue   0x003e5a    program     static C:\MCC18\SRC\EXTENDED\STDCLIB\memcpy.asm
                   _4jEnd   0x003eb8    program     static C:\MCC18\SRC\EXTENDED\STDCLIB\mcpyp2r.asm
                   _4jEnd   0x003e1c    program     static C:\MCC18\SRC\EXTENDED\STDCLIB\mcmpp2r.asm
                   _5jEnd   0x003dcc    program     static C:\MCC18\SRC\EXTENDED\STDCLIB\memcmp.asm
                   _5jEnd   0x003fe8    program     static C:\MCC18\SRC\EXTENDED\STDCLIB\strncpy.asm
                   _5jEnd   0x003f8a    program     static C:\MCC18\SRC\EXTENDED\STDCLIB\strncmp.asm
                   _5jEnd   0x003e64    program     static C:\MCC18\SRC\EXTENDED\STDCLIB\memcpy.asm
           ___?:_lbl00014   0x0020fc    program     static                          
           ___?:_lbl00015   0x0020fa    program     static                          
       ___case_0_lbl00005   0x0028bc    program     static                          
       ___case_0_lbl00020   0x00216c    program     static                          
       ___case_1_lbl00009   0x002938    program     static                          
       ___case_1_lbl00022   0x0021de    program     static                          
       ___case_1_lbl00038   0x0024a4    program     static                          
       ___case_2_lbl00010   0x00293a    program     static                          
       ___case_2_lbl00023   0x0021f2    program     static                          
       ___case_2_lbl00039   0x0024a6    program     static                          
       ___case_3_lbl00021   0x0029f6    program     static                          
       ___case_3_lbl00028   0x00224e    program     static                          
       ___case_3_lbl00040   0x0024ac    program     static                          
       ___case_4_lbl00025   0x002ab8    program     static                          
       ___case_4_lbl00029   0x0022ba    program     static                          
       ___case_4_lbl00041   0x0024d4    program     static                          
       ___case_5_lbl00026   0x002abc    program     static                          
       ___case_5_lbl00030   0x00231a    program     static                          
       ___case_5_lbl00042   0x0024d8    program     static                          
       ___case_6_lbl00031   0x00231c    program     static                          
       ___case_7_lbl00036   0x002380    program     static                          
       ___case_8_lbl00063   0x002450    program     static                          
      ___default_lbl00007   0x00290c    program     static                          
           ___do_lbl00001   0x004bd4    program     static                          
           ___do_lbl00002   0x003b34    program     static                          
           ___do_lbl00002   0x004bde    program     static                          
           ___do_lbl00003   0x003b42    program     static                          
           ___do_lbl00005   0x003b28    program     static                          
           ___do_lbl00006   0x004bc0    program     static                          
           ___do_lbl00008   0x004c00    program     static                          
           ___do_lbl00009   0x004c12    program     static                          
           ___do_lbl00012   0x004bf6    program     static                          
           ___do_lbl00027   0x002b06    program     static                          
           ___do_lbl00028   0x002b4e    program     static                          
           ___do_lbl00029   0x002abe    program     static                          
         ___else_lbl00008   0x004b66    program     static                          
         ___else_lbl00014   0x004c84    program     static                          
         ___else_lbl00019   0x0029d2    program     static                          
         ___else_lbl00034   0x0023f4    program     static                          
         ___else_lbl00044   0x0025ee    program     static                          
         ___else_lbl00054   0x0026e0    program     static                          
         ___else_lbl00056   0x0026fc    program     static                          
         ___else_lbl00059   0x002602    program     static                          
         ___else_lbl00061   0x00250e    program     static                          
          ___for_lbl00011   0x00295c    program     static                          
          ___for_lbl00012   0x002960    program     static                          
          ___for_lbl00013   0x00293e    program     static                          
          ___for_lbl00022   0x002a5a    program     static                          
          ___for_lbl00023   0x002a5e    program     static                          
          ___for_lbl00024   0x002a00    program     static                          
          ___for_lbl00035   0x002c8c    program     static                          
          ___for_lbl00036   0x002c94    program     static                          
          ___for_lbl00038   0x002c76    program     static                          
          ___for_lbl00041   0x002d7c    program     static                          
          ___for_lbl00042   0x002d80    program     static                          
          ___for_lbl00043   0x002d64    program     static                          
          ___for_lbl00044   0x002e20    program     static                          
          ___for_lbl00045   0x002646    program     static                          
          ___for_lbl00045   0x002e24    program     static                          
          ___for_lbl00046   0x00264a    program     static                          
          ___for_lbl00047   0x00260e    program     static                          
          ___for_lbl00049   0x002de4    program     static                          
           ___if_lbl00004   0x004b20    program     static                          
           ___if_lbl00005   0x004b42    program     static                          
           ___if_lbl00005   0x004bd4    program     static                          
           ___if_lbl00006   0x004ba4    program     static                          
           ___if_lbl00006   0x002910    program     static                          
           ___if_lbl00007   0x004ba4    program     static                          
           ___if_lbl00007   0x004bf2    program     static                          
           ___if_lbl00013   0x004c88    program     static                          
           ___if_lbl00015   0x00299c    program     static                          
           ___if_lbl00017   0x002136    program     static                          
           ___if_lbl00018   0x0029ec    program     static                          
           ___if_lbl00018   0x002136    program     static                          
           ___if_lbl00020   0x0029ec    program     static                          
           ___if_lbl00021   0x0021f0    program     static                          
           ___if_lbl00024   0x0022a6    program     static                          
           ___if_lbl00025   0x0022b8    program     static                          
           ___if_lbl00026   0x0022b8    program     static                          
           ___if_lbl00027   0x0022b8    program     static                          
           ___if_lbl00031   0x002b7c    program     static                          
           ___if_lbl00032   0x00244e    program     static                          
           ___if_lbl00033   0x00244e    program     static                          
           ___if_lbl00035   0x00244e    program     static                          
           ___if_lbl00037   0x002c8c    program     static                          
           ___if_lbl00040   0x002cfe    program     static                          
           ___if_lbl00043   0x002600    program     static                          
           ___if_lbl00047   0x002e1c    program     static                          
           ___if_lbl00048   0x002e20    program     static                          
           ___if_lbl00049   0x0026a0    program     static                          
           ___if_lbl00053   0x0026fa    program     static                          
           ___if_lbl00055   0x002700    program     static                          
           ___if_lbl00057   0x002718    program     static                          
           ___if_lbl00058   0x002718    program     static                          
           ___if_lbl00060   0x002718    program     static                          
           ___if_lbl00062   0x002718    program     static                          
       ___return_lbl00000   0x004c88    program     static                          
       ___return_lbl00000   0x003b0c    program     static                          
       ___return_lbl00000   0x000004    program     static                          
       ___return_lbl00001   0x00344a    program     static                          
       ___return_lbl00001   0x002b52    program     static                          
       ___return_lbl00001   0x003b42    program     static                          
       ___return_lbl00001   0x004ee6    program     static                          
       ___return_lbl00001   0x000012    program     static                          
       ___return_lbl00002   0x004d2c    program     static                          
       ___return_lbl00002   0x004ba4    program     static                          
       ___return_lbl00006   0x003b70    program     static                          
       ___return_lbl00007   0x003b96    program     static                          
       ___return_lbl00008   0x003bac    program     static                          
       ___return_lbl00009   0x003c2c    program     static                          
       ___return_lbl00011   0x00271c    program     static                          
       ___return_lbl00011   0x000022    program     static                          
       ___return_lbl00012   0x003cb4    program     static                          
       ___return_lbl00016   0x003d46    program     static                          
       ___return_lbl00029   0x003100    program     static                          
       ___return_lbl00030   0x002c9a    program     static                          
       ___return_lbl00039   0x002e28    program     static                          
       ___return_lbl00050   0x002e3c    program     static                          
       ___return_lbl00053   0x002e56    program     static                          
       ___return_lbl00064   0x002858    program     static                          
   ___switchexit_lbl00004   0x002b50    program     static                          
   ___switchexit_lbl00008   0x002b50    program     static                          
   ___switchexit_lbl00019   0x00271a    program     static                          
   ___switchexit_lbl00037   0x00250c    program     static                          
        ___while_lbl00002   0x0028b2    program     static                          
        ___while_lbl00002   0x00342c    program     static                          
        ___while_lbl00003   0x002b52    program     static                          
        ___while_lbl00003   0x00344a    program     static                          
        ___while_lbl00010   0x003bec    program     static                          
        ___while_lbl00011   0x003c22    program     static                          
        ___while_lbl00012   0x0020e0    program     static                          
        ___while_lbl00013   0x00271c    program     static                          
        ___while_lbl00013   0x003c74    program     static                          
        ___while_lbl00014   0x003ca6    program     static                          
        ___while_lbl00016   0x00299c    program     static                          
        ___while_lbl00017   0x003cc6    program     static                          
        ___while_lbl00017   0x0029a4    program     static                          
        ___while_lbl00018   0x003d44    program     static                          
        ___while_lbl00030   0x0030da    program     static                          
        ___while_lbl00031   0x003100    program     static                          
        ___while_lbl00032   0x002b82    program     static                          
        ___while_lbl00033   0x002c96    program     static                          
        ___while_lbl00050   0x0026a0    program     static                          
        ___while_lbl00051   0x0026b0    program     static                          
        ___while_lbl00051   0x002e30    program     static                          
        ___while_lbl00052   0x002e38    program     static                          
        ___while_lbl00054   0x002e48    program     static                          
        ___while_lbl00055   0x002e50    program     static                          
        ___while_lbl00065   0x002850    program     static                          
        ___while_lbl00066   0x002858    program     static                          
               __config_0   0x01fff8    program     static C:\CBT\CBT-300 bootloader\Drivers\DrvMdxP600.c
               __config_1   0x01fff9    program     static C:\CBT\CBT-300 bootloader\Drivers\DrvMdxP600.c
               __config_2   0x01fffa    program     static C:\CBT\CBT-300 bootloader\Drivers\DrvMdxP600.c
               __config_3   0x01fffb    program     static C:\CBT\CBT-300 bootloader\Drivers\DrvMdxP600.c
               __config_4   0x01fffd    program     static C:\CBT\CBT-300 bootloader\Drivers\DrvMdxP600.c
                 __div16u   0x00401e    program     extern C:\MCC18\SRC\EXTENDED\MATH\div16u.asm
                 __div32u   0x004096    program     extern C:\MCC18\SRC\EXTENDED\MATH\div32u.asm
                   __init   0x004f14    program     extern C:\MCC18\src\extended\stdclib\__init.c
                 __mod16u   0x004024    program     extern C:\MCC18\SRC\EXTENDED\MATH\div16u.asm
                 __mod32u   0x00409c    program     extern C:\MCC18\SRC\EXTENDED\MATH\div32u.asm
                  __mul16   0x004122    program     extern C:\MCC18\SRC\EXTENDED\MATH\mul16.asm
                  __mul24   0x00418a    program     extern C:\MCC18\SRC\EXTENDED\MATH\mul24.asm
              __string_10   0x004f04    program     static C:\CBT\CBT-300 bootloader\Application\AppBluetooth.c
               __string_9   0x004f09    program     static C:\CBT\CBT-300 bootloader\Application\AppBluetooth.c
               __tmplbl_0   0x003b42    program     static                          
               __tmplbl_0   0x004b1e    program     static                          
               __tmplbl_0   0x004bd2    program     static                          
               __tmplbl_0   0x002990    program     static                          
               __tmplbl_1   0x003b3c    program     static                          
               __tmplbl_1   0x004b18    program     static                          
               __tmplbl_1   0x004bca    program     static                          
               __tmplbl_1   0x00297e    program     static                          
               __tmplbl_2   0x00210e    program     static                          
               __tmplbl_2   0x004bde    program     static                          
               __tmplbl_2   0x002b8e    program     static                          
               __tmplbl_2   0x003c80    program     static                          
               __tmplbl_3   0x002b88    program     static                          
               __tmplbl_3   0x0020ee    program     static                          
               __tmplbl_3   0x003c7c    program     static                          
               __tmplbl_3   0x004bd8    program     static                          
              __tmplbl_38   0x001ad6    program     static                          
              __tmplbl_39   0x0018fe    program     static                          
               __tmplbl_4   0x002688    program     static                          
               __tmplbl_4   0x003c98    program     static                          
               __tmplbl_4   0x004c12    program     static                          
               __tmplbl_4   0x002e1a    program     static                          
              __tmplbl_40   0x0018a6    program     static                          
              __tmplbl_41   0x001818    program     static                          
              __tmplbl_42   0x001790    program     static                          
              __tmplbl_43   0x001504    program     static                          
              __tmplbl_44   0x0013f0    program     static                          
              __tmplbl_45   0x001366    program     static                          
              __tmplbl_46   0x0012dc    program     static                          
              __tmplbl_47   0x00124e    program     static                          
              __tmplbl_48   0x0011c8    program     static                          
              __tmplbl_49   0x001106    program     static                          
               __tmplbl_5   0x002676    program     static                          
               __tmplbl_5   0x003c94    program     static                          
               __tmplbl_5   0x002e04    program     static                          
               __tmplbl_5   0x004c0c    program     static                          
               __tmplbl_6   0x0026ac    program     static                          
               __tmplbl_6   0x004c06    program     static                          
               __tmplbl_6   0x002e18    program     static                          
              __tmplbl_62   0x001b0c    program     static                          
              __tmplbl_63   0x001b0c    program     static                          
              __tmplbl_64   0x001b0c    program     static                          
              __tmplbl_65   0x001b0c    program     static                          
              __tmplbl_66   0x001b0c    program     static                          
              __tmplbl_67   0x001b0c    program     static                          
              __tmplbl_68   0x001b0c    program     static                          
              __tmplbl_69   0x001b0c    program     static                          
               __tmplbl_7   0x0026a6    program     static                          
              __tmplbl_70   0x001b0c    program     static                          
              __tmplbl_71   0x001b0c    program     static                          
              __tmplbl_72   0x001b0c    program     static                          
              __tmplbl_73   0x001b0c    program     static                          
              __tmplbl_75   0x001b0c    program     static                          
              __tmplbl_76   0x001b0c    program     static                          
              __tmplbl_77   0x001b0c    program     static                          
              __tmplbl_78   0x001b0c    program     static                          
              __tmplbl_79   0x001b0c    program     static                          
              __tmplbl_80   0x001b0c    program     static                          
              __tmplbl_81   0x001b0c    program     static                          
              __tmplbl_82   0x001b0c    program     static                          
            __zero_memory   0x004ef6    program     extern C:\MCC18\src\extended\proc\p18f67j10.asm
                _do_cinit   0x004c90    program     extern C:\MCC18\src\extended\startup\c018i_e.c
            _early16uexit   0x004028    program     extern C:\MCC18\SRC\EXTENDED\MATH\div16u.asm
            _early32uexit   0x0040a0    program     extern C:\MCC18\SRC\EXTENDED\MATH\div32u.asm
                   _entry   0x000000    program     extern C:\MCC18\src\extended\startup\c018i_e.c
                   _false   0x0040e4    program     static C:\MCC18\SRC\EXTENDED\MATH\div32u.asm
                 _startup   0x004ece    program     extern C:\MCC18\src\extended\startup\c018i_e.c
               clear_loop   0x004efc    program     static C:\MCC18\src\extended\proc\p18f67j10.asm
                copy_loop   0x004d02    program     static                          
            copy_one_byte   0x004d08    program     static                          
                divmod16u   0x00402a    program     static C:\MCC18\SRC\EXTENDED\MATH\div16u.asm
                divmod32u   0x0040a2    program     static C:\MCC18\SRC\EXTENDED\MATH\div32u.asm
                     done   0x004d2c    program     static                          
             done_copying   0x004d16    program     static                          
                  endloop   0x004050    program     static C:\MCC18\SRC\EXTENDED\MATH\div16u.asm
                     jEnd   0x003ef4    program     static C:\MCC18\SRC\EXTENDED\STDCLIB\memset.asm
                     jEnd   0x003f20    program     static C:\MCC18\SRC\EXTENDED\STDCLIB\scmpp2r.asm
                     jEnd   0x003f52    program     static C:\MCC18\SRC\EXTENDED\STDCLIB\scpyp2r.asm
                     jEnd   0x003f94    program     static C:\MCC18\SRC\EXTENDED\STDCLIB\strncmp.asm
                     jEnd   0x003ec0    program     static C:\MCC18\SRC\EXTENDED\STDCLIB\mcpyp2r.asm
                     jEnd   0x003ff4    program     static C:\MCC18\SRC\EXTENDED\STDCLIB\strncpy.asm
                     jEnd   0x003e6a    program     static C:\MCC18\SRC\EXTENDED\STDCLIB\memcpy.asm
                     jEnd   0x003dd2    program     static C:\MCC18\SRC\EXTENDED\STDCLIB\memcmp.asm
                     jEnd   0x003e24    program     static C:\MCC18\SRC\EXTENDED\STDCLIB\mcmpp2r.asm
                    jLoop   0x003ea2    program     static C:\MCC18\SRC\EXTENDED\STDCLIB\mcpyp2r.asm
                    jLoop   0x003f74    program     static C:\MCC18\SRC\EXTENDED\STDCLIB\strncmp.asm
                    jLoop   0x003e4e    program     static C:\MCC18\SRC\EXTENDED\STDCLIB\memcpy.asm
                    jLoop   0x003ed6    program     static C:\MCC18\SRC\EXTENDED\STDCLIB\memset.asm
                    jLoop   0x003f48    program     static C:\MCC18\SRC\EXTENDED\STDCLIB\scpyp2r.asm
                    jLoop   0x003fd2    program     static C:\MCC18\SRC\EXTENDED\STDCLIB\strncpy.asm
                    jLoop   0x003db6    program     static C:\MCC18\SRC\EXTENDED\STDCLIB\memcmp.asm
                    jLoop   0x003f14    program     static C:\MCC18\SRC\EXTENDED\STDCLIB\scmpp2r.asm
                    jLoop   0x003e06    program     static C:\MCC18\SRC\EXTENDED\STDCLIB\mcmpp2r.asm
                     loop   0x004edc    program     static                          
                     loop   0x004034    program     static C:\MCC18\SRC\EXTENDED\MATH\div16u.asm
                     loop   0x0040b0    program     static C:\MCC18\SRC\EXTENDED\MATH\div32u.asm
                     main   0x004ab6    program     extern C:\CBT\CBT-300 bootloader\Application\Main.c
                   memcmp   0x003d96    program     extern C:\MCC18\SRC\EXTENDED\STDCLIB\memcmp.asm
            memcmppgm2ram   0x003de8    program     extern C:\MCC18\SRC\EXTENDED\STDCLIB\mcmpp2r.asm
                   memcpy   0x003e26    program     extern C:\MCC18\SRC\EXTENDED\STDCLIB\memcpy.asm
            memcpypgm2ram   0x003e7c    program     extern C:\MCC18\SRC\EXTENDED\STDCLIB\mcpyp2r.asm
                   memset   0x003ec2    program     extern C:\MCC18\SRC\EXTENDED\STDCLIB\memset.asm
            strcmppgm2ram   0x003ef6    program     extern C:\MCC18\SRC\EXTENDED\STDCLIB\scmpp2r.asm
            strcpypgm2ram   0x003f22    program     extern C:\MCC18\SRC\EXTENDED\STDCLIB\scpyp2r.asm
                  strncmp   0x003f54    program     extern C:\MCC18\SRC\EXTENDED\STDCLIB\strncmp.asm
                  strncpy   0x003faa    program     extern C:\MCC18\SRC\EXTENDED\STDCLIB\strncpy.asm
                     test   0x004caa    program     static                          
                   ADCON0   0x000fc2       data     extern C:\MCC18\src\extended\proc\p18f67j10.asm
               ADCON0bits   0x000fc2       data     extern C:\MCC18\src\extended\proc\p18f67j10.asm
                   ADCON1   0x000fc1       data     extern C:\MCC18\src\extended\proc\p18f67j10.asm
               ADCON1bits   0x000fc1       data     extern C:\MCC18\src\extended\proc\p18f67j10.asm
                   ADCON2   0x000fc0       data     extern C:\MCC18\src\extended\proc\p18f67j10.asm
               ADCON2bits   0x000fc0       data     extern C:\MCC18\src\extended\proc\p18f67j10.asm
                    ADRES   0x000fc3       data     extern C:\MCC18\src\extended\proc\p18f67j10.asm
                   ADRESH   0x000fc4       data     extern C:\MCC18\src\extended\proc\p18f67j10.asm
                   ADRESL   0x000fc3       data     extern C:\MCC18\src\extended\proc\p18f67j10.asm
                  BAUDCON   0x000f7e       data     extern C:\MCC18\src\extended\proc\p18f67j10.asm
                 BAUDCON1   0x000f7e       data     extern C:\MCC18\src\extended\proc\p18f67j10.asm
             BAUDCON1bits   0x000f7e       data     extern C:\MCC18\src\extended\proc\p18f67j10.asm
                 BAUDCON2   0x000f7c       data     extern C:\MCC18\src\extended\proc\p18f67j10.asm
             BAUDCON2bits   0x000f7c       data     extern C:\MCC18\src\extended\proc\p18f67j10.asm
              BAUDCONbits   0x000f7e       data     extern C:\MCC18\src\extended\proc\p18f67j10.asm
             BLDataStatus   0x000bcd       data     extern C:\CBT\CBT-300 bootloader\Application\AppData.c
         BLOperatingState   0x000bcc       data     extern C:\CBT\CBT-300 bootloader\Application\AppData.c
                      BSR   0x000fe0       data     extern C:\MCC18\src\extended\proc\p18f67j10.asm
            BTClassDevice   0x000f12       data     extern C:\CBT\CBT-300 bootloader\System\SysBluetooth.c
                   BTData   0x000100       data     extern C:\CBT\CBT-300 bootloader\Application\AppData.c
      BTDeviceRecordedNum   0x000f3e       data     extern C:\CBT\CBT-300 bootloader\System\SysBluetooth.c
             BTRemoteData   0x000f27       data     extern C:\CBT\CBT-300 bootloader\System\SysBluetooth.c
                  BTState   0x000f26       data     extern C:\CBT\CBT-300 bootloader\System\SysBluetooth.c
           BTSystemConfig   0x000e11       data     extern C:\CBT\CBT-300 bootloader\Application\AppData.c
                  CCP1CON   0x000fbd       data     extern C:\MCC18\src\extended\proc\p18f67j10.asm
              CCP1CONbits   0x000fbd       data     extern C:\MCC18\src\extended\proc\p18f67j10.asm
                  CCP2CON   0x000fba       data     extern C:\MCC18\src\extended\proc\p18f67j10.asm
              CCP2CONbits   0x000fba       data     extern C:\MCC18\src\extended\proc\p18f67j10.asm
                  CCP3CON   0x000fb7       data     extern C:\MCC18\src\extended\proc\p18f67j10.asm
              CCP3CONbits   0x000fb7       data     extern C:\MCC18\src\extended\proc\p18f67j10.asm
                  CCP4CON   0x000f73       data     extern C:\MCC18\src\extended\proc\p18f67j10.asm
              CCP4CONbits   0x000f73       data     extern C:\MCC18\src\extended\proc\p18f67j10.asm
                  CCP5CON   0x000f70       data     extern C:\MCC18\src\extended\proc\p18f67j10.asm
              CCP5CONbits   0x000f70       data     extern C:\MCC18\src\extended\proc\p18f67j10.asm
                    CCPR1   0x000fbe       data     extern C:\MCC18\src\extended\proc\p18f67j10.asm
                   CCPR1H   0x000fbf       data     extern C:\MCC18\src\extended\proc\p18f67j10.asm
                   CCPR1L   0x000fbe       data     extern C:\MCC18\src\extended\proc\p18f67j10.asm
                    CCPR2   0x000fbb       data     extern C:\MCC18\src\extended\proc\p18f67j10.asm
                   CCPR2H   0x000fbc       data     extern C:\MCC18\src\extended\proc\p18f67j10.asm
                   CCPR2L   0x000fbb       data     extern C:\MCC18\src\extended\proc\p18f67j10.asm
                    CCPR3   0x000fb8       data     extern C:\MCC18\src\extended\proc\p18f67j10.asm
                   CCPR3H   0x000fb9       data     extern C:\MCC18\src\extended\proc\p18f67j10.asm
                   CCPR3L   0x000fb8       data     extern C:\MCC18\src\extended\proc\p18f67j10.asm
                    CCPR4   0x000f74       data     extern C:\MCC18\src\extended\proc\p18f67j10.asm
                   CCPR4H   0x000f75       data     extern C:\MCC18\src\extended\proc\p18f67j10.asm
                   CCPR4L   0x000f74       data     extern C:\MCC18\src\extended\proc\p18f67j10.asm
                    CCPR5   0x000f71       data     extern C:\MCC18\src\extended\proc\p18f67j10.asm
                   CCPR5H   0x000f72       data     extern C:\MCC18\src\extended\proc\p18f67j10.asm
                   CCPR5L   0x000f71       data     extern C:\MCC18\src\extended\proc\p18f67j10.asm
                    CMCON   0x000fb4       data     extern C:\MCC18\src\extended\proc\p18f67j10.asm
                CMCONbits   0x000fb4       data     extern C:\MCC18\src\extended\proc\p18f67j10.asm
                   CVRCON   0x000fb5       data     extern C:\MCC18\src\extended\proc\p18f67j10.asm
               CVRCONbits   0x000fb5       data     extern C:\MCC18\src\extended\proc\p18f67j10.asm
                  CodeBuf   0x000000       data     extern C:\CBT\CBT-300 bootloader\Application\BootLoad.c
               ConfigData   0x000a00       data     extern C:\CBT\CBT-300 bootloader\Application\AppData.c
        ConnectionCounter   0x000a03       data     extern C:\CBT\CBT-300 bootloader\Application\AppData.c
           ConnectionFlag   0x000a02       data     extern C:\CBT\CBT-300 bootloader\Application\AppData.c
                     DDRA   0x000f92       data     extern C:\MCC18\src\extended\proc\p18f67j10.asm
                 DDRAbits   0x000f92       data     extern C:\MCC18\src\extended\proc\p18f67j10.asm
                     DDRB   0x000f93       data     extern C:\MCC18\src\extended\proc\p18f67j10.asm
                 DDRBbits   0x000f93       data     extern C:\MCC18\src\extended\proc\p18f67j10.asm
                     DDRC   0x000f94       data     extern C:\MCC18\src\extended\proc\p18f67j10.asm
                 DDRCbits   0x000f94       data     extern C:\MCC18\src\extended\proc\p18f67j10.asm
                     DDRD   0x000f95       data     extern C:\MCC18\src\extended\proc\p18f67j10.asm
                 DDRDbits   0x000f95       data     extern C:\MCC18\src\extended\proc\p18f67j10.asm
                     DDRE   0x000f96       data     extern C:\MCC18\src\extended\proc\p18f67j10.asm
                 DDREbits   0x000f96       data     extern C:\MCC18\src\extended\proc\p18f67j10.asm
                     DDRF   0x000f97       data     extern C:\MCC18\src\extended\proc\p18f67j10.asm
                 DDRFbits   0x000f97       data     extern C:\MCC18\src\extended\proc\p18f67j10.asm
                     DDRG   0x000f98       data     extern C:\MCC18\src\extended\proc\p18f67j10.asm
                 DDRGbits   0x000f98       data     extern C:\MCC18\src\extended\proc\p18f67j10.asm
            DisplayBuffer   0x000042       data     extern C:\CBT\CBT-300 bootloader\Application\BootLoad.c
                  ECCP1AS   0x000fb6       data     extern C:\MCC18\src\extended\proc\p18f67j10.asm
              ECCP1ASbits   0x000fb6       data     extern C:\MCC18\src\extended\proc\p18f67j10.asm
                 ECCP1CON   0x000fbd       data     extern C:\MCC18\src\extended\proc\p18f67j10.asm
             ECCP1CONbits   0x000fbd       data     extern C:\MCC18\src\extended\proc\p18f67j10.asm
                 ECCP1DEL   0x000f79       data     extern C:\MCC18\src\extended\proc\p18f67j10.asm
             ECCP1DELbits   0x000f79       data     extern C:\MCC18\src\extended\proc\p18f67j10.asm
                  ECCP2AS   0x000f68       data     extern C:\MCC18\src\extended\proc\p18f67j10.asm
              ECCP2ASbits   0x000f68       data     extern C:\MCC18\src\extended\proc\p18f67j10.asm
                 ECCP2CON   0x000fba       data     extern C:\MCC18\src\extended\proc\p18f67j10.asm
             ECCP2CONbits   0x000fba       data     extern C:\MCC18\src\extended\proc\p18f67j10.asm
                 ECCP2DEL   0x000f67       data     extern C:\MCC18\src\extended\proc\p18f67j10.asm
             ECCP2DELbits   0x000f67       data     extern C:\MCC18\src\extended\proc\p18f67j10.asm
                  ECCP3AS   0x000f6a       data     extern C:\MCC18\src\extended\proc\p18f67j10.asm
              ECCP3ASbits   0x000f6a       data     extern C:\MCC18\src\extended\proc\p18f67j10.asm
                 ECCP3CON   0x000fb7       data     extern C:\MCC18\src\extended\proc\p18f67j10.asm
             ECCP3CONbits   0x000fb7       data     extern C:\MCC18\src\extended\proc\p18f67j10.asm
                 ECCP3DEL   0x000f69       data     extern C:\MCC18\src\extended\proc\p18f67j10.asm
             ECCP3DELbits   0x000f69       data     extern C:\MCC18\src\extended\proc\p18f67j10.asm
                   EECON1   0x000fa6       data     extern C:\MCC18\src\extended\proc\p18f67j10.asm
               EECON1bits   0x000fa6       data     extern C:\MCC18\src\extended\proc\p18f67j10.asm
                   EECON2   0x000fa7       data     extern C:\MCC18\src\extended\proc\p18f67j10.asm
                     FSR0   0x000fe9       data     extern C:\MCC18\src\extended\proc\p18f67j10.asm
                    FSR0H   0x000fea       data     extern C:\MCC18\src\extended\proc\p18f67j10.asm
                    FSR0L   0x000fe9       data     extern C:\MCC18\src\extended\proc\p18f67j10.asm
                     FSR1   0x000fe1       data     extern C:\MCC18\src\extended\proc\p18f67j10.asm
                    FSR1H   0x000fe2       data     extern C:\MCC18\src\extended\proc\p18f67j10.asm
                    FSR1L   0x000fe1       data     extern C:\MCC18\src\extended\proc\p18f67j10.asm
                     FSR2   0x000fd9       data     extern C:\MCC18\src\extended\proc\p18f67j10.asm
                    FSR2H   0x000fda       data     extern C:\MCC18\src\extended\proc\p18f67j10.asm
                    FSR2L   0x000fd9       data     extern C:\MCC18\src\extended\proc\p18f67j10.asm
                    INDF0   0x000fef       data     extern C:\MCC18\src\extended\proc\p18f67j10.asm
                    INDF1   0x000fe7       data     extern C:\MCC18\src\extended\proc\p18f67j10.asm
                    INDF2   0x000fdf       data     extern C:\MCC18\src\extended\proc\p18f67j10.asm
                   INTCON   0x000ff2       data     extern C:\MCC18\src\extended\proc\p18f67j10.asm
                  INTCON2   0x000ff1       data     extern C:\MCC18\src\extended\proc\p18f67j10.asm
              INTCON2bits   0x000ff1       data     extern C:\MCC18\src\extended\proc\p18f67j10.asm
                  INTCON3   0x000ff0       data     extern C:\MCC18\src\extended\proc\p18f67j10.asm
              INTCON3bits   0x000ff0       data     extern C:\MCC18\src\extended\proc\p18f67j10.asm
               INTCONbits   0x000ff2       data     extern C:\MCC18\src\extended\proc\p18f67j10.asm
                     IPR1   0x000f9f       data     extern C:\MCC18\src\extended\proc\p18f67j10.asm
                 IPR1bits   0x000f9f       data     extern C:\MCC18\src\extended\proc\p18f67j10.asm
                     IPR2   0x000fa2       data     extern C:\MCC18\src\extended\proc\p18f67j10.asm
                 IPR2bits   0x000fa2       data     extern C:\MCC18\src\extended\proc\p18f67j10.asm
                     IPR3   0x000fa5       data     extern C:\MCC18\src\extended\proc\p18f67j10.asm
                 IPR3bits   0x000fa5       data     extern C:\MCC18\src\extended\proc\p18f67j10.asm
              IsrFunction   0x000f59       data     extern C:\CBT\CBT-300 bootloader\Drivers\DrvTimer_18F67J10.c
               KeyBounced   0x000e0b       data     extern C:\CBT\CBT-300 bootloader\Drivers\DrvKey.c
               KeyCounter   0x000e0c       data     extern C:\CBT\CBT-300 bootloader\Drivers\DrvKey.c
       KeyDebounceCounter   0x000e0f       data     extern C:\CBT\CBT-300 bootloader\Drivers\DrvKey.c
             KeyDebounced   0x000e0a       data     extern C:\CBT\CBT-300 bootloader\Drivers\DrvKey.c
                   KeyPad   0x000e10       data     extern C:\CBT\CBT-300 bootloader\Drivers\DrvKey.c
                     LATA   0x000f89       data     extern C:\MCC18\src\extended\proc\p18f67j10.asm
                 LATAbits   0x000f89       data     extern C:\MCC18\src\extended\proc\p18f67j10.asm
                     LATB   0x000f8a       data     extern C:\MCC18\src\extended\proc\p18f67j10.asm
                 LATBbits   0x000f8a       data     extern C:\MCC18\src\extended\proc\p18f67j10.asm
                     LATC   0x000f8b       data     extern C:\MCC18\src\extended\proc\p18f67j10.asm
                 LATCbits   0x000f8b       data     extern C:\MCC18\src\extended\proc\p18f67j10.asm
                     LATD   0x000f8c       data     extern C:\MCC18\src\extended\proc\p18f67j10.asm
                 LATDbits   0x000f8c       data     extern C:\MCC18\src\extended\proc\p18f67j10.asm
                     LATE   0x000f8d       data     extern C:\MCC18\src\extended\proc\p18f67j10.asm
                 LATEbits   0x000f8d       data     extern C:\MCC18\src\extended\proc\p18f67j10.asm
                     LATF   0x000f8e       data     extern C:\MCC18\src\extended\proc\p18f67j10.asm
                 LATFbits   0x000f8e       data     extern C:\MCC18\src\extended\proc\p18f67j10.asm
                     LATG   0x000f8f       data     extern C:\MCC18\src\extended\proc\p18f67j10.asm
                 LATGbits   0x000f8f       data     extern C:\MCC18\src\extended\proc\p18f67j10.asm
          LastKeysPressed   0x000e0e       data     extern C:\CBT\CBT-300 bootloader\Drivers\DrvKey.c
       MXTUpdateTestState   0x000bff       data     extern C:\CBT\CBT-300 bootloader\Application\BootLoad.c
                   OSCCON   0x000fd3       data     extern C:\MCC18\src\extended\proc\p18f67j10.asm
               OSCCONbits   0x000fd3       data     extern C:\MCC18\src\extended\proc\p18f67j10.asm
                  OSCTUNE   0x000f9b       data     extern C:\MCC18\src\extended\proc\p18f67j10.asm
              OSCTUNEbits   0x000f9b       data     extern C:\MCC18\src\extended\proc\p18f67j10.asm
                       PC   0x000ff9       data     extern C:\MCC18\src\extended\proc\p18f67j10.asm
                      PCL   0x000ff9       data     extern C:\MCC18\src\extended\proc\p18f67j10.asm
                   PCLATH   0x000ffa       data     extern C:\MCC18\src\extended\proc\p18f67j10.asm
                   PCLATU   0x000ffb       data     extern C:\MCC18\src\extended\proc\p18f67j10.asm
                     PIE1   0x000f9d       data     extern C:\MCC18\src\extended\proc\p18f67j10.asm
                 PIE1bits   0x000f9d       data     extern C:\MCC18\src\extended\proc\p18f67j10.asm
                     PIE2   0x000fa0       data     extern C:\MCC18\src\extended\proc\p18f67j10.asm
                 PIE2bits   0x000fa0       data     extern C:\MCC18\src\extended\proc\p18f67j10.asm
                     PIE3   0x000fa3       data     extern C:\MCC18\src\extended\proc\p18f67j10.asm
                 PIE3bits   0x000fa3       data     extern C:\MCC18\src\extended\proc\p18f67j10.asm
                     PIR1   0x000f9e       data     extern C:\MCC18\src\extended\proc\p18f67j10.asm
                 PIR1bits   0x000f9e       data     extern C:\MCC18\src\extended\proc\p18f67j10.asm
                     PIR2   0x000fa1       data     extern C:\MCC18\src\extended\proc\p18f67j10.asm
                 PIR2bits   0x000fa1       data     extern C:\MCC18\src\extended\proc\p18f67j10.asm
                     PIR3   0x000fa4       data     extern C:\MCC18\src\extended\proc\p18f67j10.asm
                 PIR3bits   0x000fa4       data     extern C:\MCC18\src\extended\proc\p18f67j10.asm
                   PLUSW0   0x000feb       data     extern C:\MCC18\src\extended\proc\p18f67j10.asm
                   PLUSW1   0x000fe3       data     extern C:\MCC18\src\extended\proc\p18f67j10.asm
                   PLUSW2   0x000fdb       data     extern C:\MCC18\src\extended\proc\p18f67j10.asm
                    PORTA   0x000f80       data     extern C:\MCC18\src\extended\proc\p18f67j10.asm
                PORTAbits   0x000f80       data     extern C:\MCC18\src\extended\proc\p18f67j10.asm
                    PORTB   0x000f81       data     extern C:\MCC18\src\extended\proc\p18f67j10.asm
                PORTBbits   0x000f81       data     extern C:\MCC18\src\extended\proc\p18f67j10.asm
                    PORTC   0x000f82       data     extern C:\MCC18\src\extended\proc\p18f67j10.asm
                PORTCbits   0x000f82       data     extern C:\MCC18\src\extended\proc\p18f67j10.asm
                    PORTD   0x000f83       data     extern C:\MCC18\src\extended\proc\p18f67j10.asm
                PORTDbits   0x000f83       data     extern C:\MCC18\src\extended\proc\p18f67j10.asm
                    PORTE   0x000f84       data     extern C:\MCC18\src\extended\proc\p18f67j10.asm
                PORTEbits   0x000f84       data     extern C:\MCC18\src\extended\proc\p18f67j10.asm
                    PORTF   0x000f85       data     extern C:\MCC18\src\extended\proc\p18f67j10.asm
                PORTFbits   0x000f85       data     extern C:\MCC18\src\extended\proc\p18f67j10.asm
                    PORTG   0x000f86       data     extern C:\MCC18\src\extended\proc\p18f67j10.asm
                PORTGbits   0x000f86       data     extern C:\MCC18\src\extended\proc\p18f67j10.asm
                 POSTDEC0   0x000fed       data     extern C:\MCC18\src\extended\proc\p18f67j10.asm
                 POSTDEC1   0x000fe5       data     extern C:\MCC18\src\extended\proc\p18f67j10.asm
                 POSTDEC2   0x000fdd       data     extern C:\MCC18\src\extended\proc\p18f67j10.asm
                 POSTINC0   0x000fee       data     extern C:\MCC18\src\extended\proc\p18f67j10.asm
                 POSTINC1   0x000fe6       data     extern C:\MCC18\src\extended\proc\p18f67j10.asm
                 POSTINC2   0x000fde       data     extern C:\MCC18\src\extended\proc\p18f67j10.asm
                      PR2   0x000fcb       data     extern C:\MCC18\src\extended\proc\p18f67j10.asm
                      PR4   0x000f77       data     extern C:\MCC18\src\extended\proc\p18f67j10.asm
                  PREINC0   0x000fec       data     extern C:\MCC18\src\extended\proc\p18f67j10.asm
                  PREINC1   0x000fe4       data     extern C:\MCC18\src\extended\proc\p18f67j10.asm
                  PREINC2   0x000fdc       data     extern C:\MCC18\src\extended\proc\p18f67j10.asm
                     PROD   0x000ff3       data     extern C:\MCC18\src\extended\proc\p18f67j10.asm
                    PRODH   0x000ff4       data     extern C:\MCC18\src\extended\proc\p18f67j10.asm
                    PRODL   0x000ff3       data     extern C:\MCC18\src\extended\proc\p18f67j10.asm
                   PSPCON   0x000fb0       data     extern C:\MCC18\src\extended\proc\p18f67j10.asm
               PSPCONbits   0x000fb0       data     extern C:\MCC18\src\extended\proc\p18f67j10.asm
                     RCON   0x000fd0       data     extern C:\MCC18\src\extended\proc\p18f67j10.asm
                 RCONbits   0x000fd0       data     extern C:\MCC18\src\extended\proc\p18f67j10.asm
                    RCREG   0x000fae       data     extern C:\MCC18\src\extended\proc\p18f67j10.asm
                   RCREG1   0x000fae       data     extern C:\MCC18\src\extended\proc\p18f67j10.asm
                   RCREG2   0x000f6e       data     extern C:\MCC18\src\extended\proc\p18f67j10.asm
                    RCSTA   0x000fab       data     extern C:\MCC18\src\extended\proc\p18f67j10.asm
                   RCSTA1   0x000fab       data     extern C:\MCC18\src\extended\proc\p18f67j10.asm
               RCSTA1bits   0x000fab       data     extern C:\MCC18\src\extended\proc\p18f67j10.asm
                   RCSTA2   0x000f6b       data     extern C:\MCC18\src\extended\proc\p18f67j10.asm
               RCSTA2bits   0x000f6b       data     extern C:\MCC18\src\extended\proc\p18f67j10.asm
                RCSTAbits   0x000fab       data     extern C:\MCC18\src\extended\proc\p18f67j10.asm
         REMOTE_BDADDRESS   0x000f06       data     extern C:\CBT\CBT-300 bootloader\System\SysBluetooth.c
  REMOTE_BDADDRESS_Paried   0x000f0c       data     extern C:\CBT\CBT-300 bootloader\System\SysBluetooth.c
          REMOTE_LINK_KEY   0x000f15       data     extern C:\CBT\CBT-300 bootloader\System\SysBluetooth.c
                    SPBRG   0x000faf       data     extern C:\MCC18\src\extended\proc\p18f67j10.asm
                   SPBRG1   0x000faf       data     extern C:\MCC18\src\extended\proc\p18f67j10.asm
                   SPBRG2   0x000f6f       data     extern C:\MCC18\src\extended\proc\p18f67j10.asm
                  SPBRGH1   0x000f7f       data     extern C:\MCC18\src\extended\proc\p18f67j10.asm
                  SPBRGH2   0x000f7d       data     extern C:\MCC18\src\extended\proc\p18f67j10.asm
                  SSP1ADD   0x000fc8       data     extern C:\MCC18\src\extended\proc\p18f67j10.asm
                  SSP1BUF   0x000fc9       data     extern C:\MCC18\src\extended\proc\p18f67j10.asm
                 SSP1CON1   0x000fc6       data     extern C:\MCC18\src\extended\proc\p18f67j10.asm
             SSP1CON1bits   0x000fc6       data     extern C:\MCC18\src\extended\proc\p18f67j10.asm
                 SSP1CON2   0x000fc5       data     extern C:\MCC18\src\extended\proc\p18f67j10.asm
             SSP1CON2bits   0x000fc5       data     extern C:\MCC18\src\extended\proc\p18f67j10.asm
                 SSP1STAT   0x000fc7       data     extern C:\MCC18\src\extended\proc\p18f67j10.asm
             SSP1STATbits   0x000fc7       data     extern C:\MCC18\src\extended\proc\p18f67j10.asm
                  SSP2ADD   0x000f65       data     extern C:\MCC18\src\extended\proc\p18f67j10.asm
                  SSP2BUF   0x000f66       data     extern C:\MCC18\src\extended\proc\p18f67j10.asm
                 SSP2CON1   0x000f63       data     extern C:\MCC18\src\extended\proc\p18f67j10.asm
             SSP2CON1bits   0x000f63       data     extern C:\MCC18\src\extended\proc\p18f67j10.asm
                 SSP2CON2   0x000f62       data     extern C:\MCC18\src\extended\proc\p18f67j10.asm
             SSP2CON2bits   0x000f62       data     extern C:\MCC18\src\extended\proc\p18f67j10.asm
                 SSP2STAT   0x000f64       data     extern C:\MCC18\src\extended\proc\p18f67j10.asm
             SSP2STATbits   0x000f64       data     extern C:\MCC18\src\extended\proc\p18f67j10.asm
                   SSPADD   0x000fc8       data     extern C:\MCC18\src\extended\proc\p18f67j10.asm
                   SSPBUF   0x000fc9       data     extern C:\MCC18\src\extended\proc\p18f67j10.asm
                  SSPCON1   0x000fc6       data     extern C:\MCC18\src\extended\proc\p18f67j10.asm
              SSPCON1bits   0x000fc6       data     extern C:\MCC18\src\extended\proc\p18f67j10.asm
                  SSPCON2   0x000fc5       data     extern C:\MCC18\src\extended\proc\p18f67j10.asm
              SSPCON2bits   0x000fc5       data     extern C:\MCC18\src\extended\proc\p18f67j10.asm
                  SSPSTAT   0x000fc7       data     extern C:\MCC18\src\extended\proc\p18f67j10.asm
              SSPSTATbits   0x000fc7       data     extern C:\MCC18\src\extended\proc\p18f67j10.asm
                   STATUS   0x000fd8       data     extern C:\MCC18\src\extended\proc\p18f67j10.asm
               STATUSbits   0x000fd8       data     extern C:\MCC18\src\extended\proc\p18f67j10.asm
                   STKPTR   0x000ffc       data     extern C:\MCC18\src\extended\proc\p18f67j10.asm
               STKPTRbits   0x000ffc       data     extern C:\MCC18\src\extended\proc\p18f67j10.asm
         SerialNumberData   0x000bce       data     extern C:\CBT\CBT-300 bootloader\System\SysBluetooth.c
     SerialPort2DrvBuffer   0x000a2c       data     extern C:\CBT\CBT-300 bootloader\Application\AppData.c
          SerialRxBuffer1   0x000a04       data     extern C:\CBT\CBT-300 bootloader\Application\AppData.c
          SerialRxBuffer2   0x000060       data     extern C:\CBT\CBT-300 bootloader\Application\AppBluetooth.c
                    T0CON   0x000fd5       data     extern C:\MCC18\src\extended\proc\p18f67j10.asm
                T0CONbits   0x000fd5       data     extern C:\MCC18\src\extended\proc\p18f67j10.asm
                    T1CON   0x000fcd       data     extern C:\MCC18\src\extended\proc\p18f67j10.asm
                T1CONbits   0x000fcd       data     extern C:\MCC18\src\extended\proc\p18f67j10.asm
                    T2CON   0x000fca       data     extern C:\MCC18\src\extended\proc\p18f67j10.asm
                T2CONbits   0x000fca       data     extern C:\MCC18\src\extended\proc\p18f67j10.asm
[...]
                     LATE   0x000f8d       data     extern C:\MCC18\src\extended\proc\p18f67j10.asm
                 LATEbits   0x000f8d       data     extern C:\MCC18\src\extended\proc\p18f67j10.asm
                     LATF   0x000f8e       data     extern C:\MCC18\src\extended\proc\p18f67j10.asm
                 LATFbits   0x000f8e       data     extern C:\MCC18\src\extended\proc\p18f67j10.asm
                 LATGbits   0x000f8f       data     extern C:\MCC18\src\extended\proc\p18f67j10.asm
                     LATG   0x000f8f       data     extern C:\MCC18\src\extended\proc\p18f67j10.asm
                    TRISA   0x000f92       data     extern C:\MCC18\src\extended\proc\p18f67j10.asm
                TRISAbits   0x000f92       data     extern C:\MCC18\src\extended\proc\p18f67j10.asm
                 DDRAbits   0x000f92       data     extern C:\MCC18\src\extended\proc\p18f67j10.asm
                     DDRA   0x000f92       data     extern C:\MCC18\src\extended\proc\p18f67j10.asm
                TRISBbits   0x000f93       data     extern C:\MCC18\src\extended\proc\p18f67j10.asm
                    TRISB   0x000f93       data     extern C:\MCC18\src\extended\proc\p18f67j10.asm
                     DDRB   0x000f93       data     extern C:\MCC18\src\extended\proc\p18f67j10.asm
                 DDRBbits   0x000f93       data     extern C:\MCC18\src\extended\proc\p18f67j10.asm
                     DDRC   0x000f94       data     extern C:\MCC18\src\extended\proc\p18f67j10.asm
                 DDRCbits   0x000f94       data     extern C:\MCC18\src\extended\proc\p18f67j10.asm
                TRISCbits   0x000f94       data     extern C:\MCC18\src\extended\proc\p18f67j10.asm
                    TRISC   0x000f94       data     extern C:\MCC18\src\extended\proc\p18f67j10.asm
                     DDRD   0x000f95       data     extern C:\MCC18\src\extended\proc\p18f67j10.asm
                TRISDbits   0x000f95       data     extern C:\MCC18\src\extended\proc\p18f67j10.asm
                    TRISD   0x000f95       data     extern C:\MCC18\src\extended\proc\p18f67j10.asm
                 DDRDbits   0x000f95       data     extern C:\MCC18\src\extended\proc\p18f67j10.asm
                 DDREbits   0x000f96       data     extern C:\MCC18\src\extended\proc\p18f67j10.asm
                     DDRE   0x000f96       data     extern C:\MCC18\src\extended\proc\p18f67j10.asm
                TRISEbits   0x000f96       data     extern C:\MCC18\src\extended\proc\p18f67j10.asm
                    TRISE   0x000f96       data     extern C:\MCC18\src\extended\proc\p18f67j10.asm
                 DDRFbits   0x000f97       data     extern C:\MCC18\src\extended\proc\p18f67j10.asm
                     DDRF   0x000f97       data     extern C:\MCC18\src\extended\proc\p18f67j10.asm
                TRISFbits   0x000f97       data     extern C:\MCC18\src\extended\proc\p18f67j10.asm
                    TRISF   0x000f97       data     extern C:\MCC18\src\extended\proc\p18f67j10.asm
                     DDRG   0x000f98       data     extern C:\MCC18\src\extended\proc\p18f67j10.asm
                 DDRGbits   0x000f98       data     extern C:\MCC18\src\extended\proc\p18f67j10.asm
                TRISGbits   0x000f98       data     extern C:\MCC18\src\extended\proc\p18f67j10.asm
                    TRISG   0x000f98       data     extern C:\MCC18\src\extended\proc\p18f67j10.asm
              OSCTUNEbits   0x000f9b       data     extern C:\MCC18\src\extended\proc\p18f67j10.asm
                  OSCTUNE   0x000f9b       data     extern C:\MCC18\src\extended\proc\p18f67j10.asm
                 PIE1bits   0x000f9d       data     extern C:\MCC18\src\extended\proc\p18f67j10.asm
                     PIE1   0x000f9d       data     extern C:\MCC18\src\extended\proc\p18f67j10.asm
                     PIR1   0x000f9e       data     extern C:\MCC18\src\extended\proc\p18f67j10.asm
                 PIR1bits   0x000f9e       data     extern C:\MCC18\src\extended\proc\p18f67j10.asm
                     IPR1   0x000f9f       data     extern C:\MCC18\src\extended\proc\p18f67j10.asm
                 IPR1bits   0x000f9f       data     extern C:\MCC18\src\extended\proc\p18f67j10.asm
                     PIE2   0x000fa0       data     extern C:\MCC18\src\extended\proc\p18f67j10.asm
                 PIE2bits   0x000fa0       data     extern C:\MCC18\src\extended\proc\p18f67j10.asm
                     PIR2   0x000fa1       data     extern C:\MCC18\src\extended\proc\p18f67j10.asm
                 PIR2bits   0x000fa1       data     extern C:\MCC18\src\extended\proc\p18f67j10.asm
                     IPR2   0x000fa2       data     extern C:\MCC18\src\extended\proc\p18f67j10.asm
                 IPR2bits   0x000fa2       data     extern C:\MCC18\src\extended\proc\p18f67j10.asm
                     PIE3   0x000fa3       data     extern C:\MCC18\src\extended\proc\p18f67j10.asm
                 PIE3bits   0x000fa3       data     extern C:\MCC18\src\extended\proc\p18f67j10.asm
                 PIR3bits   0x000fa4       data     extern C:\MCC18\src\extended\proc\p18f67j10.asm
                     PIR3   0x000fa4       data     extern C:\MCC18\src\extended\proc\p18f67j10.asm
                     IPR3   0x000fa5       data     extern C:\MCC18\src\extended\proc\p18f67j10.asm
                 IPR3bits   0x000fa5       data     extern C:\MCC18\src\extended\proc\p18f67j10.asm
                   EECON1   0x000fa6       data     extern C:\MCC18\src\extended\proc\p18f67j10.asm
               EECON1bits   0x000fa6       data     extern C:\MCC18\src\extended\proc\p18f67j10.asm
                   EECON2   0x000fa7       data     extern C:\MCC18\src\extended\proc\p18f67j10.asm
                RCSTAbits   0x000fab       data     extern C:\MCC18\src\extended\proc\p18f67j10.asm
                    RCSTA   0x000fab       data     extern C:\MCC18\src\extended\proc\p18f67j10.asm
                   RCSTA1   0x000fab       data     extern C:\MCC18\src\extended\proc\p18f67j10.asm
               RCSTA1bits   0x000fab       data     extern C:\MCC18\src\extended\proc\p18f67j10.asm
               TXSTA1bits   0x000fac       data     extern C:\MCC18\src\extended\proc\p18f67j10.asm
                TXSTAbits   0x000fac       data     extern C:\MCC18\src\extended\proc\p18f67j10.asm
                    TXSTA   0x000fac       data     extern C:\MCC18\src\extended\proc\p18f67j10.asm
                   TXSTA1   0x000fac       data     extern C:\MCC18\src\extended\proc\p18f67j10.asm
                    TXREG   0x000fad       data     extern C:\MCC18\src\extended\proc\p18f67j10.asm
                   TXREG1   0x000fad       data     extern C:\MCC18\src\extended\proc\p18f67j10.asm
                   RCREG1   0x000fae       data     extern C:\MCC18\src\extended\proc\p18f67j10.asm
                    RCREG   0x000fae       data     extern C:\MCC18\src\extended\proc\p18f67j10.asm
                    SPBRG   0x000faf       data     extern C:\MCC18\src\extended\proc\p18f67j10.asm
                   SPBRG1   0x000faf       data     extern C:\MCC18\src\extended\proc\p18f67j10.asm
               PSPCONbits   0x000fb0       data     extern C:\MCC18\src\extended\proc\p18f67j10.asm
                   PSPCON   0x000fb0       data     extern C:\MCC18\src\extended\proc\p18f67j10.asm
                T3CONbits   0x000fb1       data     extern C:\MCC18\src\extended\proc\p18f67j10.asm
                    T3CON   0x000fb1       data     extern C:\MCC18\src\extended\proc\p18f67j10.asm
                    TMR3L   0x000fb2       data     extern C:\MCC18\src\extended\proc\p18f67j10.asm
                    TMR3H   0x000fb3       data     extern C:\MCC18\src\extended\proc\p18f67j10.asm
                CMCONbits   0x000fb4       data     extern C:\MCC18\src\extended\proc\p18f67j10.asm
                    CMCON   0x000fb4       data     extern C:\MCC18\src\extended\proc\p18f67j10.asm
               CVRCONbits   0x000fb5       data     extern C:\MCC18\src\extended\proc\p18f67j10.asm
                   CVRCON   0x000fb5       data     extern C:\MCC18\src\extended\proc\p18f67j10.asm
                  ECCP1AS   0x000fb6       data     extern C:\MCC18\src\extended\proc\p18f67j10.asm
              ECCP1ASbits   0x000fb6       data     extern C:\MCC18\src\extended\proc\p18f67j10.asm
             ECCP3CONbits   0x000fb7       data     extern C:\MCC18\src\extended\proc\p18f67j10.asm
                 ECCP3CON   0x000fb7       data     extern C:\MCC18\src\extended\proc\p18f67j10.asm
                  CCP3CON   0x000fb7       data     extern C:\MCC18\src\extended\proc\p18f67j10.asm
              CCP3CONbits   0x000fb7       data     extern C:\MCC18\src\extended\proc\p18f67j10.asm
                    CCPR3   0x000fb8       data     extern C:\MCC18\src\extended\proc\p18f67j10.asm
                   CCPR3L   0x000fb8       data     extern C:\MCC18\src\extended\proc\p18f67j10.asm
                   CCPR3H   0x000fb9       data     extern C:\MCC18\src\extended\proc\p18f67j10.asm
              CCP2CONbits   0x000fba       data     extern C:\MCC18\src\extended\proc\p18f67j10.asm
                  CCP2CON   0x000fba       data     extern C:\MCC18\src\extended\proc\p18f67j10.asm
                 ECCP2CON   0x000fba       data     extern C:\MCC18\src\extended\proc\p18f67j10.asm
             ECCP2CONbits   0x000fba       data     extern C:\MCC18\src\extended\proc\p18f67j10.asm
                    CCPR2   0x000fbb       data     extern C:\MCC18\src\extended\proc\p18f67j10.asm
                   CCPR2L   0x000fbb       data     extern C:\MCC18\src\extended\proc\p18f67j10.asm
                   CCPR2H   0x000fbc       data     extern C:\MCC18\src\extended\proc\p18f67j10.asm
                 ECCP1CON   0x000fbd       data     extern C:\MCC18\src\extended\proc\p18f67j10.asm
             ECCP1CONbits   0x000fbd       data     extern C:\MCC18\src\extended\proc\p18f67j10.asm
                  CCP1CON   0x000fbd       data     extern C:\MCC18\src\extended\proc\p18f67j10.asm
              CCP1CONbits   0x000fbd       data     extern C:\MCC18\src\extended\proc\p18f67j10.asm
                    CCPR1   0x000fbe       data     extern C:\MCC18\src\extended\proc\p18f67j10.asm
                   CCPR1L   0x000fbe       data     extern C:\MCC18\src\extended\proc\p18f67j10.asm
                   CCPR1H   0x000fbf       data     extern C:\MCC18\src\extended\proc\p18f67j10.asm
                   ADCON2   0x000fc0       data     extern C:\MCC18\src\extended\proc\p18f67j10.asm
               ADCON2bits   0x000fc0       data     extern C:\MCC18\src\extended\proc\p18f67j10.asm
                   ADCON1   0x000fc1       data     extern C:\MCC18\src\extended\proc\p18f67j10.asm
               ADCON1bits   0x000fc1       data     extern C:\MCC18\src\extended\proc\p18f67j10.asm
               ADCON0bits   0x000fc2       data     extern C:\MCC18\src\extended\proc\p18f67j10.asm
                   ADCON0   0x000fc2       data     extern C:\MCC18\src\extended\proc\p18f67j10.asm
                    ADRES   0x000fc3       data     extern C:\MCC18\src\extended\proc\p18f67j10.asm
                   ADRESL   0x000fc3       data     extern C:\MCC18\src\extended\proc\p18f67j10.asm
                   ADRESH   0x000fc4       data     extern C:\MCC18\src\extended\proc\p18f67j10.asm
                 SSP1CON2   0x000fc5       data     extern C:\MCC18\src\extended\proc\p18f67j10.asm
             SSP1CON2bits   0x000fc5       data     extern C:\MCC18\src\extended\proc\p18f67j10.asm
              SSPCON2bits   0x000fc5       data     extern C:\MCC18\src\extended\proc\p18f67j10.asm
                  SSPCON2   0x000fc5       data     extern C:\MCC18\src\extended\proc\p18f67j10.asm
                 SSP1CON1   0x000fc6       data     extern C:\MCC18\src\extended\proc\p18f67j10.asm
             SSP1CON1bits   0x000fc6       data     extern C:\MCC18\src\extended\proc\p18f67j10.asm
              SSPCON1bits   0x000fc6       data     extern C:\MCC18\src\extended\proc\p18f67j10.asm
                  SSPCON1   0x000fc6       data     extern C:\MCC18\src\extended\proc\p18f67j10.asm
              SSPSTATbits   0x000fc7       data     extern C:\MCC18\src\extended\proc\p18f67j10.asm
                  SSPSTAT   0x000fc7       data     extern C:\MCC18\src\extended\proc\p18f67j10.asm
             SSP1STATbits   0x000fc7       data     extern C:\MCC18\src\extended\proc\p18f67j10.asm
                 SSP1STAT   0x000fc7       data     extern C:\MCC18\src\extended\proc\p18f67j10.asm
                   SSPADD   0x000fc8       data     extern C:\MCC18\src\extended\proc\p18f67j10.asm
                  SSP1ADD   0x000fc8       data     extern C:\MCC18\src\extended\proc\p18f67j10.asm
                   SSPBUF   0x000fc9       data     extern C:\MCC18\src\extended\proc\p18f67j10.asm
                  SSP1BUF   0x000fc9       data     extern C:\MCC18\src\extended\proc\p18f67j10.asm
                T2CONbits   0x000fca       data     extern C:\MCC18\src\extended\proc\p18f67j10.asm
                    T2CON   0x000fca       data     extern C:\MCC18\src\extended\proc\p18f67j10.asm
                      PR2   0x000fcb       data     extern C:\MCC18\src\extended\proc\p18f67j10.asm
                     TMR2   0x000fcc       data     extern C:\MCC18\src\extended\proc\p18f67j10.asm
                T1CONbits   0x000fcd       data     extern C:\MCC18\src\extended\proc\p18f67j10.asm
                    T1CON   0x000fcd       data     extern C:\MCC18\src\extended\proc\p18f67j10.asm
                    TMR1L   0x000fce       data     extern C:\MCC18\src\extended\proc\p18f67j10.asm
                    TMR1H   0x000fcf       data     extern C:\MCC18\src\extended\proc\p18f67j10.asm
                     RCON   0x000fd0       data     extern C:\MCC18\src\extended\proc\p18f67j10.asm
                 RCONbits   0x000fd0       data     extern C:\MCC18\src\extended\proc\p18f67j10.asm
               WDTCONbits   0x000fd1       data     extern C:\MCC18\src\extended\proc\p18f67j10.asm
                   WDTCON   0x000fd1       data     extern C:\MCC18\src\extended\proc\p18f67j10.asm
                   OSCCON   0x000fd3       data     extern C:\MCC18\src\extended\proc\p18f67j10.asm
               OSCCONbits   0x000fd3       data     extern C:\MCC18\src\extended\proc\p18f67j10.asm
                    T0CON   0x000fd5       data     extern C:\MCC18\src\extended\proc\p18f67j10.asm
                T0CONbits   0x000fd5       data     extern C:\MCC18\src\extended\proc\p18f67j10.asm
                    TMR0L   0x000fd6       data     extern C:\MCC18\src\extended\proc\p18f67j10.asm
                    TMR0H   0x000fd7       data     extern C:\MCC18\src\extended\proc\p18f67j10.asm
                   STATUS   0x000fd8       data     extern C:\MCC18\src\extended\proc\p18f67j10.asm
               STATUSbits   0x000fd8       data     extern C:\MCC18\src\extended\proc\p18f67j10.asm
                    FSR2L   0x000fd9       data     extern C:\MCC18\src\extended\proc\p18f67j10.asm
                     FSR2   0x000fd9       data     extern C:\MCC18\src\extended\proc\p18f67j10.asm
                    FSR2H   0x000fda       data     extern C:\MCC18\src\extended\proc\p18f67j10.asm
                   PLUSW2   0x000fdb       data     extern C:\MCC18\src\extended\proc\p18f67j10.asm
                  PREINC2   0x000fdc       data     extern C:\MCC18\src\extended\proc\p18f67j10.asm
                 POSTDEC2   0x000fdd       data     extern C:\MCC18\src\extended\proc\p18f67j10.asm
                 POSTINC2   0x000fde       data     extern C:\MCC18\src\extended\proc\p18f67j10.asm
                    INDF2   0x000fdf       data     extern C:\MCC18\src\extended\proc\p18f67j10.asm
                      BSR   0x000fe0       data     extern C:\MCC18\src\extended\proc\p18f67j10.asm
                    FSR1L   0x000fe1       data     extern C:\MCC18\src\extended\proc\p18f67j10.asm
                     FSR1   0x000fe1       data     extern C:\MCC18\src\extended\proc\p18f67j10.asm
                    FSR1H   0x000fe2       data     extern C:\MCC18\src\extended\proc\p18f67j10.asm
                   PLUSW1   0x000fe3       data     extern C:\MCC18\src\extended\proc\p18f67j10.asm
                  PREINC1   0x000fe4       data     extern C:\MCC18\src\extended\proc\p18f67j10.asm
                 POSTDEC1   0x000fe5       data     extern C:\MCC18\src\extended\proc\p18f67j10.asm
                 POSTINC1   0x000fe6       data     extern C:\MCC18\src\extended\proc\p18f67j10.asm
                    INDF1   0x000fe7       data     extern C:\MCC18\src\extended\proc\p18f67j10.asm
                     WREG   0x000fe8       data     extern C:\MCC18\src\extended\proc\p18f67j10.asm
                    FSR0L   0x000fe9       data     extern C:\MCC18\src\extended\proc\p18f67j10.asm
                     FSR0   0x000fe9       data     extern C:\MCC18\src\extended\proc\p18f67j10.asm
                    FSR0H   0x000fea       data     extern C:\MCC18\src\extended\proc\p18f67j10.asm
                   PLUSW0   0x000feb       data     extern C:\MCC18\src\extended\proc\p18f67j10.asm
                  PREINC0   0x000fec       data     extern C:\MCC18\src\extended\proc\p18f67j10.asm
                 POSTDEC0   0x000fed       data     extern C:\MCC18\src\extended\proc\p18f67j10.asm
                 POSTINC0   0x000fee       data     extern C:\MCC18\src\extended\proc\p18f67j10.asm
                    INDF0   0x000fef       data     extern C:\MCC18\src\extended\proc\p18f67j10.asm
              INTCON3bits   0x000ff0       data     extern C:\MCC18\src\extended\proc\p18f67j10.asm
                  INTCON3   0x000ff0       data     extern C:\MCC18\src\extended\proc\p18f67j10.asm
                  INTCON2   0x000ff1       data     extern C:\MCC18\src\extended\proc\p18f67j10.asm
              INTCON2bits   0x000ff1       data     extern C:\MCC18\src\extended\proc\p18f67j10.asm
                   INTCON   0x000ff2       data     extern C:\MCC18\src\extended\proc\p18f67j10.asm
               INTCONbits   0x000ff2       data     extern C:\MCC18\src\extended\proc\p18f67j10.asm
                     PROD   0x000ff3       data     extern C:\MCC18\src\extended\proc\p18f67j10.asm
                    PRODL   0x000ff3       data     extern C:\MCC18\src\extended\proc\p18f67j10.asm
                    PRODH   0x000ff4       data     extern C:\MCC18\src\extended\proc\p18f67j10.asm
                   TABLAT   0x000ff5       data     extern C:\MCC18\src\extended\proc\p18f67j10.asm
                   TBLPTR   0x000ff6       data     extern C:\MCC18\src\extended\proc\p18f67j10.asm
                  TBLPTRL   0x000ff6       data     extern C:\MCC18\src\extended\proc\p18f67j10.asm
                  TBLPTRH   0x000ff7       data     extern C:\MCC18\src\extended\proc\p18f67j10.asm
                  TBLPTRU   0x000ff8       data     extern C:\MCC18\src\extended\proc\p18f67j10.asm
                      PCL   0x000ff9       data     extern C:\MCC18\src\extended\proc\p18f67j10.asm
                       PC   0x000ff9       data     extern C:\MCC18\src\extended\proc\p18f67j10.asm
                   PCLATH   0x000ffa       data     extern C:\MCC18\src\extended\proc\p18f67j10.asm
                   PCLATU   0x000ffb       data     extern C:\MCC18\src\extended\proc\p18f67j10.asm
               STKPTRbits   0x000ffc       data     extern C:\MCC18\src\extended\proc\p18f67j10.asm
                   STKPTR   0x000ffc       data     extern C:\MCC18\src\extended\proc\p18f67j10.asm
                     TOSL   0x000ffd       data     extern C:\MCC18\src\extended\proc\p18f67j10.asm
                      TOS   0x000ffd       data     extern C:\MCC18\src\extended\proc\p18f67j10.asm
                     TOSH   0x000ffe       data     extern C:\MCC18\src\extended\proc\p18f67j10.asm
                     TOSU   0x000fff       data     extern C:\MCC18\src\extended\proc\p18f67j10.asm


